<!doctype html public "-//w3c//dtd html 4.0 transitional//en">
<html><head>
<title>Static Call Graph - [debug\e2cf_mcxe31.out]</title></head>
<body><HR>
<H1>Static Call Graph for image debug\e2cf_mcxe31.out</H1><HR>
<BR><P>#&#060CALLGRAPH&#062# ARM Linker, 6220000: Last Updated: Sun Jun 14 23:34:11 2026
<BR><P>
<H3>Maximum Stack Usage =       1464 bytes + Unknown(Functions without stacksize, Cycles, Untraceable Function Pointers)</H3><H3>
Call chain for Maximum Stack Depth:</H3>
main &rArr; BOARD_InitHardware &rArr; BOARD_InitFlexCANPins &rArr; SIUL2_PinInit &rArr; __aeabi_assert &rArr; DbgConsole_Printf &rArr; DbgConsole_Vprintf
<P>
<H3>
Functions with no stack information
</H3><UL>
 <LI><a href="#[15e]">memcpy</a>
</UL>
</UL>
<P>
<H3>
Mutually Recursive functions
</H3> <LI><a href="#[109]">ADC0_DriverIRQHandler</a>&nbsp;&nbsp;&nbsp;&rArr;&nbsp;&nbsp;&nbsp;<a href="#[109]">ADC0_DriverIRQHandler</a><BR>
 <LI><a href="#[4]">BusFault_Handler</a>&nbsp;&nbsp;&nbsp;&rArr;&nbsp;&nbsp;&nbsp;<a href="#[4]">BusFault_Handler</a><BR>
 <LI><a href="#[136]">CMU_FC_DriverIRQHandler</a>&nbsp;&nbsp;&nbsp;&rArr;&nbsp;&nbsp;&nbsp;<a href="#[136]">CMU_FC_DriverIRQHandler</a><BR>
 <LI><a href="#[7]">DebugMon_Handler</a>&nbsp;&nbsp;&nbsp;&rArr;&nbsp;&nbsp;&nbsp;<a href="#[7]">DebugMon_Handler</a><BR>
 <LI><a href="#[3]">MemManage_Handler</a>&nbsp;&nbsp;&nbsp;&rArr;&nbsp;&nbsp;&nbsp;<a href="#[3]">MemManage_Handler</a><BR>
 <LI><a href="#[1]">NMI_Handler</a>&nbsp;&nbsp;&nbsp;&rArr;&nbsp;&nbsp;&nbsp;<a href="#[1]">NMI_Handler</a><BR>
 <LI><a href="#[8]">PendSV_Handler</a>&nbsp;&nbsp;&nbsp;&rArr;&nbsp;&nbsp;&nbsp;<a href="#[8]">PendSV_Handler</a><BR>
 <LI><a href="#[6]">SVC_Handler</a>&nbsp;&nbsp;&nbsp;&rArr;&nbsp;&nbsp;&nbsp;<a href="#[6]">SVC_Handler</a><BR>
 <LI><a href="#[5]">UsageFault_Handler</a>&nbsp;&nbsp;&nbsp;&rArr;&nbsp;&nbsp;&nbsp;<a href="#[5]">UsageFault_Handler</a><BR>
</UL>
<P>
<H3>
Function Pointers
</H3><UL>
 <LI><a href="#[be]">ADC0_IRQHandler</a> from startup_mcxe31b.o(.text.ADC0_IRQHandler) referenced from startup_mcxe31b.o(.isr_vector)
 <LI><a href="#[bf]">ADC1_IRQHandler</a> from startup_mcxe31b.o(.text.ADC1_IRQHandler) referenced from startup_mcxe31b.o(.isr_vector)
 <LI><a href="#[c0]">ADC2_IRQHandler</a> from startup_mcxe31b.o(.text.ADC2_IRQHandler) referenced from startup_mcxe31b.o(.isr_vector)
 <LI><a href="#[e1]">AIPS_PLAT_CLK_FAIL_IRQHandler</a> from startup_mcxe31b.o(.text.AIPS_PLAT_CLK_FAIL_IRQHandler) referenced from startup_mcxe31b.o(.isr_vector)
 <LI><a href="#[61]">BCTU_IRQHandler</a> from startup_mcxe31b.o(.text.BCTU_IRQHandler) referenced from startup_mcxe31b.o(.isr_vector)
 <LI><a href="#[4]">BusFault_Handler</a> from startup_mcxe31b.o(.text.BusFault_Handler) referenced from startup_mcxe31b.o(.isr_vector)
 <LI><a href="#[c1]">CMP0_IRQHandler</a> from startup_mcxe31b.o(.text.CMP0_IRQHandler) referenced from startup_mcxe31b.o(.isr_vector)
 <LI><a href="#[c2]">CMP1_IRQHandler</a> from startup_mcxe31b.o(.text.CMP1_IRQHandler) referenced from startup_mcxe31b.o(.isr_vector)
 <LI><a href="#[c3]">CMP2_IRQHandler</a> from startup_mcxe31b.o(.text.CMP2_IRQHandler) referenced from startup_mcxe31b.o(.isr_vector)
 <LI><a href="#[5e]">CMU0_IRQHandler</a> from startup_mcxe31b.o(.text.CMU0_IRQHandler) referenced from startup_mcxe31b.o(.isr_vector)
 <LI><a href="#[5f]">CMU1_IRQHandler</a> from startup_mcxe31b.o(.text.CMU1_IRQHandler) referenced from startup_mcxe31b.o(.isr_vector)
 <LI><a href="#[60]">CMU2_IRQHandler</a> from startup_mcxe31b.o(.text.CMU2_IRQHandler) referenced from startup_mcxe31b.o(.isr_vector)
 <LI><a href="#[df]">CORE_CLK_FAIL_IRQHandler</a> from startup_mcxe31b.o(.text.CORE_CLK_FAIL_IRQHandler) referenced from startup_mcxe31b.o(.isr_vector)
 <LI><a href="#[37]">CTI_INT0_IRQHandler</a> from startup_mcxe31b.o(.text.CTI_INT0_IRQHandler) referenced from startup_mcxe31b.o(.isr_vector)
 <LI><a href="#[38]">CTI_INT1_IRQHandler</a> from startup_mcxe31b.o(.text.CTI_INT1_IRQHandler) referenced from startup_mcxe31b.o(.isr_vector)
 <LI><a href="#[e]">DMATCD0_IRQHandler</a> from startup_mcxe31b.o(.text.DMATCD0_IRQHandler) referenced from startup_mcxe31b.o(.isr_vector)
 <LI><a href="#[18]">DMATCD10_IRQHandler</a> from startup_mcxe31b.o(.text.DMATCD10_IRQHandler) referenced from startup_mcxe31b.o(.isr_vector)
 <LI><a href="#[19]">DMATCD11_IRQHandler</a> from startup_mcxe31b.o(.text.DMATCD11_IRQHandler) referenced from startup_mcxe31b.o(.isr_vector)
 <LI><a href="#[1a]">DMATCD12_IRQHandler</a> from startup_mcxe31b.o(.text.DMATCD12_IRQHandler) referenced from startup_mcxe31b.o(.isr_vector)
 <LI><a href="#[1b]">DMATCD13_IRQHandler</a> from startup_mcxe31b.o(.text.DMATCD13_IRQHandler) referenced from startup_mcxe31b.o(.isr_vector)
 <LI><a href="#[1c]">DMATCD14_IRQHandler</a> from startup_mcxe31b.o(.text.DMATCD14_IRQHandler) referenced from startup_mcxe31b.o(.isr_vector)
 <LI><a href="#[1d]">DMATCD15_IRQHandler</a> from startup_mcxe31b.o(.text.DMATCD15_IRQHandler) referenced from startup_mcxe31b.o(.isr_vector)
 <LI><a href="#[1e]">DMATCD16_IRQHandler</a> from startup_mcxe31b.o(.text.DMATCD16_IRQHandler) referenced from startup_mcxe31b.o(.isr_vector)
 <LI><a href="#[1f]">DMATCD17_IRQHandler</a> from startup_mcxe31b.o(.text.DMATCD17_IRQHandler) referenced from startup_mcxe31b.o(.isr_vector)
 <LI><a href="#[20]">DMATCD18_IRQHandler</a> from startup_mcxe31b.o(.text.DMATCD18_IRQHandler) referenced from startup_mcxe31b.o(.isr_vector)
 <LI><a href="#[21]">DMATCD19_IRQHandler</a> from startup_mcxe31b.o(.text.DMATCD19_IRQHandler) referenced from startup_mcxe31b.o(.isr_vector)
 <LI><a href="#[f]">DMATCD1_IRQHandler</a> from startup_mcxe31b.o(.text.DMATCD1_IRQHandler) referenced from startup_mcxe31b.o(.isr_vector)
 <LI><a href="#[22]">DMATCD20_IRQHandler</a> from startup_mcxe31b.o(.text.DMATCD20_IRQHandler) referenced from startup_mcxe31b.o(.isr_vector)
 <LI><a href="#[23]">DMATCD21_IRQHandler</a> from startup_mcxe31b.o(.text.DMATCD21_IRQHandler) referenced from startup_mcxe31b.o(.isr_vector)
 <LI><a href="#[24]">DMATCD22_IRQHandler</a> from startup_mcxe31b.o(.text.DMATCD22_IRQHandler) referenced from startup_mcxe31b.o(.isr_vector)
 <LI><a href="#[25]">DMATCD23_IRQHandler</a> from startup_mcxe31b.o(.text.DMATCD23_IRQHandler) referenced from startup_mcxe31b.o(.isr_vector)
 <LI><a href="#[26]">DMATCD24_IRQHandler</a> from startup_mcxe31b.o(.text.DMATCD24_IRQHandler) referenced from startup_mcxe31b.o(.isr_vector)
 <LI><a href="#[27]">DMATCD25_IRQHandler</a> from startup_mcxe31b.o(.text.DMATCD25_IRQHandler) referenced from startup_mcxe31b.o(.isr_vector)
 <LI><a href="#[28]">DMATCD26_IRQHandler</a> from startup_mcxe31b.o(.text.DMATCD26_IRQHandler) referenced from startup_mcxe31b.o(.isr_vector)
 <LI><a href="#[29]">DMATCD27_IRQHandler</a> from startup_mcxe31b.o(.text.DMATCD27_IRQHandler) referenced from startup_mcxe31b.o(.isr_vector)
 <LI><a href="#[2a]">DMATCD28_IRQHandler</a> from startup_mcxe31b.o(.text.DMATCD28_IRQHandler) referenced from startup_mcxe31b.o(.isr_vector)
 <LI><a href="#[2b]">DMATCD29_IRQHandler</a> from startup_mcxe31b.o(.text.DMATCD29_IRQHandler) referenced from startup_mcxe31b.o(.isr_vector)
 <LI><a href="#[10]">DMATCD2_IRQHandler</a> from startup_mcxe31b.o(.text.DMATCD2_IRQHandler) referenced from startup_mcxe31b.o(.isr_vector)
 <LI><a href="#[2c]">DMATCD30_IRQHandler</a> from startup_mcxe31b.o(.text.DMATCD30_IRQHandler) referenced from startup_mcxe31b.o(.isr_vector)
 <LI><a href="#[2d]">DMATCD31_IRQHandler</a> from startup_mcxe31b.o(.text.DMATCD31_IRQHandler) referenced from startup_mcxe31b.o(.isr_vector)
 <LI><a href="#[11]">DMATCD3_IRQHandler</a> from startup_mcxe31b.o(.text.DMATCD3_IRQHandler) referenced from startup_mcxe31b.o(.isr_vector)
 <LI><a href="#[12]">DMATCD4_IRQHandler</a> from startup_mcxe31b.o(.text.DMATCD4_IRQHandler) referenced from startup_mcxe31b.o(.isr_vector)
 <LI><a href="#[13]">DMATCD5_IRQHandler</a> from startup_mcxe31b.o(.text.DMATCD5_IRQHandler) referenced from startup_mcxe31b.o(.isr_vector)
 <LI><a href="#[14]">DMATCD6_IRQHandler</a> from startup_mcxe31b.o(.text.DMATCD6_IRQHandler) referenced from startup_mcxe31b.o(.isr_vector)
 <LI><a href="#[15]">DMATCD7_IRQHandler</a> from startup_mcxe31b.o(.text.DMATCD7_IRQHandler) referenced from startup_mcxe31b.o(.isr_vector)
 <LI><a href="#[16]">DMATCD8_IRQHandler</a> from startup_mcxe31b.o(.text.DMATCD8_IRQHandler) referenced from startup_mcxe31b.o(.isr_vector)
 <LI><a href="#[17]">DMATCD9_IRQHandler</a> from startup_mcxe31b.o(.text.DMATCD9_IRQHandler) referenced from startup_mcxe31b.o(.isr_vector)
 <LI><a href="#[7]">DebugMon_Handler</a> from startup_mcxe31b.o(.text.DebugMon_Handler) referenced from startup_mcxe31b.o(.isr_vector)
 <LI><a href="#[f7]">DefaultISR</a> from startup_mcxe31b.o(.text.DefaultISR) referenced 5 times from fsl_flexcan.o(.data..L_MergedGlobals)
 <LI><a href="#[f7]">DefaultISR</a> from startup_mcxe31b.o(.text.DefaultISR) referenced 16 times from fsl_lpuart.o(.data.s_lpuartIsr)
 <LI><a href="#[73]">EMAC_0_IRQHandler</a> from startup_mcxe31b.o(.text.EMAC_0_IRQHandler) referenced from startup_mcxe31b.o(.isr_vector)
 <LI><a href="#[74]">EMAC_1_IRQHandler</a> from startup_mcxe31b.o(.text.EMAC_1_IRQHandler) referenced from startup_mcxe31b.o(.isr_vector)
 <LI><a href="#[75]">EMAC_2_IRQHandler</a> from startup_mcxe31b.o(.text.EMAC_2_IRQHandler) referenced from startup_mcxe31b.o(.isr_vector)
 <LI><a href="#[76]">EMAC_3_IRQHandler</a> from startup_mcxe31b.o(.text.EMAC_3_IRQHandler) referenced from startup_mcxe31b.o(.isr_vector)
 <LI><a href="#[47]">EMIOS0_2_IRQHandler</a> from startup_mcxe31b.o(.text.EMIOS0_2_IRQHandler) referenced from startup_mcxe31b.o(.isr_vector)
 <LI><a href="#[48]">EMIOS0_3_IRQHandler</a> from startup_mcxe31b.o(.text.EMIOS0_3_IRQHandler) referenced from startup_mcxe31b.o(.isr_vector)
 <LI><a href="#[49]">EMIOS0_4_IRQHandler</a> from startup_mcxe31b.o(.text.EMIOS0_4_IRQHandler) referenced from startup_mcxe31b.o(.isr_vector)
 <LI><a href="#[4a]">EMIOS0_5_IRQHandler</a> from startup_mcxe31b.o(.text.EMIOS0_5_IRQHandler) referenced from startup_mcxe31b.o(.isr_vector)
 <LI><a href="#[4b]">EMIOS0_6_IRQHandler</a> from startup_mcxe31b.o(.text.EMIOS0_6_IRQHandler) referenced from startup_mcxe31b.o(.isr_vector)
 <LI><a href="#[4c]">EMIOS0_7_IRQHandler</a> from startup_mcxe31b.o(.text.EMIOS0_7_IRQHandler) referenced from startup_mcxe31b.o(.isr_vector)
 <LI><a href="#[4f]">EMIOS1_2_IRQHandler</a> from startup_mcxe31b.o(.text.EMIOS1_2_IRQHandler) referenced from startup_mcxe31b.o(.isr_vector)
 <LI><a href="#[50]">EMIOS1_3_IRQHandler</a> from startup_mcxe31b.o(.text.EMIOS1_3_IRQHandler) referenced from startup_mcxe31b.o(.isr_vector)
 <LI><a href="#[51]">EMIOS1_4_IRQHandler</a> from startup_mcxe31b.o(.text.EMIOS1_4_IRQHandler) referenced from startup_mcxe31b.o(.isr_vector)
 <LI><a href="#[52]">EMIOS1_5_IRQHandler</a> from startup_mcxe31b.o(.text.EMIOS1_5_IRQHandler) referenced from startup_mcxe31b.o(.isr_vector)
 <LI><a href="#[53]">EMIOS1_6_IRQHandler</a> from startup_mcxe31b.o(.text.EMIOS1_6_IRQHandler) referenced from startup_mcxe31b.o(.isr_vector)
 <LI><a href="#[54]">EMIOS1_7_IRQHandler</a> from startup_mcxe31b.o(.text.EMIOS1_7_IRQHandler) referenced from startup_mcxe31b.o(.isr_vector)
 <LI><a href="#[57]">EMIOS2_2_IRQHandler</a> from startup_mcxe31b.o(.text.EMIOS2_2_IRQHandler) referenced from startup_mcxe31b.o(.isr_vector)
 <LI><a href="#[58]">EMIOS2_3_IRQHandler</a> from startup_mcxe31b.o(.text.EMIOS2_3_IRQHandler) referenced from startup_mcxe31b.o(.isr_vector)
 <LI><a href="#[59]">EMIOS2_4_IRQHandler</a> from startup_mcxe31b.o(.text.EMIOS2_4_IRQHandler) referenced from startup_mcxe31b.o(.isr_vector)
 <LI><a href="#[5a]">EMIOS2_5_IRQHandler</a> from startup_mcxe31b.o(.text.EMIOS2_5_IRQHandler) referenced from startup_mcxe31b.o(.isr_vector)
 <LI><a href="#[5b]">EMIOS2_6_IRQHandler</a> from startup_mcxe31b.o(.text.EMIOS2_6_IRQHandler) referenced from startup_mcxe31b.o(.isr_vector)
 <LI><a href="#[5c]">EMIOS2_7_IRQHandler</a> from startup_mcxe31b.o(.text.EMIOS2_7_IRQHandler) referenced from startup_mcxe31b.o(.isr_vector)
 <LI><a href="#[e9]">ENET_QOS_CommonIRQHandler</a> from fsl_enet_qos.o(.text.ENET_QOS_CommonIRQHandler) referenced 2 times from fsl_enet_qos.o(.text.ENET_QOS_CreateHandler)
 <LI><a href="#[2e]">ERM_0_IRQHandler</a> from startup_mcxe31b.o(.text.ERM_0_IRQHandler) referenced from startup_mcxe31b.o(.isr_vector)
 <LI><a href="#[2f]">ERM_1_IRQHandler</a> from startup_mcxe31b.o(.text.ERM_1_IRQHandler) referenced from startup_mcxe31b.o(.isr_vector)
 <LI><a href="#[c7]">FCCU_0_IRQHandler</a> from startup_mcxe31b.o(.text.FCCU_0_IRQHandler) referenced from startup_mcxe31b.o(.isr_vector)
 <LI><a href="#[c8]">FCCU_1_IRQHandler</a> from startup_mcxe31b.o(.text.FCCU_1_IRQHandler) referenced from startup_mcxe31b.o(.isr_vector)
 <LI><a href="#[3a]">FLASH_0_IRQHandler</a> from startup_mcxe31b.o(.text.FLASH_0_IRQHandler) referenced from startup_mcxe31b.o(.isr_vector)
 <LI><a href="#[3b]">FLASH_1_IRQHandler</a> from startup_mcxe31b.o(.text.FLASH_1_IRQHandler) referenced from startup_mcxe31b.o(.isr_vector)
 <LI><a href="#[3c]">FLASH_2_IRQHandler</a> from startup_mcxe31b.o(.text.FLASH_2_IRQHandler) referenced from startup_mcxe31b.o(.isr_vector)
 <LI><a href="#[95]">FLEXIO_IRQHandler</a> from startup_mcxe31b.o(.text.FLEXIO_IRQHandler) referenced from startup_mcxe31b.o(.isr_vector)
 <LI><a href="#[77]">FlexCAN0_0_IRQHandler</a> from can_hw.o(.text.FlexCAN0_0_IRQHandler) referenced from startup_mcxe31b.o(.isr_vector)
 <LI><a href="#[78]">FlexCAN0_1_IRQHandler</a> from can_hw.o(.text.FlexCAN0_1_IRQHandler) referenced from startup_mcxe31b.o(.isr_vector)
 <LI><a href="#[79]">FlexCAN0_2_IRQHandler</a> from startup_mcxe31b.o(.text.FlexCAN0_2_IRQHandler) referenced from startup_mcxe31b.o(.isr_vector)
 <LI><a href="#[7a]">FlexCAN0_3_IRQHandler</a> from startup_mcxe31b.o(.text.FlexCAN0_3_IRQHandler) referenced from startup_mcxe31b.o(.isr_vector)
 <LI><a href="#[7b]">FlexCAN1_0_IRQHandler</a> from can_hw.o(.text.FlexCAN1_0_IRQHandler) referenced from startup_mcxe31b.o(.isr_vector)
 <LI><a href="#[7c]">FlexCAN1_1_IRQHandler</a> from can_hw.o(.text.FlexCAN1_1_IRQHandler) referenced from startup_mcxe31b.o(.isr_vector)
 <LI><a href="#[7d]">FlexCAN1_2_IRQHandler</a> from startup_mcxe31b.o(.text.FlexCAN1_2_IRQHandler) referenced from startup_mcxe31b.o(.isr_vector)
 <LI><a href="#[7e]">FlexCAN2_0_IRQHandler</a> from can_hw.o(.text.FlexCAN2_0_IRQHandler) referenced from startup_mcxe31b.o(.isr_vector)
 <LI><a href="#[7f]">FlexCAN2_1_IRQHandler</a> from can_hw.o(.text.FlexCAN2_1_IRQHandler) referenced from startup_mcxe31b.o(.isr_vector)
 <LI><a href="#[80]">FlexCAN2_2_IRQHandler</a> from startup_mcxe31b.o(.text.FlexCAN2_2_IRQHandler) referenced from startup_mcxe31b.o(.isr_vector)
 <LI><a href="#[81]">FlexCAN3_0_IRQHandler</a> from can_hw.o(.text.FlexCAN3_0_IRQHandler) referenced from startup_mcxe31b.o(.isr_vector)
 <LI><a href="#[82]">FlexCAN3_1_IRQHandler</a> from can_hw.o(.text.FlexCAN3_1_IRQHandler) referenced from startup_mcxe31b.o(.isr_vector)
 <LI><a href="#[83]">FlexCAN4_0_IRQHandler</a> from can_hw.o(.text.FlexCAN4_0_IRQHandler) referenced from startup_mcxe31b.o(.isr_vector)
 <LI><a href="#[84]">FlexCAN4_1_IRQHandler</a> from can_hw.o(.text.FlexCAN4_1_IRQHandler) referenced from startup_mcxe31b.o(.isr_vector)
 <LI><a href="#[85]">FlexCAN5_0_IRQHandler</a> from can_hw.o(.text.FlexCAN5_0_IRQHandler) referenced from startup_mcxe31b.o(.isr_vector)
 <LI><a href="#[86]">FlexCAN5_1_IRQHandler</a> from can_hw.o(.text.FlexCAN5_1_IRQHandler) referenced from startup_mcxe31b.o(.isr_vector)
 <LI><a href="#[e8]">HAL_UartReceiveBlocking</a> from fsl_adapter_lpuart.o(.text.HAL_UartReceiveBlocking) referenced 2 times from fsl_debug_console.o(.text.DbgConsole_Init)
 <LI><a href="#[e7]">HAL_UartSendBlocking</a> from fsl_adapter_lpuart.o(.text.HAL_UartSendBlocking) referenced 2 times from fsl_debug_console.o(.text.DbgConsole_Init)
 <LI><a href="#[e3]">HSE_B_CLK_FAIL_IRQHandler</a> from startup_mcxe31b.o(.text.HSE_B_CLK_FAIL_IRQHandler) referenced from startup_mcxe31b.o(.isr_vector)
 <LI><a href="#[2]">HardFault_Handler</a> from main.o(.text.HardFault_Handler) referenced from startup_mcxe31b.o(.isr_vector)
 <LI><a href="#[bc]">JDC_IRQHandler</a> from startup_mcxe31b.o(.text.JDC_IRQHandler) referenced from startup_mcxe31b.o(.isr_vector)
 <LI><a href="#[66]">LCU0_IRQHandler</a> from startup_mcxe31b.o(.text.LCU0_IRQHandler) referenced from startup_mcxe31b.o(.isr_vector)
 <LI><a href="#[67]">LCU1_IRQHandler</a> from startup_mcxe31b.o(.text.LCU1_IRQHandler) referenced from startup_mcxe31b.o(.isr_vector)
 <LI><a href="#[ab]">LPI2C0_IRQHandler</a> from startup_mcxe31b.o(.text.LPI2C0_IRQHandler) referenced from startup_mcxe31b.o(.isr_vector)
 <LI><a href="#[ac]">LPI2C1_IRQHandler</a> from startup_mcxe31b.o(.text.LPI2C1_IRQHandler) referenced from startup_mcxe31b.o(.isr_vector)
 <LI><a href="#[af]">LPSPI0_IRQHandler</a> from startup_mcxe31b.o(.text.LPSPI0_IRQHandler) referenced from startup_mcxe31b.o(.isr_vector)
 <LI><a href="#[b0]">LPSPI1_IRQHandler</a> from startup_mcxe31b.o(.text.LPSPI1_IRQHandler) referenced from startup_mcxe31b.o(.isr_vector)
 <LI><a href="#[b1]">LPSPI2_IRQHandler</a> from startup_mcxe31b.o(.text.LPSPI2_IRQHandler) referenced from startup_mcxe31b.o(.isr_vector)
 <LI><a href="#[b2]">LPSPI3_IRQHandler</a> from startup_mcxe31b.o(.text.LPSPI3_IRQHandler) referenced from startup_mcxe31b.o(.isr_vector)
 <LI><a href="#[b3]">LPSPI4_IRQHandler</a> from startup_mcxe31b.o(.text.LPSPI4_IRQHandler) referenced from startup_mcxe31b.o(.isr_vector)
 <LI><a href="#[b4]">LPSPI5_IRQHandler</a> from startup_mcxe31b.o(.text.LPSPI5_IRQHandler) referenced from startup_mcxe31b.o(.isr_vector)
 <LI><a href="#[97]">LPUART_0_IRQHandler</a> from startup_mcxe31b.o(.text.LPUART_0_IRQHandler) referenced from startup_mcxe31b.o(.isr_vector)
 <LI><a href="#[a1]">LPUART_10_IRQHandler</a> from startup_mcxe31b.o(.text.LPUART_10_IRQHandler) referenced from startup_mcxe31b.o(.isr_vector)
 <LI><a href="#[a2]">LPUART_11_IRQHandler</a> from startup_mcxe31b.o(.text.LPUART_11_IRQHandler) referenced from startup_mcxe31b.o(.isr_vector)
 <LI><a href="#[a3]">LPUART_12_IRQHandler</a> from startup_mcxe31b.o(.text.LPUART_12_IRQHandler) referenced from startup_mcxe31b.o(.isr_vector)
 <LI><a href="#[a4]">LPUART_13_IRQHandler</a> from startup_mcxe31b.o(.text.LPUART_13_IRQHandler) referenced from startup_mcxe31b.o(.isr_vector)
 <LI><a href="#[a5]">LPUART_14_IRQHandler</a> from startup_mcxe31b.o(.text.LPUART_14_IRQHandler) referenced from startup_mcxe31b.o(.isr_vector)
 <LI><a href="#[a6]">LPUART_15_IRQHandler</a> from startup_mcxe31b.o(.text.LPUART_15_IRQHandler) referenced from startup_mcxe31b.o(.isr_vector)
 <LI><a href="#[98]">LPUART_1_IRQHandler</a> from startup_mcxe31b.o(.text.LPUART_1_IRQHandler) referenced from startup_mcxe31b.o(.isr_vector)
 <LI><a href="#[99]">LPUART_2_IRQHandler</a> from startup_mcxe31b.o(.text.LPUART_2_IRQHandler) referenced from startup_mcxe31b.o(.isr_vector)
 <LI><a href="#[9a]">LPUART_3_IRQHandler</a> from startup_mcxe31b.o(.text.LPUART_3_IRQHandler) referenced from startup_mcxe31b.o(.isr_vector)
 <LI><a href="#[9b]">LPUART_4_IRQHandler</a> from startup_mcxe31b.o(.text.LPUART_4_IRQHandler) referenced from startup_mcxe31b.o(.isr_vector)
 <LI><a href="#[9c]">LPUART_5_IRQHandler</a> from startup_mcxe31b.o(.text.LPUART_5_IRQHandler) referenced from startup_mcxe31b.o(.isr_vector)
 <LI><a href="#[9d]">LPUART_6_IRQHandler</a> from startup_mcxe31b.o(.text.LPUART_6_IRQHandler) referenced from startup_mcxe31b.o(.isr_vector)
 <LI><a href="#[9e]">LPUART_7_IRQHandler</a> from startup_mcxe31b.o(.text.LPUART_7_IRQHandler) referenced from startup_mcxe31b.o(.isr_vector)
 <LI><a href="#[9f]">LPUART_8_IRQHandler</a> from startup_mcxe31b.o(.text.LPUART_8_IRQHandler) referenced from startup_mcxe31b.o(.isr_vector)
 <LI><a href="#[a0]">LPUART_9_IRQHandler</a> from startup_mcxe31b.o(.text.LPUART_9_IRQHandler) referenced from startup_mcxe31b.o(.isr_vector)
 <LI><a href="#[30]">MCM_IRQHandler</a> from startup_mcxe31b.o(.text.MCM_IRQHandler) referenced from startup_mcxe31b.o(.isr_vector)
 <LI><a href="#[e5]">MDIO_Read</a> from hardware_init.o(.text.MDIO_Read) referenced 2 times from hardware_init.o(.text.BOARD_InitHardware)
 <LI><a href="#[e6]">MDIO_Write</a> from hardware_init.o(.text.MDIO_Write) referenced 2 times from hardware_init.o(.text.BOARD_InitHardware)
 <LI><a href="#[cc]">MU0_B_IRQHandler</a> from startup_mcxe31b.o(.text.MU0_B_IRQHandler) referenced from startup_mcxe31b.o(.isr_vector)
 <LI><a href="#[cb]">MU0_B_RX_IRQHandler</a> from startup_mcxe31b.o(.text.MU0_B_RX_IRQHandler) referenced from startup_mcxe31b.o(.isr_vector)
 <LI><a href="#[ca]">MU0_B_TX_IRQHandler</a> from startup_mcxe31b.o(.text.MU0_B_TX_IRQHandler) referenced from startup_mcxe31b.o(.isr_vector)
 <LI><a href="#[cf]">MU1_B_IRQHandler</a> from startup_mcxe31b.o(.text.MU1_B_IRQHandler) referenced from startup_mcxe31b.o(.isr_vector)
 <LI><a href="#[ce]">MU1_B_RX_IRQHandler</a> from startup_mcxe31b.o(.text.MU1_B_RX_IRQHandler) referenced from startup_mcxe31b.o(.isr_vector)
 <LI><a href="#[cd]">MU1_B_TX_IRQHandler</a> from startup_mcxe31b.o(.text.MU1_B_TX_IRQHandler) referenced from startup_mcxe31b.o(.isr_vector)
 <LI><a href="#[3]">MemManage_Handler</a> from startup_mcxe31b.o(.text.MemManage_Handler) referenced from startup_mcxe31b.o(.isr_vector)
 <LI><a href="#[1]">NMI_Handler</a> from startup_mcxe31b.o(.text.NMI_Handler) referenced from startup_mcxe31b.o(.isr_vector)
 <LI><a href="#[f6]">PHY_LAN8741_EnableLoopback</a> from fsl_phylan8741.o(.text.PHY_LAN8741_EnableLoopback) referenced from fsl_phylan8741.o(.rodata.phylan8741_ops)
 <LI><a href="#[f2]">PHY_LAN8741_GetAutoNegotiationStatus</a> from fsl_phylan8741.o(.text.PHY_LAN8741_GetAutoNegotiationStatus) referenced from fsl_phylan8741.o(.rodata.phylan8741_ops)
 <LI><a href="#[f4]">PHY_LAN8741_GetLinkSpeedDuplex</a> from fsl_phylan8741.o(.text.PHY_LAN8741_GetLinkSpeedDuplex) referenced from fsl_phylan8741.o(.rodata.phylan8741_ops)
 <LI><a href="#[f3]">PHY_LAN8741_GetLinkStatus</a> from fsl_phylan8741.o(.text.PHY_LAN8741_GetLinkStatus) referenced from fsl_phylan8741.o(.rodata.phylan8741_ops)
 <LI><a href="#[ef]">PHY_LAN8741_Init</a> from fsl_phylan8741.o(.text.PHY_LAN8741_Init) referenced from fsl_phylan8741.o(.rodata.phylan8741_ops)
 <LI><a href="#[f1]">PHY_LAN8741_Read</a> from fsl_phylan8741.o(.text.PHY_LAN8741_Read) referenced from fsl_phylan8741.o(.rodata.phylan8741_ops)
 <LI><a href="#[f5]">PHY_LAN8741_SetLinkSpeedDuplex</a> from fsl_phylan8741.o(.text.PHY_LAN8741_SetLinkSpeedDuplex) referenced from fsl_phylan8741.o(.rodata.phylan8741_ops)
 <LI><a href="#[f0]">PHY_LAN8741_Write</a> from fsl_phylan8741.o(.text.PHY_LAN8741_Write) referenced from fsl_phylan8741.o(.rodata.phylan8741_ops)
 <LI><a href="#[6a]">PIT0_IRQHandler</a> from startup_mcxe31b.o(.text.PIT0_IRQHandler) referenced from startup_mcxe31b.o(.isr_vector)
 <LI><a href="#[6b]">PIT1_IRQHandler</a> from startup_mcxe31b.o(.text.PIT1_IRQHandler) referenced from startup_mcxe31b.o(.isr_vector)
 <LI><a href="#[6c]">PIT2_IRQHandler</a> from startup_mcxe31b.o(.text.PIT2_IRQHandler) referenced from startup_mcxe31b.o(.isr_vector)
 <LI><a href="#[de]">PLL_LOL_IRQHandler</a> from startup_mcxe31b.o(.text.PLL_LOL_IRQHandler) referenced from startup_mcxe31b.o(.isr_vector)
 <LI><a href="#[3e]">PMC_IRQHandler</a> from startup_mcxe31b.o(.text.PMC_IRQHandler) referenced from startup_mcxe31b.o(.isr_vector)
 <LI><a href="#[8]">PendSV_Handler</a> from startup_mcxe31b.o(.text.PendSV_Handler) referenced from startup_mcxe31b.o(.isr_vector)
 <LI><a href="#[b7]">QSPI_IRQHandler</a> from startup_mcxe31b.o(.text.QSPI_IRQHandler) referenced from startup_mcxe31b.o(.isr_vector)
 <LI><a href="#[3d]">RGM_IRQHandler</a> from startup_mcxe31b.o(.text.RGM_IRQHandler) referenced from startup_mcxe31b.o(.isr_vector)
 <LI><a href="#[70]">RTC_IRQHandler</a> from startup_mcxe31b.o(.text.RTC_IRQHandler) referenced from startup_mcxe31b.o(.isr_vector)
 <LI><a href="#[62]">Reserved104_IRQHandler</a> from startup_mcxe31b.o(.text.Reserved104_IRQHandler) referenced from startup_mcxe31b.o(.isr_vector)
 <LI><a href="#[63]">Reserved105_IRQHandler</a> from startup_mcxe31b.o(.text.Reserved105_IRQHandler) referenced from startup_mcxe31b.o(.isr_vector)
 <LI><a href="#[64]">Reserved106_IRQHandler</a> from startup_mcxe31b.o(.text.Reserved106_IRQHandler) referenced from startup_mcxe31b.o(.isr_vector)
 <LI><a href="#[65]">Reserved107_IRQHandler</a> from startup_mcxe31b.o(.text.Reserved107_IRQHandler) referenced from startup_mcxe31b.o(.isr_vector)
 <LI><a href="#[68]">Reserved110_IRQHandler</a> from startup_mcxe31b.o(.text.Reserved110_IRQHandler) referenced from startup_mcxe31b.o(.isr_vector)
 <LI><a href="#[69]">Reserved111_IRQHandler</a> from startup_mcxe31b.o(.text.Reserved111_IRQHandler) referenced from startup_mcxe31b.o(.isr_vector)
 <LI><a href="#[6d]">Reserved115_IRQHandler</a> from startup_mcxe31b.o(.text.Reserved115_IRQHandler) referenced from startup_mcxe31b.o(.isr_vector)
 <LI><a href="#[6e]">Reserved116_IRQHandler</a> from startup_mcxe31b.o(.text.Reserved116_IRQHandler) referenced from startup_mcxe31b.o(.isr_vector)
 <LI><a href="#[6f]">Reserved117_IRQHandler</a> from startup_mcxe31b.o(.text.Reserved117_IRQHandler) referenced from startup_mcxe31b.o(.isr_vector)
 <LI><a href="#[71]">Reserved119_IRQHandler</a> from startup_mcxe31b.o(.text.Reserved119_IRQHandler) referenced from startup_mcxe31b.o(.isr_vector)
 <LI><a href="#[72]">Reserved120_IRQHandler</a> from startup_mcxe31b.o(.text.Reserved120_IRQHandler) referenced from startup_mcxe31b.o(.isr_vector)
 <LI><a href="#[87]">Reserved141_IRQHandler</a> from startup_mcxe31b.o(.text.Reserved141_IRQHandler) referenced from startup_mcxe31b.o(.isr_vector)
 <LI><a href="#[88]">Reserved142_IRQHandler</a> from startup_mcxe31b.o(.text.Reserved142_IRQHandler) referenced from startup_mcxe31b.o(.isr_vector)
 <LI><a href="#[89]">Reserved143_IRQHandler</a> from startup_mcxe31b.o(.text.Reserved143_IRQHandler) referenced from startup_mcxe31b.o(.isr_vector)
 <LI><a href="#[8a]">Reserved144_IRQHandler</a> from startup_mcxe31b.o(.text.Reserved144_IRQHandler) referenced from startup_mcxe31b.o(.isr_vector)
 <LI><a href="#[8b]">Reserved145_IRQHandler</a> from startup_mcxe31b.o(.text.Reserved145_IRQHandler) referenced from startup_mcxe31b.o(.isr_vector)
 <LI><a href="#[8c]">Reserved146_IRQHandler</a> from startup_mcxe31b.o(.text.Reserved146_IRQHandler) referenced from startup_mcxe31b.o(.isr_vector)
 <LI><a href="#[8d]">Reserved147_IRQHandler</a> from startup_mcxe31b.o(.text.Reserved147_IRQHandler) referenced from startup_mcxe31b.o(.isr_vector)
 <LI><a href="#[8e]">Reserved148_IRQHandler</a> from startup_mcxe31b.o(.text.Reserved148_IRQHandler) referenced from startup_mcxe31b.o(.isr_vector)
 <LI><a href="#[8f]">Reserved149_IRQHandler</a> from startup_mcxe31b.o(.text.Reserved149_IRQHandler) referenced from startup_mcxe31b.o(.isr_vector)
 <LI><a href="#[90]">Reserved150_IRQHandler</a> from startup_mcxe31b.o(.text.Reserved150_IRQHandler) referenced from startup_mcxe31b.o(.isr_vector)
 <LI><a href="#[91]">Reserved151_IRQHandler</a> from startup_mcxe31b.o(.text.Reserved151_IRQHandler) referenced from startup_mcxe31b.o(.isr_vector)
 <LI><a href="#[92]">Reserved152_IRQHandler</a> from startup_mcxe31b.o(.text.Reserved152_IRQHandler) referenced from startup_mcxe31b.o(.isr_vector)
 <LI><a href="#[93]">Reserved153_IRQHandler</a> from startup_mcxe31b.o(.text.Reserved153_IRQHandler) referenced from startup_mcxe31b.o(.isr_vector)
 <LI><a href="#[94]">Reserved154_IRQHandler</a> from startup_mcxe31b.o(.text.Reserved154_IRQHandler) referenced from startup_mcxe31b.o(.isr_vector)
 <LI><a href="#[96]">Reserved156_IRQHandler</a> from startup_mcxe31b.o(.text.Reserved156_IRQHandler) referenced from startup_mcxe31b.o(.isr_vector)
 <LI><a href="#[a]">Reserved16_IRQHandler</a> from startup_mcxe31b.o(.text.Reserved16_IRQHandler) referenced from startup_mcxe31b.o(.isr_vector)
 <LI><a href="#[a7]">Reserved173_IRQHandler</a> from startup_mcxe31b.o(.text.Reserved173_IRQHandler) referenced from startup_mcxe31b.o(.isr_vector)
 <LI><a href="#[a8]">Reserved174_IRQHandler</a> from startup_mcxe31b.o(.text.Reserved174_IRQHandler) referenced from startup_mcxe31b.o(.isr_vector)
 <LI><a href="#[a9]">Reserved175_IRQHandler</a> from startup_mcxe31b.o(.text.Reserved175_IRQHandler) referenced from startup_mcxe31b.o(.isr_vector)
 <LI><a href="#[aa]">Reserved176_IRQHandler</a> from startup_mcxe31b.o(.text.Reserved176_IRQHandler) referenced from startup_mcxe31b.o(.isr_vector)
 <LI><a href="#[ad]">Reserved179_IRQHandler</a> from startup_mcxe31b.o(.text.Reserved179_IRQHandler) referenced from startup_mcxe31b.o(.isr_vector)
 <LI><a href="#[b]">Reserved17_IRQHandler</a> from startup_mcxe31b.o(.text.Reserved17_IRQHandler) referenced from startup_mcxe31b.o(.isr_vector)
 <LI><a href="#[ae]">Reserved180_IRQHandler</a> from startup_mcxe31b.o(.text.Reserved180_IRQHandler) referenced from startup_mcxe31b.o(.isr_vector)
 <LI><a href="#[b5]">Reserved187_IRQHandler</a> from startup_mcxe31b.o(.text.Reserved187_IRQHandler) referenced from startup_mcxe31b.o(.isr_vector)
 <LI><a href="#[b6]">Reserved188_IRQHandler</a> from startup_mcxe31b.o(.text.Reserved188_IRQHandler) referenced from startup_mcxe31b.o(.isr_vector)
 <LI><a href="#[c]">Reserved18_IRQHandler</a> from startup_mcxe31b.o(.text.Reserved18_IRQHandler) referenced from startup_mcxe31b.o(.isr_vector)
 <LI><a href="#[ba]">Reserved192_IRQHandler</a> from startup_mcxe31b.o(.text.Reserved192_IRQHandler) referenced from startup_mcxe31b.o(.isr_vector)
 <LI><a href="#[bb]">Reserved193_IRQHandler</a> from startup_mcxe31b.o(.text.Reserved193_IRQHandler) referenced from startup_mcxe31b.o(.isr_vector)
 <LI><a href="#[bd]">Reserved195_IRQHandler</a> from startup_mcxe31b.o(.text.Reserved195_IRQHandler) referenced from startup_mcxe31b.o(.isr_vector)
 <LI><a href="#[d]">Reserved19_IRQHandler</a> from startup_mcxe31b.o(.text.Reserved19_IRQHandler) referenced from startup_mcxe31b.o(.isr_vector)
 <LI><a href="#[c4]">Reserved202_IRQHandler</a> from startup_mcxe31b.o(.text.Reserved202_IRQHandler) referenced from startup_mcxe31b.o(.isr_vector)
 <LI><a href="#[c5]">Reserved203_IRQHandler</a> from startup_mcxe31b.o(.text.Reserved203_IRQHandler) referenced from startup_mcxe31b.o(.isr_vector)
 <LI><a href="#[c6]">Reserved204_IRQHandler</a> from startup_mcxe31b.o(.text.Reserved204_IRQHandler) referenced from startup_mcxe31b.o(.isr_vector)
 <LI><a href="#[d0]">Reserved214_IRQHandler</a> from startup_mcxe31b.o(.text.Reserved214_IRQHandler) referenced from startup_mcxe31b.o(.isr_vector)
 <LI><a href="#[d1]">Reserved215_IRQHandler</a> from startup_mcxe31b.o(.text.Reserved215_IRQHandler) referenced from startup_mcxe31b.o(.isr_vector)
 <LI><a href="#[d2]">Reserved216_IRQHandler</a> from startup_mcxe31b.o(.text.Reserved216_IRQHandler) referenced from startup_mcxe31b.o(.isr_vector)
 <LI><a href="#[d3]">Reserved217_IRQHandler</a> from startup_mcxe31b.o(.text.Reserved217_IRQHandler) referenced from startup_mcxe31b.o(.isr_vector)
 <LI><a href="#[d4]">Reserved218_IRQHandler</a> from startup_mcxe31b.o(.text.Reserved218_IRQHandler) referenced from startup_mcxe31b.o(.isr_vector)
 <LI><a href="#[d5]">Reserved219_IRQHandler</a> from startup_mcxe31b.o(.text.Reserved219_IRQHandler) referenced from startup_mcxe31b.o(.isr_vector)
 <LI><a href="#[d6]">Reserved220_IRQHandler</a> from startup_mcxe31b.o(.text.Reserved220_IRQHandler) referenced from startup_mcxe31b.o(.isr_vector)
 <LI><a href="#[d7]">Reserved221_IRQHandler</a> from startup_mcxe31b.o(.text.Reserved221_IRQHandler) referenced from startup_mcxe31b.o(.isr_vector)
 <LI><a href="#[d8]">Reserved222_IRQHandler</a> from startup_mcxe31b.o(.text.Reserved222_IRQHandler) referenced from startup_mcxe31b.o(.isr_vector)
 <LI><a href="#[d9]">Reserved223_IRQHandler</a> from startup_mcxe31b.o(.text.Reserved223_IRQHandler) referenced from startup_mcxe31b.o(.isr_vector)
 <LI><a href="#[da]">Reserved224_IRQHandler</a> from startup_mcxe31b.o(.text.Reserved224_IRQHandler) referenced from startup_mcxe31b.o(.isr_vector)
 <LI><a href="#[db]">Reserved225_IRQHandler</a> from startup_mcxe31b.o(.text.Reserved225_IRQHandler) referenced from startup_mcxe31b.o(.isr_vector)
 <LI><a href="#[dc]">Reserved226_IRQHandler</a> from startup_mcxe31b.o(.text.Reserved226_IRQHandler) referenced from startup_mcxe31b.o(.isr_vector)
 <LI><a href="#[dd]">Reserved227_IRQHandler</a> from startup_mcxe31b.o(.text.Reserved227_IRQHandler) referenced from startup_mcxe31b.o(.isr_vector)
 <LI><a href="#[e0]">Reserved230_IRQHandler</a> from startup_mcxe31b.o(.text.Reserved230_IRQHandler) referenced from startup_mcxe31b.o(.isr_vector)
 <LI><a href="#[e2]">Reserved232_IRQHandler</a> from startup_mcxe31b.o(.text.Reserved232_IRQHandler) referenced from startup_mcxe31b.o(.isr_vector)
 <LI><a href="#[33]">Reserved57_IRQHandler</a> from startup_mcxe31b.o(.text.Reserved57_IRQHandler) referenced from startup_mcxe31b.o(.isr_vector)
 <LI><a href="#[35]">Reserved59_IRQHandler</a> from startup_mcxe31b.o(.text.Reserved59_IRQHandler) referenced from startup_mcxe31b.o(.isr_vector)
 <LI><a href="#[36]">Reserved60_IRQHandler</a> from startup_mcxe31b.o(.text.Reserved60_IRQHandler) referenced from startup_mcxe31b.o(.isr_vector)
 <LI><a href="#[39]">Reserved63_IRQHandler</a> from startup_mcxe31b.o(.text.Reserved63_IRQHandler) referenced from startup_mcxe31b.o(.isr_vector)
 <LI><a href="#[43]">Reserved73_IRQHandler</a> from startup_mcxe31b.o(.text.Reserved73_IRQHandler) referenced from startup_mcxe31b.o(.isr_vector)
 <LI><a href="#[44]">Reserved74_IRQHandler</a> from startup_mcxe31b.o(.text.Reserved74_IRQHandler) referenced from startup_mcxe31b.o(.isr_vector)
 <LI><a href="#[45]">Reserved75_IRQHandler</a> from startup_mcxe31b.o(.text.Reserved75_IRQHandler) referenced from startup_mcxe31b.o(.isr_vector)
 <LI><a href="#[46]">Reserved76_IRQHandler</a> from startup_mcxe31b.o(.text.Reserved76_IRQHandler) referenced from startup_mcxe31b.o(.isr_vector)
 <LI><a href="#[4d]">Reserved83_IRQHandler</a> from startup_mcxe31b.o(.text.Reserved83_IRQHandler) referenced from startup_mcxe31b.o(.isr_vector)
 <LI><a href="#[4e]">Reserved84_IRQHandler</a> from startup_mcxe31b.o(.text.Reserved84_IRQHandler) referenced from startup_mcxe31b.o(.isr_vector)
 <LI><a href="#[55]">Reserved91_IRQHandler</a> from startup_mcxe31b.o(.text.Reserved91_IRQHandler) referenced from startup_mcxe31b.o(.isr_vector)
 <LI><a href="#[56]">Reserved92_IRQHandler</a> from startup_mcxe31b.o(.text.Reserved92_IRQHandler) referenced from startup_mcxe31b.o(.isr_vector)
 <LI><a href="#[0]">Reset_Handler</a> from startup_mcxe31b.o(InRoot$$Sections) referenced from startup_mcxe31b.o(.isr_vector)
 <LI><a href="#[ed]">Reset_Handler_C</a> from startup_mcxe31b.o(.text.Reset_Handler_C) referenced from startup_mcxe31b.o(InRoot$$Sections)
 <LI><a href="#[b8]">SAI0_IRQHandler</a> from startup_mcxe31b.o(.text.SAI0_IRQHandler) referenced from startup_mcxe31b.o(.isr_vector)
 <LI><a href="#[b9]">SAI1_IRQHandler</a> from startup_mcxe31b.o(.text.SAI1_IRQHandler) referenced from startup_mcxe31b.o(.isr_vector)
 <LI><a href="#[3f]">SIUL2_0_IRQHandler</a> from startup_mcxe31b.o(.text.SIUL2_0_IRQHandler) referenced from startup_mcxe31b.o(.isr_vector)
 <LI><a href="#[40]">SIUL2_1_IRQHandler</a> from startup_mcxe31b.o(.text.SIUL2_1_IRQHandler) referenced from startup_mcxe31b.o(.isr_vector)
 <LI><a href="#[41]">SIUL2_2_IRQHandler</a> from startup_mcxe31b.o(.text.SIUL2_2_IRQHandler) referenced from startup_mcxe31b.o(.isr_vector)
 <LI><a href="#[42]">SIUL2_3_IRQHandler</a> from startup_mcxe31b.o(.text.SIUL2_3_IRQHandler) referenced from startup_mcxe31b.o(.isr_vector)
 <LI><a href="#[c9]">STCU_IRQHandler</a> from startup_mcxe31b.o(.text.STCU_IRQHandler) referenced from startup_mcxe31b.o(.isr_vector)
 <LI><a href="#[31]">STM0_IRQHandler</a> from startup_mcxe31b.o(.text.STM0_IRQHandler) referenced from startup_mcxe31b.o(.isr_vector)
 <LI><a href="#[32]">STM1_IRQHandler</a> from startup_mcxe31b.o(.text.STM1_IRQHandler) referenced from startup_mcxe31b.o(.isr_vector)
 <LI><a href="#[6]">SVC_Handler</a> from startup_mcxe31b.o(.text.SVC_Handler) referenced from startup_mcxe31b.o(.isr_vector)
 <LI><a href="#[34]">SWT0_IRQHandler</a> from startup_mcxe31b.o(.text.SWT0_IRQHandler) referenced from startup_mcxe31b.o(.isr_vector)
 <LI><a href="#[9]">SysTick_Handler</a> from main.o(.text.SysTick_Handler) referenced from startup_mcxe31b.o(.isr_vector)
 <LI><a href="#[5]">UsageFault_Handler</a> from startup_mcxe31b.o(.text.UsageFault_Handler) referenced from startup_mcxe31b.o(.isr_vector)
 <LI><a href="#[5d]">WKPU_IRQHandler</a> from startup_mcxe31b.o(.text.WKPU_IRQHandler) referenced from startup_mcxe31b.o(.isr_vector)
 <LI><a href="#[ee]">_snputc</a> from printfa.o(i._snputc) referenced from printfa.o(i.__0snprintf)
 <LI><a href="#[ee]">_snputc</a> from printfa.o(i._snputc) referenced from printfa.o(i.__0vsnprintf)
 <LI><a href="#[ec]">eth_callback</a> from eth_raw.o(.text.eth_callback) referenced 2 times from eth_raw.o(.text.eth_raw_init)
 <LI><a href="#[ea]">eth_rx_alloc</a> from eth_raw.o(.text.eth_rx_alloc) referenced 2 times from eth_raw.o(.text.eth_raw_init)
 <LI><a href="#[eb]">eth_rx_free</a> from eth_raw.o(.text.eth_rx_free) referenced 2 times from eth_raw.o(.text.eth_raw_init)
 <LI><a href="#[e4]">main</a> from main.o(.text.main) referenced from entry9a.o(.ARM.Collect$$$$0000000B)
</UL>
<P>
<H3>
Global Symbols
</H3>
<P><STRONG><a name="[116]"></a>BOARD_EnableSRAMExtraLatency</STRONG> (Thumb, 56 bytes, Stack size 0 bytes, board.o(CodeQuickAccess))
<BR><BR>[Called By]<UL><LI><a href="#[115]">&gt;&gt;</a>&nbsp;&nbsp;&nbsp;BOARD_ClockPreConfig
</UL>

<P><STRONG><a name="[f9]"></a>__main</STRONG> (Thumb, 0 bytes, Stack size unknown bytes, entry.o(.ARM.Collect$$$$00000000))
<BR><BR>[Called By]<UL><LI><a href="#[ed]">&gt;&gt;</a>&nbsp;&nbsp;&nbsp;Reset_Handler_C
</UL>

<P><STRONG><a name="[25d]"></a>_main_stk</STRONG> (Thumb, 0 bytes, Stack size unknown bytes, entry4.o(.ARM.Collect$$$$00000003))

<P><STRONG><a name="[fa]"></a>_main_scatterload</STRONG> (Thumb, 0 bytes, Stack size unknown bytes, entry5.o(.ARM.Collect$$$$00000004))
<BR><BR>[Calls]<UL><LI><a href="#[fb]">&gt;&gt;</a>&nbsp;&nbsp;&nbsp;__scatterload
</UL>

<P><STRONG><a name="[108]"></a>__main_after_scatterload</STRONG> (Thumb, 0 bytes, Stack size unknown bytes, entry5.o(.ARM.Collect$$$$00000004))
<BR><BR>[Called By]<UL><LI><a href="#[fb]">&gt;&gt;</a>&nbsp;&nbsp;&nbsp;__scatterload
</UL>

<P><STRONG><a name="[25e]"></a>_main_clock</STRONG> (Thumb, 0 bytes, Stack size unknown bytes, entry7b.o(.ARM.Collect$$$$00000008))

<P><STRONG><a name="[25f]"></a>_main_cpp_init</STRONG> (Thumb, 0 bytes, Stack size unknown bytes, entry8b.o(.ARM.Collect$$$$0000000A))

<P><STRONG><a name="[260]"></a>_main_init</STRONG> (Thumb, 0 bytes, Stack size unknown bytes, entry9a.o(.ARM.Collect$$$$0000000B))

<P><STRONG><a name="[261]"></a>__rt_final_cpp</STRONG> (Thumb, 0 bytes, Stack size unknown bytes, entry10a.o(.ARM.Collect$$$$0000000D))

<P><STRONG><a name="[262]"></a>__rt_final_exit</STRONG> (Thumb, 0 bytes, Stack size unknown bytes, entry11a.o(.ARM.Collect$$$$0000000F))

<P><STRONG><a name="[15e]"></a>memcpy</STRONG> (Thumb, 0 bytes, Stack size unknown bytes, fsl_memcpy.o(.text))
<BR><BR>[Called By]<UL><LI><a href="#[23e]">&gt;&gt;</a>&nbsp;&nbsp;&nbsp;e2cf_core_eth_frame
<LI><a href="#[23c]">&gt;&gt;</a>&nbsp;&nbsp;&nbsp;send_immediate
<LI><a href="#[21a]">&gt;&gt;</a>&nbsp;&nbsp;&nbsp;frame_send
<LI><a href="#[218]">&gt;&gt;</a>&nbsp;&nbsp;&nbsp;agg_reserve
<LI><a href="#[231]">&gt;&gt;</a>&nbsp;&nbsp;&nbsp;e2cf_core_can_rx
<LI><a href="#[22f]">&gt;&gt;</a>&nbsp;&nbsp;&nbsp;can_hw_submit_tx
<LI><a href="#[15d]">&gt;&gt;</a>&nbsp;&nbsp;&nbsp;DbgConsole_Vprintf
</UL>

<P><STRONG><a name="[fc]"></a>__aeabi_uldivmod</STRONG> (Thumb, 98 bytes, Stack size 40 bytes, uldiv.o(.text))
<BR><BR>[Stack]<UL><LI>Max Depth = 40<LI>Call Chain = __aeabi_uldivmod
</UL>
<BR>[Calls]<UL><LI><a href="#[fd]">&gt;&gt;</a>&nbsp;&nbsp;&nbsp;__aeabi_llsr
<LI><a href="#[fe]">&gt;&gt;</a>&nbsp;&nbsp;&nbsp;__aeabi_llsl
</UL>
<BR>[Called By]<UL><LI><a href="#[245]">&gt;&gt;</a>&nbsp;&nbsp;&nbsp;e2cf_core_poll
<LI><a href="#[236]">&gt;&gt;</a>&nbsp;&nbsp;&nbsp;gw_prof_dump
<LI><a href="#[17d]">&gt;&gt;</a>&nbsp;&nbsp;&nbsp;ENET_QOS_GetRxFrame
<LI><a href="#[180]">&gt;&gt;</a>&nbsp;&nbsp;&nbsp;ENET_QOS_Init
<LI><a href="#[12b]">&gt;&gt;</a>&nbsp;&nbsp;&nbsp;CLOCK_GetPllPhiClkFreq
<LI><a href="#[1a5]">&gt;&gt;</a>&nbsp;&nbsp;&nbsp;LPUART_Init
<LI><a href="#[127]">&gt;&gt;</a>&nbsp;&nbsp;&nbsp;SDK_DelayAtLeastUs
<LI><a href="#[119]">&gt;&gt;</a>&nbsp;&nbsp;&nbsp;SystemCoreClockUpdate
<LI><a href="#[256]">&gt;&gt;</a>&nbsp;&nbsp;&nbsp;_printf_core
<LI><a href="#[258]">&gt;&gt;</a>&nbsp;&nbsp;&nbsp;_fp_digits
</UL>

<P><STRONG><a name="[23f]"></a>__aeabi_memcpy</STRONG> (Thumb, 36 bytes, Stack size 0 bytes, memcpya.o(.text))
<BR><BR>[Called By]<UL><LI><a href="#[23e]">&gt;&gt;</a>&nbsp;&nbsp;&nbsp;e2cf_core_eth_frame
</UL>

<P><STRONG><a name="[11b]"></a>__aeabi_memcpy4</STRONG> (Thumb, 0 bytes, Stack size 0 bytes, memcpya.o(.text))
<BR><BR>[Called By]<UL><LI><a href="#[120]">&gt;&gt;</a>&nbsp;&nbsp;&nbsp;BOARD_InitEMACPins
<LI><a href="#[121]">&gt;&gt;</a>&nbsp;&nbsp;&nbsp;BOARD_InitFlexCANPins
<LI><a href="#[11a]">&gt;&gt;</a>&nbsp;&nbsp;&nbsp;BOARD_InitBootPins
</UL>

<P><STRONG><a name="[252]"></a>__aeabi_memcpy8</STRONG> (Thumb, 0 bytes, Stack size 0 bytes, memcpya.o(.text))
<BR><BR>[Called By]<UL><LI><a href="#[236]">&gt;&gt;</a>&nbsp;&nbsp;&nbsp;gw_prof_dump
</UL>

<P><STRONG><a name="[179]"></a>memset</STRONG> (Thumb, 18 bytes, Stack size 8 bytes, memset.o(.text))
<BR><BR>[Stack]<UL><LI>Max Depth = 8<LI>Call Chain = memset
</UL>
<BR>[Called By]<UL><LI><a href="#[ec]">&gt;&gt;</a>&nbsp;&nbsp;&nbsp;eth_callback
<LI><a href="#[245]">&gt;&gt;</a>&nbsp;&nbsp;&nbsp;e2cf_core_poll
<LI><a href="#[244]">&gt;&gt;</a>&nbsp;&nbsp;&nbsp;e2cf_core_init
<LI><a href="#[242]">&gt;&gt;</a>&nbsp;&nbsp;&nbsp;eth_raw_clear_stats
<LI><a href="#[23e]">&gt;&gt;</a>&nbsp;&nbsp;&nbsp;e2cf_core_eth_frame
<LI><a href="#[21a]">&gt;&gt;</a>&nbsp;&nbsp;&nbsp;frame_send
<LI><a href="#[224]">&gt;&gt;</a>&nbsp;&nbsp;&nbsp;can_hw_poll_errors
<LI><a href="#[221]">&gt;&gt;</a>&nbsp;&nbsp;&nbsp;can_hw_get_evt
<LI><a href="#[231]">&gt;&gt;</a>&nbsp;&nbsp;&nbsp;e2cf_core_can_rx
<LI><a href="#[21e]">&gt;&gt;</a>&nbsp;&nbsp;&nbsp;can_hw_clear_stats
<LI><a href="#[229]">&gt;&gt;</a>&nbsp;&nbsp;&nbsp;can_hw_reset
<LI><a href="#[22b]">&gt;&gt;</a>&nbsp;&nbsp;&nbsp;can_hw_set_bitrate
<LI><a href="#[222]">&gt;&gt;</a>&nbsp;&nbsp;&nbsp;can_hw_init
<LI><a href="#[1a3]">&gt;&gt;</a>&nbsp;&nbsp;&nbsp;can_irq
<LI><a href="#[21d]">&gt;&gt;</a>&nbsp;&nbsp;&nbsp;bytes_to_words
<LI><a href="#[227]">&gt;&gt;</a>&nbsp;&nbsp;&nbsp;chan_tx_kick
<LI><a href="#[196]">&gt;&gt;</a>&nbsp;&nbsp;&nbsp;FLEXCAN_GetDefaultConfig
<LI><a href="#[17d]">&gt;&gt;</a>&nbsp;&nbsp;&nbsp;ENET_QOS_GetRxFrame
<LI><a href="#[178]">&gt;&gt;</a>&nbsp;&nbsp;&nbsp;ENET_QOS_CreateHandler
<LI><a href="#[17c]">&gt;&gt;</a>&nbsp;&nbsp;&nbsp;ENET_QOS_GetDefaultConfig
<LI><a href="#[1a4]">&gt;&gt;</a>&nbsp;&nbsp;&nbsp;LPUART_GetDefaultConfig
<LI><a href="#[24b]">&gt;&gt;</a>&nbsp;&nbsp;&nbsp;eth_raw_init
</UL>

<P><STRONG><a name="[15f]"></a>strlen</STRONG> (Thumb, 14 bytes, Stack size 0 bytes, strlen.o(.text))
<BR><BR>[Called By]<UL><LI><a href="#[15d]">&gt;&gt;</a>&nbsp;&nbsp;&nbsp;DbgConsole_Vprintf
</UL>

<P><STRONG><a name="[263]"></a>__aeabi_uidiv</STRONG> (Thumb, 0 bytes, Stack size 12 bytes, uidiv.o(.text), UNUSED)

<P><STRONG><a name="[25c]"></a>__aeabi_uidivmod</STRONG> (Thumb, 44 bytes, Stack size 12 bytes, uidiv.o(.text), UNUSED)
<BR><BR>[Called By]<UL><LI><a href="#[256]">&gt;&gt;</a>&nbsp;&nbsp;&nbsp;_printf_core
</UL>

<P><STRONG><a name="[fe]"></a>__aeabi_llsl</STRONG> (Thumb, 30 bytes, Stack size 0 bytes, llshl.o(.text))
<BR><BR>[Called By]<UL><LI><a href="#[fc]">&gt;&gt;</a>&nbsp;&nbsp;&nbsp;__aeabi_uldivmod
<LI><a href="#[101]">&gt;&gt;</a>&nbsp;&nbsp;&nbsp;_double_epilogue
<LI><a href="#[ff]">&gt;&gt;</a>&nbsp;&nbsp;&nbsp;__aeabi_dadd
<LI><a href="#[107]">&gt;&gt;</a>&nbsp;&nbsp;&nbsp;__aeabi_d2ulz
</UL>

<P><STRONG><a name="[264]"></a>_ll_shift_l</STRONG> (Thumb, 0 bytes, Stack size 0 bytes, llshl.o(.text), UNUSED)

<P><STRONG><a name="[fd]"></a>__aeabi_llsr</STRONG> (Thumb, 32 bytes, Stack size 0 bytes, llushr.o(.text))
<BR><BR>[Called By]<UL><LI><a href="#[fc]">&gt;&gt;</a>&nbsp;&nbsp;&nbsp;__aeabi_uldivmod
<LI><a href="#[101]">&gt;&gt;</a>&nbsp;&nbsp;&nbsp;_double_epilogue
<LI><a href="#[107]">&gt;&gt;</a>&nbsp;&nbsp;&nbsp;__aeabi_d2ulz
</UL>

<P><STRONG><a name="[265]"></a>_ll_ushift_r</STRONG> (Thumb, 0 bytes, Stack size 0 bytes, llushr.o(.text), UNUSED)

<P><STRONG><a name="[266]"></a>__I$use$fp</STRONG> (Thumb, 0 bytes, Stack size 48 bytes, iusefp.o(.text), UNUSED)

<P><STRONG><a name="[ff]"></a>__aeabi_dadd</STRONG> (Thumb, 322 bytes, Stack size 48 bytes, dadd.o(.text), UNUSED)
<BR><BR>[Calls]<UL><LI><a href="#[100]">&gt;&gt;</a>&nbsp;&nbsp;&nbsp;__aeabi_lasr
<LI><a href="#[102]">&gt;&gt;</a>&nbsp;&nbsp;&nbsp;_double_round
<LI><a href="#[101]">&gt;&gt;</a>&nbsp;&nbsp;&nbsp;_double_epilogue
<LI><a href="#[fe]">&gt;&gt;</a>&nbsp;&nbsp;&nbsp;__aeabi_llsl
</UL>
<BR>[Called By]<UL><LI><a href="#[104]">&gt;&gt;</a>&nbsp;&nbsp;&nbsp;__aeabi_drsub
<LI><a href="#[103]">&gt;&gt;</a>&nbsp;&nbsp;&nbsp;__aeabi_dsub
<LI><a href="#[258]">&gt;&gt;</a>&nbsp;&nbsp;&nbsp;_fp_digits
</UL>

<P><STRONG><a name="[103]"></a>__aeabi_dsub</STRONG> (Thumb, 6 bytes, Stack size 0 bytes, dadd.o(.text), UNUSED)
<BR><BR>[Calls]<UL><LI><a href="#[ff]">&gt;&gt;</a>&nbsp;&nbsp;&nbsp;__aeabi_dadd
</UL>

<P><STRONG><a name="[104]"></a>__aeabi_drsub</STRONG> (Thumb, 6 bytes, Stack size 0 bytes, dadd.o(.text), UNUSED)
<BR><BR>[Calls]<UL><LI><a href="#[ff]">&gt;&gt;</a>&nbsp;&nbsp;&nbsp;__aeabi_dadd
</UL>

<P><STRONG><a name="[105]"></a>__aeabi_dmul</STRONG> (Thumb, 228 bytes, Stack size 48 bytes, dmul.o(.text), UNUSED)
<BR><BR>[Calls]<UL><LI><a href="#[101]">&gt;&gt;</a>&nbsp;&nbsp;&nbsp;_double_epilogue
</UL>
<BR>[Called By]<UL><LI><a href="#[258]">&gt;&gt;</a>&nbsp;&nbsp;&nbsp;_fp_digits
</UL>

<P><STRONG><a name="[106]"></a>__aeabi_ddiv</STRONG> (Thumb, 222 bytes, Stack size 32 bytes, ddiv.o(.text), UNUSED)
<BR><BR>[Calls]<UL><LI><a href="#[102]">&gt;&gt;</a>&nbsp;&nbsp;&nbsp;_double_round
</UL>
<BR>[Called By]<UL><LI><a href="#[258]">&gt;&gt;</a>&nbsp;&nbsp;&nbsp;_fp_digits
</UL>

<P><STRONG><a name="[107]"></a>__aeabi_d2ulz</STRONG> (Thumb, 48 bytes, Stack size 0 bytes, dfixul.o(.text), UNUSED)
<BR><BR>[Calls]<UL><LI><a href="#[fd]">&gt;&gt;</a>&nbsp;&nbsp;&nbsp;__aeabi_llsr
<LI><a href="#[fe]">&gt;&gt;</a>&nbsp;&nbsp;&nbsp;__aeabi_llsl
</UL>
<BR>[Called By]<UL><LI><a href="#[258]">&gt;&gt;</a>&nbsp;&nbsp;&nbsp;_fp_digits
</UL>

<P><STRONG><a name="[259]"></a>__aeabi_cdrcmple</STRONG> (Thumb, 48 bytes, Stack size 0 bytes, cdrcmple.o(.text), UNUSED)
<BR><BR>[Called By]<UL><LI><a href="#[258]">&gt;&gt;</a>&nbsp;&nbsp;&nbsp;_fp_digits
</UL>

<P><STRONG><a name="[fb]"></a>__scatterload</STRONG> (Thumb, 38 bytes, Stack size 0 bytes, init.o(.text))
<BR><BR>[Calls]<UL><LI><a href="#[108]">&gt;&gt;</a>&nbsp;&nbsp;&nbsp;__main_after_scatterload
</UL>
<BR>[Called By]<UL><LI><a href="#[fa]">&gt;&gt;</a>&nbsp;&nbsp;&nbsp;_main_scatterload
</UL>

<P><STRONG><a name="[267]"></a>__scatterload_rt2</STRONG> (Thumb, 0 bytes, Stack size 0 bytes, init.o(.text), UNUSED)

<P><STRONG><a name="[100]"></a>__aeabi_lasr</STRONG> (Thumb, 36 bytes, Stack size 0 bytes, llsshr.o(.text), UNUSED)
<BR><BR>[Called By]<UL><LI><a href="#[ff]">&gt;&gt;</a>&nbsp;&nbsp;&nbsp;__aeabi_dadd
</UL>

<P><STRONG><a name="[268]"></a>_ll_sshift_r</STRONG> (Thumb, 0 bytes, Stack size 0 bytes, llsshr.o(.text), UNUSED)

<P><STRONG><a name="[102]"></a>_double_round</STRONG> (Thumb, 30 bytes, Stack size 8 bytes, depilogue.o(.text), UNUSED)
<BR><BR>[Called By]<UL><LI><a href="#[101]">&gt;&gt;</a>&nbsp;&nbsp;&nbsp;_double_epilogue
<LI><a href="#[106]">&gt;&gt;</a>&nbsp;&nbsp;&nbsp;__aeabi_ddiv
<LI><a href="#[ff]">&gt;&gt;</a>&nbsp;&nbsp;&nbsp;__aeabi_dadd
</UL>

<P><STRONG><a name="[101]"></a>_double_epilogue</STRONG> (Thumb, 156 bytes, Stack size 32 bytes, depilogue.o(.text), UNUSED)
<BR><BR>[Calls]<UL><LI><a href="#[102]">&gt;&gt;</a>&nbsp;&nbsp;&nbsp;_double_round
<LI><a href="#[fd]">&gt;&gt;</a>&nbsp;&nbsp;&nbsp;__aeabi_llsr
<LI><a href="#[fe]">&gt;&gt;</a>&nbsp;&nbsp;&nbsp;__aeabi_llsl
</UL>
<BR>[Called By]<UL><LI><a href="#[105]">&gt;&gt;</a>&nbsp;&nbsp;&nbsp;__aeabi_dmul
<LI><a href="#[ff]">&gt;&gt;</a>&nbsp;&nbsp;&nbsp;__aeabi_dadd
</UL>

<P><STRONG><a name="[be]"></a>ADC0_IRQHandler</STRONG> (Thumb, 4 bytes, Stack size 0 bytes, startup_mcxe31b.o(.text.ADC0_IRQHandler))
<BR><BR>[Calls]<UL><LI><a href="#[109]">&gt;&gt;</a>&nbsp;&nbsp;&nbsp;ADC0_DriverIRQHandler
</UL>
<BR>[Address Reference Count : 1]<UL><LI> startup_mcxe31b.o(.isr_vector)
</UL>
<P><STRONG><a name="[bf]"></a>ADC1_IRQHandler</STRONG> (Thumb, 4 bytes, Stack size 0 bytes, startup_mcxe31b.o(.text.ADC1_IRQHandler))
<BR><BR>[Calls]<UL><LI><a href="#[10a]">&gt;&gt;</a>&nbsp;&nbsp;&nbsp;ADC1_DriverIRQHandler
</UL>
<BR>[Address Reference Count : 1]<UL><LI> startup_mcxe31b.o(.isr_vector)
</UL>
<P><STRONG><a name="[c0]"></a>ADC2_IRQHandler</STRONG> (Thumb, 4 bytes, Stack size 0 bytes, startup_mcxe31b.o(.text.ADC2_IRQHandler))
<BR><BR>[Calls]<UL><LI><a href="#[10b]">&gt;&gt;</a>&nbsp;&nbsp;&nbsp;ADC2_DriverIRQHandler
</UL>
<BR>[Address Reference Count : 1]<UL><LI> startup_mcxe31b.o(.isr_vector)
</UL>
<P><STRONG><a name="[e1]"></a>AIPS_PLAT_CLK_FAIL_IRQHandler</STRONG> (Thumb, 4 bytes, Stack size 0 bytes, startup_mcxe31b.o(.text.AIPS_PLAT_CLK_FAIL_IRQHandler))
<BR><BR>[Calls]<UL><LI><a href="#[10c]">&gt;&gt;</a>&nbsp;&nbsp;&nbsp;AIPS_PLAT_CLK_FAIL_DriverIRQHandler
</UL>
<BR>[Address Reference Count : 1]<UL><LI> startup_mcxe31b.o(.isr_vector)
</UL>
<P><STRONG><a name="[61]"></a>BCTU_IRQHandler</STRONG> (Thumb, 4 bytes, Stack size 0 bytes, startup_mcxe31b.o(.text.BCTU_IRQHandler))
<BR><BR>[Calls]<UL><LI><a href="#[10d]">&gt;&gt;</a>&nbsp;&nbsp;&nbsp;BCTU_DriverIRQHandler
</UL>
<BR>[Address Reference Count : 1]<UL><LI> startup_mcxe31b.o(.isr_vector)
</UL>
<P><STRONG><a name="[10e]"></a>BOARD_BootClockRUN_InitClockModule</STRONG> (Thumb, 284 bytes, Stack size 16 bytes, clock_config.o(.text.BOARD_BootClockRUN_InitClockModule))
<BR><BR>[Stack]<UL><LI>Max Depth = 176 + Unknown Stack Size
<LI>Call Chain = BOARD_BootClockRUN_InitClockModule &rArr; CLOCK_ProgressiveClockFrequencySwitch &rArr; __aeabi_assert &rArr; DbgConsole_Printf &rArr; DbgConsole_Vprintf
</UL>
<BR>[Calls]<UL><LI><a href="#[114]">&gt;&gt;</a>&nbsp;&nbsp;&nbsp;__aeabi_assert
<LI><a href="#[111]">&gt;&gt;</a>&nbsp;&nbsp;&nbsp;CLOCK_ProgressiveClockFrequencySwitch
<LI><a href="#[110]">&gt;&gt;</a>&nbsp;&nbsp;&nbsp;CLOCK_SetClkDiv
<LI><a href="#[112]">&gt;&gt;</a>&nbsp;&nbsp;&nbsp;CLOCK_InitPll
<LI><a href="#[113]">&gt;&gt;</a>&nbsp;&nbsp;&nbsp;CLOCK_InitFxosc
<LI><a href="#[10f]">&gt;&gt;</a>&nbsp;&nbsp;&nbsp;CLOCK_SelectSafeClock
</UL>
<BR>[Called By]<UL><LI><a href="#[117]">&gt;&gt;</a>&nbsp;&nbsp;&nbsp;BOARD_InitBootClocks
</UL>

<P><STRONG><a name="[118]"></a>BOARD_ClockPostConfig</STRONG> (Thumb, 18 bytes, Stack size 0 bytes, board.o(.text.BOARD_ClockPostConfig))
<BR><BR>[Called By]<UL><LI><a href="#[117]">&gt;&gt;</a>&nbsp;&nbsp;&nbsp;BOARD_InitBootClocks
</UL>

<P><STRONG><a name="[115]"></a>BOARD_ClockPreConfig</STRONG> (Thumb, 110 bytes, Stack size 8 bytes, board.o(.text.BOARD_ClockPreConfig))
<BR><BR>[Stack]<UL><LI>Max Depth = 8<LI>Call Chain = BOARD_ClockPreConfig
</UL>
<BR>[Calls]<UL><LI><a href="#[10f]">&gt;&gt;</a>&nbsp;&nbsp;&nbsp;CLOCK_SelectSafeClock
<LI><a href="#[116]">&gt;&gt;</a>&nbsp;&nbsp;&nbsp;BOARD_EnableSRAMExtraLatency
</UL>
<BR>[Called By]<UL><LI><a href="#[117]">&gt;&gt;</a>&nbsp;&nbsp;&nbsp;BOARD_InitBootClocks
</UL>

<P><STRONG><a name="[123]"></a>BOARD_ConfigMPU</STRONG> (Thumb, 756 bytes, Stack size 44 bytes, board.o(.text.BOARD_ConfigMPU))
<BR><BR>[Stack]<UL><LI>Max Depth = 44<LI>Call Chain = BOARD_ConfigMPU
</UL>
<BR>[Called By]<UL><LI><a href="#[122]">&gt;&gt;</a>&nbsp;&nbsp;&nbsp;BOARD_InitHardware
</UL>

<P><STRONG><a name="[117]"></a>BOARD_InitBootClocks</STRONG> (Thumb, 106 bytes, Stack size 8 bytes, clock_config.o(.text.BOARD_InitBootClocks))
<BR><BR>[Stack]<UL><LI>Max Depth = 184 + Unknown Stack Size
<LI>Call Chain = BOARD_InitBootClocks &rArr; BOARD_BootClockRUN_InitClockModule &rArr; CLOCK_ProgressiveClockFrequencySwitch &rArr; __aeabi_assert &rArr; DbgConsole_Printf &rArr; DbgConsole_Vprintf
</UL>
<BR>[Calls]<UL><LI><a href="#[119]">&gt;&gt;</a>&nbsp;&nbsp;&nbsp;SystemCoreClockUpdate
<LI><a href="#[10e]">&gt;&gt;</a>&nbsp;&nbsp;&nbsp;BOARD_BootClockRUN_InitClockModule
<LI><a href="#[112]">&gt;&gt;</a>&nbsp;&nbsp;&nbsp;CLOCK_InitPll
<LI><a href="#[113]">&gt;&gt;</a>&nbsp;&nbsp;&nbsp;CLOCK_InitFxosc
<LI><a href="#[118]">&gt;&gt;</a>&nbsp;&nbsp;&nbsp;BOARD_ClockPostConfig
<LI><a href="#[115]">&gt;&gt;</a>&nbsp;&nbsp;&nbsp;BOARD_ClockPreConfig
</UL>
<BR>[Called By]<UL><LI><a href="#[122]">&gt;&gt;</a>&nbsp;&nbsp;&nbsp;BOARD_InitHardware
</UL>

<P><STRONG><a name="[11a]"></a>BOARD_InitBootPins</STRONG> (Thumb, 56 bytes, Stack size 224 bytes, pin_mux.o(.text.BOARD_InitBootPins))
<BR><BR>[Stack]<UL><LI>Max Depth = 368 + Unknown Stack Size
<LI>Call Chain = BOARD_InitBootPins &rArr; SIUL2_PinInit &rArr; __aeabi_assert &rArr; DbgConsole_Printf &rArr; DbgConsole_Vprintf
</UL>
<BR>[Calls]<UL><LI><a href="#[11c]">&gt;&gt;</a>&nbsp;&nbsp;&nbsp;SIUL2_PinInit
<LI><a href="#[11b]">&gt;&gt;</a>&nbsp;&nbsp;&nbsp;__aeabi_memcpy4
</UL>
<BR>[Called By]<UL><LI><a href="#[122]">&gt;&gt;</a>&nbsp;&nbsp;&nbsp;BOARD_InitHardware
</UL>

<P><STRONG><a name="[11d]"></a>BOARD_InitDebugConsole</STRONG> (Thumb, 26 bytes, Stack size 8 bytes, board.o(.text.BOARD_InitDebugConsole))
<BR><BR>[Stack]<UL><LI>Max Depth = 280 + Unknown Stack Size
<LI>Call Chain = BOARD_InitDebugConsole &rArr; DbgConsole_Init &rArr; HAL_UartInit &rArr; LPUART_Init &rArr; CLOCK_EnableClock &rArr; __aeabi_assert &rArr; DbgConsole_Printf &rArr; DbgConsole_Vprintf
</UL>
<BR>[Calls]<UL><LI><a href="#[11f]">&gt;&gt;</a>&nbsp;&nbsp;&nbsp;DbgConsole_Init
<LI><a href="#[11e]">&gt;&gt;</a>&nbsp;&nbsp;&nbsp;CLOCK_GetFreq
</UL>
<BR>[Called By]<UL><LI><a href="#[122]">&gt;&gt;</a>&nbsp;&nbsp;&nbsp;BOARD_InitHardware
</UL>

<P><STRONG><a name="[120]"></a>BOARD_InitEMACPins</STRONG> (Thumb, 252 bytes, Stack size 1088 bytes, pin_mux.o(.text.BOARD_InitEMACPins))
<BR><BR>[Stack]<UL><LI>Max Depth = 1232 + Unknown Stack Size
<LI>Call Chain = BOARD_InitEMACPins &rArr; SIUL2_PinInit &rArr; __aeabi_assert &rArr; DbgConsole_Printf &rArr; DbgConsole_Vprintf
</UL>
<BR>[Calls]<UL><LI><a href="#[11c]">&gt;&gt;</a>&nbsp;&nbsp;&nbsp;SIUL2_PinInit
<LI><a href="#[11b]">&gt;&gt;</a>&nbsp;&nbsp;&nbsp;__aeabi_memcpy4
</UL>
<BR>[Called By]<UL><LI><a href="#[122]">&gt;&gt;</a>&nbsp;&nbsp;&nbsp;BOARD_InitHardware
</UL>

<P><STRONG><a name="[121]"></a>BOARD_InitFlexCANPins</STRONG> (Thumb, 304 bytes, Stack size 1304 bytes, pin_mux.o(.text.BOARD_InitFlexCANPins))
<BR><BR>[Stack]<UL><LI>Max Depth = 1448 + Unknown Stack Size
<LI>Call Chain = BOARD_InitFlexCANPins &rArr; SIUL2_PinInit &rArr; __aeabi_assert &rArr; DbgConsole_Printf &rArr; DbgConsole_Vprintf
</UL>
<BR>[Calls]<UL><LI><a href="#[11c]">&gt;&gt;</a>&nbsp;&nbsp;&nbsp;SIUL2_PinInit
<LI><a href="#[11b]">&gt;&gt;</a>&nbsp;&nbsp;&nbsp;__aeabi_memcpy4
</UL>
<BR>[Called By]<UL><LI><a href="#[122]">&gt;&gt;</a>&nbsp;&nbsp;&nbsp;BOARD_InitHardware
</UL>

<P><STRONG><a name="[122]"></a>BOARD_InitHardware</STRONG> (Thumb, 216 bytes, Stack size 8 bytes, hardware_init.o(.text.BOARD_InitHardware))
<BR><BR>[Stack]<UL><LI>Max Depth = 1456 + Unknown Stack Size
<LI>Call Chain = BOARD_InitHardware &rArr; BOARD_InitFlexCANPins &rArr; SIUL2_PinInit &rArr; __aeabi_assert &rArr; DbgConsole_Printf &rArr; DbgConsole_Vprintf
</UL>
<BR>[Calls]<UL><LI><a href="#[129]">&gt;&gt;</a>&nbsp;&nbsp;&nbsp;ENET_QOS_SetSMI
<LI><a href="#[128]">&gt;&gt;</a>&nbsp;&nbsp;&nbsp;CLOCK_GetAipsPlatClkFreq
<LI><a href="#[127]">&gt;&gt;</a>&nbsp;&nbsp;&nbsp;SDK_DelayAtLeastUs
<LI><a href="#[120]">&gt;&gt;</a>&nbsp;&nbsp;&nbsp;BOARD_InitEMACPins
<LI><a href="#[121]">&gt;&gt;</a>&nbsp;&nbsp;&nbsp;BOARD_InitFlexCANPins
<LI><a href="#[11a]">&gt;&gt;</a>&nbsp;&nbsp;&nbsp;BOARD_InitBootPins
<LI><a href="#[126]">&gt;&gt;</a>&nbsp;&nbsp;&nbsp;CLOCK_EnableClock
<LI><a href="#[125]">&gt;&gt;</a>&nbsp;&nbsp;&nbsp;CLOCK_AttachClk
<LI><a href="#[124]">&gt;&gt;</a>&nbsp;&nbsp;&nbsp;CLOCK_SetEmacRmiiTxClkFreq
<LI><a href="#[110]">&gt;&gt;</a>&nbsp;&nbsp;&nbsp;CLOCK_SetClkDiv
<LI><a href="#[117]">&gt;&gt;</a>&nbsp;&nbsp;&nbsp;BOARD_InitBootClocks
<LI><a href="#[11e]">&gt;&gt;</a>&nbsp;&nbsp;&nbsp;CLOCK_GetFreq
<LI><a href="#[11d]">&gt;&gt;</a>&nbsp;&nbsp;&nbsp;BOARD_InitDebugConsole
<LI><a href="#[123]">&gt;&gt;</a>&nbsp;&nbsp;&nbsp;BOARD_ConfigMPU
</UL>
<BR>[Called By]<UL><LI><a href="#[e4]">&gt;&gt;</a>&nbsp;&nbsp;&nbsp;main
</UL>

<P><STRONG><a name="[4]"></a>BusFault_Handler</STRONG> (Thumb, 2 bytes, Stack size 0 bytes, startup_mcxe31b.o(.text.BusFault_Handler))
<BR><BR>[Calls]<UL><LI><a href="#[4]">&gt;&gt;</a>&nbsp;&nbsp;&nbsp;BusFault_Handler
</UL>
<BR>[Called By]<UL><LI><a href="#[4]">&gt;&gt;</a>&nbsp;&nbsp;&nbsp;BusFault_Handler
</UL>
<BR>[Address Reference Count : 1]<UL><LI> startup_mcxe31b.o(.isr_vector)
</UL>
<P><STRONG><a name="[125]"></a>CLOCK_AttachClk</STRONG> (Thumb, 172 bytes, Stack size 0 bytes, fsl_clock.o(.text.CLOCK_AttachClk))
<BR><BR>[Stack]<UL><LI>Max Depth = 128 + Unknown Stack Size
<LI>Call Chain = CLOCK_AttachClk &rArr; __aeabi_assert &rArr; DbgConsole_Printf &rArr; DbgConsole_Vprintf
</UL>
<BR>[Calls]<UL><LI><a href="#[114]">&gt;&gt;</a>&nbsp;&nbsp;&nbsp;__aeabi_assert
</UL>
<BR>[Called By]<UL><LI><a href="#[122]">&gt;&gt;</a>&nbsp;&nbsp;&nbsp;BOARD_InitHardware
</UL>

<P><STRONG><a name="[12a]"></a>CLOCK_DisableClock</STRONG> (Thumb, 126 bytes, Stack size 0 bytes, fsl_clock.o(.text.CLOCK_DisableClock))
<BR><BR>[Stack]<UL><LI>Max Depth = 128 + Unknown Stack Size
<LI>Call Chain = CLOCK_DisableClock &rArr; __aeabi_assert &rArr; DbgConsole_Printf &rArr; DbgConsole_Vprintf
</UL>
<BR>[Calls]<UL><LI><a href="#[114]">&gt;&gt;</a>&nbsp;&nbsp;&nbsp;__aeabi_assert
</UL>
<BR>[Called By]<UL><LI><a href="#[190]">&gt;&gt;</a>&nbsp;&nbsp;&nbsp;FLEXCAN_Deinit
<LI><a href="#[17b]">&gt;&gt;</a>&nbsp;&nbsp;&nbsp;ENET_QOS_EnableClock
</UL>

<P><STRONG><a name="[126]"></a>CLOCK_EnableClock</STRONG> (Thumb, 138 bytes, Stack size 0 bytes, fsl_clock.o(.text.CLOCK_EnableClock))
<BR><BR>[Stack]<UL><LI>Max Depth = 128 + Unknown Stack Size
<LI>Call Chain = CLOCK_EnableClock &rArr; __aeabi_assert &rArr; DbgConsole_Printf &rArr; DbgConsole_Vprintf
</UL>
<BR>[Calls]<UL><LI><a href="#[114]">&gt;&gt;</a>&nbsp;&nbsp;&nbsp;__aeabi_assert
</UL>
<BR>[Called By]<UL><LI><a href="#[195]">&gt;&gt;</a>&nbsp;&nbsp;&nbsp;FLEXCAN_Init
<LI><a href="#[180]">&gt;&gt;</a>&nbsp;&nbsp;&nbsp;ENET_QOS_Init
<LI><a href="#[1a5]">&gt;&gt;</a>&nbsp;&nbsp;&nbsp;LPUART_Init
<LI><a href="#[122]">&gt;&gt;</a>&nbsp;&nbsp;&nbsp;BOARD_InitHardware
<LI><a href="#[17b]">&gt;&gt;</a>&nbsp;&nbsp;&nbsp;ENET_QOS_EnableClock
</UL>

<P><STRONG><a name="[128]"></a>CLOCK_GetAipsPlatClkFreq</STRONG> (Thumb, 112 bytes, Stack size 8 bytes, fsl_clock.o(.text.CLOCK_GetAipsPlatClkFreq))
<BR><BR>[Stack]<UL><LI>Max Depth = 160 + Unknown Stack Size
<LI>Call Chain = CLOCK_GetAipsPlatClkFreq &rArr; CLOCK_GetPllPhiClkFreq &rArr; __aeabi_assert &rArr; DbgConsole_Printf &rArr; DbgConsole_Vprintf
</UL>
<BR>[Calls]<UL><LI><a href="#[12b]">&gt;&gt;</a>&nbsp;&nbsp;&nbsp;CLOCK_GetPllPhiClkFreq
</UL>
<BR>[Called By]<UL><LI><a href="#[122]">&gt;&gt;</a>&nbsp;&nbsp;&nbsp;BOARD_InitHardware
<LI><a href="#[24b]">&gt;&gt;</a>&nbsp;&nbsp;&nbsp;eth_raw_init
</UL>

<P><STRONG><a name="[12c]"></a>CLOCK_GetDcmClkFreq</STRONG> (Thumb, 112 bytes, Stack size 8 bytes, fsl_clock.o(.text.CLOCK_GetDcmClkFreq))
<BR><BR>[Stack]<UL><LI>Max Depth = 160 + Unknown Stack Size
<LI>Call Chain = CLOCK_GetDcmClkFreq &rArr; CLOCK_GetPllPhiClkFreq &rArr; __aeabi_assert &rArr; DbgConsole_Printf &rArr; DbgConsole_Vprintf
</UL>
<BR>[Calls]<UL><LI><a href="#[12b]">&gt;&gt;</a>&nbsp;&nbsp;&nbsp;CLOCK_GetPllPhiClkFreq
</UL>
<BR>[Called By]<UL><LI><a href="#[11e]">&gt;&gt;</a>&nbsp;&nbsp;&nbsp;CLOCK_GetFreq
</UL>

<P><STRONG><a name="[12d]"></a>CLOCK_GetFlexcanPeClkFreq</STRONG> (Thumb, 496 bytes, Stack size 16 bytes, fsl_clock.o(.text.CLOCK_GetFlexcanPeClkFreq))
<BR><BR>[Stack]<UL><LI>Max Depth = 168 + Unknown Stack Size
<LI>Call Chain = CLOCK_GetFlexcanPeClkFreq &rArr; CLOCK_GetPllPhiClkFreq &rArr; __aeabi_assert &rArr; DbgConsole_Printf &rArr; DbgConsole_Vprintf
</UL>
<BR>[Calls]<UL><LI><a href="#[12b]">&gt;&gt;</a>&nbsp;&nbsp;&nbsp;CLOCK_GetPllPhiClkFreq
<LI><a href="#[114]">&gt;&gt;</a>&nbsp;&nbsp;&nbsp;__aeabi_assert
</UL>
<BR>[Called By]<UL><LI><a href="#[11e]">&gt;&gt;</a>&nbsp;&nbsp;&nbsp;CLOCK_GetFreq
</UL>

<P><STRONG><a name="[11e]"></a>CLOCK_GetFreq</STRONG> (Thumb, 724 bytes, Stack size 8 bytes, fsl_clock.o(.text.CLOCK_GetFreq))
<BR><BR>[Stack]<UL><LI>Max Depth = 176 + Unknown Stack Size
<LI>Call Chain = CLOCK_GetFreq &rArr; CLOCK_GetFlexcanPeClkFreq &rArr; CLOCK_GetPllPhiClkFreq &rArr; __aeabi_assert &rArr; DbgConsole_Printf &rArr; DbgConsole_Vprintf
</UL>
<BR>[Calls]<UL><LI><a href="#[12d]">&gt;&gt;</a>&nbsp;&nbsp;&nbsp;CLOCK_GetFlexcanPeClkFreq
<LI><a href="#[132]">&gt;&gt;</a>&nbsp;&nbsp;&nbsp;CLOCK_GetQspiSfckFreq
<LI><a href="#[12f]">&gt;&gt;</a>&nbsp;&nbsp;&nbsp;CLOCK_GetStmClkFreq
<LI><a href="#[130]">&gt;&gt;</a>&nbsp;&nbsp;&nbsp;CLOCK_GetQspiClkFreq
<LI><a href="#[12e]">&gt;&gt;</a>&nbsp;&nbsp;&nbsp;CLOCK_GetLbistClkFreq
<LI><a href="#[12c]">&gt;&gt;</a>&nbsp;&nbsp;&nbsp;CLOCK_GetDcmClkFreq
<LI><a href="#[131]">&gt;&gt;</a>&nbsp;&nbsp;&nbsp;CLOCK_GetHseClkFreq
<LI><a href="#[12b]">&gt;&gt;</a>&nbsp;&nbsp;&nbsp;CLOCK_GetPllPhiClkFreq
</UL>
<BR>[Called By]<UL><LI><a href="#[222]">&gt;&gt;</a>&nbsp;&nbsp;&nbsp;can_hw_init
<LI><a href="#[122]">&gt;&gt;</a>&nbsp;&nbsp;&nbsp;BOARD_InitHardware
<LI><a href="#[11d]">&gt;&gt;</a>&nbsp;&nbsp;&nbsp;BOARD_InitDebugConsole
</UL>

<P><STRONG><a name="[131]"></a>CLOCK_GetHseClkFreq</STRONG> (Thumb, 112 bytes, Stack size 8 bytes, fsl_clock.o(.text.CLOCK_GetHseClkFreq))
<BR><BR>[Stack]<UL><LI>Max Depth = 160 + Unknown Stack Size
<LI>Call Chain = CLOCK_GetHseClkFreq &rArr; CLOCK_GetPllPhiClkFreq &rArr; __aeabi_assert &rArr; DbgConsole_Printf &rArr; DbgConsole_Vprintf
</UL>
<BR>[Calls]<UL><LI><a href="#[12b]">&gt;&gt;</a>&nbsp;&nbsp;&nbsp;CLOCK_GetPllPhiClkFreq
</UL>
<BR>[Called By]<UL><LI><a href="#[11e]">&gt;&gt;</a>&nbsp;&nbsp;&nbsp;CLOCK_GetFreq
</UL>

<P><STRONG><a name="[12e]"></a>CLOCK_GetLbistClkFreq</STRONG> (Thumb, 112 bytes, Stack size 8 bytes, fsl_clock.o(.text.CLOCK_GetLbistClkFreq))
<BR><BR>[Stack]<UL><LI>Max Depth = 160 + Unknown Stack Size
<LI>Call Chain = CLOCK_GetLbistClkFreq &rArr; CLOCK_GetPllPhiClkFreq &rArr; __aeabi_assert &rArr; DbgConsole_Printf &rArr; DbgConsole_Vprintf
</UL>
<BR>[Calls]<UL><LI><a href="#[12b]">&gt;&gt;</a>&nbsp;&nbsp;&nbsp;CLOCK_GetPllPhiClkFreq
</UL>
<BR>[Called By]<UL><LI><a href="#[11e]">&gt;&gt;</a>&nbsp;&nbsp;&nbsp;CLOCK_GetFreq
</UL>

<P><STRONG><a name="[12b]"></a>CLOCK_GetPllPhiClkFreq</STRONG> (Thumb, 264 bytes, Stack size 24 bytes, fsl_clock.o(.text.CLOCK_GetPllPhiClkFreq))
<BR><BR>[Stack]<UL><LI>Max Depth = 152 + Unknown Stack Size
<LI>Call Chain = CLOCK_GetPllPhiClkFreq &rArr; __aeabi_assert &rArr; DbgConsole_Printf &rArr; DbgConsole_Vprintf
</UL>
<BR>[Calls]<UL><LI><a href="#[114]">&gt;&gt;</a>&nbsp;&nbsp;&nbsp;__aeabi_assert
<LI><a href="#[fc]">&gt;&gt;</a>&nbsp;&nbsp;&nbsp;__aeabi_uldivmod
</UL>
<BR>[Called By]<UL><LI><a href="#[12d]">&gt;&gt;</a>&nbsp;&nbsp;&nbsp;CLOCK_GetFlexcanPeClkFreq
<LI><a href="#[132]">&gt;&gt;</a>&nbsp;&nbsp;&nbsp;CLOCK_GetQspiSfckFreq
<LI><a href="#[12f]">&gt;&gt;</a>&nbsp;&nbsp;&nbsp;CLOCK_GetStmClkFreq
<LI><a href="#[130]">&gt;&gt;</a>&nbsp;&nbsp;&nbsp;CLOCK_GetQspiClkFreq
<LI><a href="#[12e]">&gt;&gt;</a>&nbsp;&nbsp;&nbsp;CLOCK_GetLbistClkFreq
<LI><a href="#[12c]">&gt;&gt;</a>&nbsp;&nbsp;&nbsp;CLOCK_GetDcmClkFreq
<LI><a href="#[131]">&gt;&gt;</a>&nbsp;&nbsp;&nbsp;CLOCK_GetHseClkFreq
<LI><a href="#[128]">&gt;&gt;</a>&nbsp;&nbsp;&nbsp;CLOCK_GetAipsPlatClkFreq
<LI><a href="#[11e]">&gt;&gt;</a>&nbsp;&nbsp;&nbsp;CLOCK_GetFreq
</UL>

<P><STRONG><a name="[130]"></a>CLOCK_GetQspiClkFreq</STRONG> (Thumb, 112 bytes, Stack size 8 bytes, fsl_clock.o(.text.CLOCK_GetQspiClkFreq))
<BR><BR>[Stack]<UL><LI>Max Depth = 160 + Unknown Stack Size
<LI>Call Chain = CLOCK_GetQspiClkFreq &rArr; CLOCK_GetPllPhiClkFreq &rArr; __aeabi_assert &rArr; DbgConsole_Printf &rArr; DbgConsole_Vprintf
</UL>
<BR>[Calls]<UL><LI><a href="#[12b]">&gt;&gt;</a>&nbsp;&nbsp;&nbsp;CLOCK_GetPllPhiClkFreq
</UL>
<BR>[Called By]<UL><LI><a href="#[11e]">&gt;&gt;</a>&nbsp;&nbsp;&nbsp;CLOCK_GetFreq
</UL>

<P><STRONG><a name="[132]"></a>CLOCK_GetQspiSfckFreq</STRONG> (Thumb, 144 bytes, Stack size 8 bytes, fsl_clock.o(.text.CLOCK_GetQspiSfckFreq))
<BR><BR>[Stack]<UL><LI>Max Depth = 160 + Unknown Stack Size
<LI>Call Chain = CLOCK_GetQspiSfckFreq &rArr; CLOCK_GetPllPhiClkFreq &rArr; __aeabi_assert &rArr; DbgConsole_Printf &rArr; DbgConsole_Vprintf
</UL>
<BR>[Calls]<UL><LI><a href="#[12b]">&gt;&gt;</a>&nbsp;&nbsp;&nbsp;CLOCK_GetPllPhiClkFreq
</UL>
<BR>[Called By]<UL><LI><a href="#[11e]">&gt;&gt;</a>&nbsp;&nbsp;&nbsp;CLOCK_GetFreq
</UL>

<P><STRONG><a name="[12f]"></a>CLOCK_GetStmClkFreq</STRONG> (Thumb, 264 bytes, Stack size 16 bytes, fsl_clock.o(.text.CLOCK_GetStmClkFreq))
<BR><BR>[Stack]<UL><LI>Max Depth = 168 + Unknown Stack Size
<LI>Call Chain = CLOCK_GetStmClkFreq &rArr; CLOCK_GetPllPhiClkFreq &rArr; __aeabi_assert &rArr; DbgConsole_Printf &rArr; DbgConsole_Vprintf
</UL>
<BR>[Calls]<UL><LI><a href="#[12b]">&gt;&gt;</a>&nbsp;&nbsp;&nbsp;CLOCK_GetPllPhiClkFreq
<LI><a href="#[114]">&gt;&gt;</a>&nbsp;&nbsp;&nbsp;__aeabi_assert
</UL>
<BR>[Called By]<UL><LI><a href="#[11e]">&gt;&gt;</a>&nbsp;&nbsp;&nbsp;CLOCK_GetFreq
</UL>

<P><STRONG><a name="[113]"></a>CLOCK_InitFxosc</STRONG> (Thumb, 200 bytes, Stack size 16 bytes, fsl_clock.o(.text.CLOCK_InitFxosc))
<BR><BR>[Stack]<UL><LI>Max Depth = 152 + Unknown Stack Size
<LI>Call Chain = CLOCK_InitFxosc &rArr; SDK_DelayAtLeastUs &rArr; __aeabi_assert &rArr; DbgConsole_Printf &rArr; DbgConsole_Vprintf
</UL>
<BR>[Calls]<UL><LI><a href="#[127]">&gt;&gt;</a>&nbsp;&nbsp;&nbsp;SDK_DelayAtLeastUs
</UL>
<BR>[Called By]<UL><LI><a href="#[10e]">&gt;&gt;</a>&nbsp;&nbsp;&nbsp;BOARD_BootClockRUN_InitClockModule
<LI><a href="#[117]">&gt;&gt;</a>&nbsp;&nbsp;&nbsp;BOARD_InitBootClocks
</UL>

<P><STRONG><a name="[112]"></a>CLOCK_InitPll</STRONG> (Thumb, 520 bytes, Stack size 16 bytes, fsl_clock.o(.text.CLOCK_InitPll))
<BR><BR>[Stack]<UL><LI>Max Depth = 152 + Unknown Stack Size
<LI>Call Chain = CLOCK_InitPll &rArr; SDK_DelayAtLeastUs &rArr; __aeabi_assert &rArr; DbgConsole_Printf &rArr; DbgConsole_Vprintf
</UL>
<BR>[Calls]<UL><LI><a href="#[127]">&gt;&gt;</a>&nbsp;&nbsp;&nbsp;SDK_DelayAtLeastUs
<LI><a href="#[114]">&gt;&gt;</a>&nbsp;&nbsp;&nbsp;__aeabi_assert
</UL>
<BR>[Called By]<UL><LI><a href="#[10e]">&gt;&gt;</a>&nbsp;&nbsp;&nbsp;BOARD_BootClockRUN_InitClockModule
<LI><a href="#[117]">&gt;&gt;</a>&nbsp;&nbsp;&nbsp;BOARD_InitBootClocks
</UL>

<P><STRONG><a name="[111]"></a>CLOCK_ProgressiveClockFrequencySwitch</STRONG> (Thumb, 576 bytes, Stack size 32 bytes, fsl_clock.o(.text.CLOCK_ProgressiveClockFrequencySwitch))
<BR><BR>[Stack]<UL><LI>Max Depth = 160 + Unknown Stack Size
<LI>Call Chain = CLOCK_ProgressiveClockFrequencySwitch &rArr; __aeabi_assert &rArr; DbgConsole_Printf &rArr; DbgConsole_Vprintf
</UL>
<BR>[Calls]<UL><LI><a href="#[114]">&gt;&gt;</a>&nbsp;&nbsp;&nbsp;__aeabi_assert
</UL>
<BR>[Called By]<UL><LI><a href="#[10e]">&gt;&gt;</a>&nbsp;&nbsp;&nbsp;BOARD_BootClockRUN_InitClockModule
</UL>

<P><STRONG><a name="[10f]"></a>CLOCK_SelectSafeClock</STRONG> (Thumb, 68 bytes, Stack size 0 bytes, fsl_clock.o(.text.CLOCK_SelectSafeClock))
<BR><BR>[Called By]<UL><LI><a href="#[10e]">&gt;&gt;</a>&nbsp;&nbsp;&nbsp;BOARD_BootClockRUN_InitClockModule
<LI><a href="#[115]">&gt;&gt;</a>&nbsp;&nbsp;&nbsp;BOARD_ClockPreConfig
</UL>

<P><STRONG><a name="[110]"></a>CLOCK_SetClkDiv</STRONG> (Thumb, 108 bytes, Stack size 8 bytes, fsl_clock.o(.text.CLOCK_SetClkDiv))
<BR><BR>[Stack]<UL><LI>Max Depth = 8<LI>Call Chain = CLOCK_SetClkDiv
</UL>
<BR>[Called By]<UL><LI><a href="#[122]">&gt;&gt;</a>&nbsp;&nbsp;&nbsp;BOARD_InitHardware
<LI><a href="#[10e]">&gt;&gt;</a>&nbsp;&nbsp;&nbsp;BOARD_BootClockRUN_InitClockModule
</UL>

<P><STRONG><a name="[124]"></a>CLOCK_SetEmacRmiiTxClkFreq</STRONG> (Thumb, 12 bytes, Stack size 0 bytes, fsl_clock.o(.text.CLOCK_SetEmacRmiiTxClkFreq))
<BR><BR>[Called By]<UL><LI><a href="#[122]">&gt;&gt;</a>&nbsp;&nbsp;&nbsp;BOARD_InitHardware
</UL>

<P><STRONG><a name="[c1]"></a>CMP0_IRQHandler</STRONG> (Thumb, 4 bytes, Stack size 0 bytes, startup_mcxe31b.o(.text.CMP0_IRQHandler))
<BR><BR>[Calls]<UL><LI><a href="#[133]">&gt;&gt;</a>&nbsp;&nbsp;&nbsp;CMP0_DriverIRQHandler
</UL>
<BR>[Address Reference Count : 1]<UL><LI> startup_mcxe31b.o(.isr_vector)
</UL>
<P><STRONG><a name="[c2]"></a>CMP1_IRQHandler</STRONG> (Thumb, 4 bytes, Stack size 0 bytes, startup_mcxe31b.o(.text.CMP1_IRQHandler))
<BR><BR>[Calls]<UL><LI><a href="#[134]">&gt;&gt;</a>&nbsp;&nbsp;&nbsp;CMP1_DriverIRQHandler
</UL>
<BR>[Address Reference Count : 1]<UL><LI> startup_mcxe31b.o(.isr_vector)
</UL>
<P><STRONG><a name="[c3]"></a>CMP2_IRQHandler</STRONG> (Thumb, 4 bytes, Stack size 0 bytes, startup_mcxe31b.o(.text.CMP2_IRQHandler))
<BR><BR>[Calls]<UL><LI><a href="#[135]">&gt;&gt;</a>&nbsp;&nbsp;&nbsp;CMP2_DriverIRQHandler
</UL>
<BR>[Address Reference Count : 1]<UL><LI> startup_mcxe31b.o(.isr_vector)
</UL>
<P><STRONG><a name="[5e]"></a>CMU0_IRQHandler</STRONG> (Thumb, 6 bytes, Stack size 0 bytes, startup_mcxe31b.o(.text.CMU0_IRQHandler))
<BR><BR>[Calls]<UL><LI><a href="#[136]">&gt;&gt;</a>&nbsp;&nbsp;&nbsp;CMU_FC_DriverIRQHandler
</UL>
<BR>[Address Reference Count : 1]<UL><LI> startup_mcxe31b.o(.isr_vector)
</UL>
<P><STRONG><a name="[5f]"></a>CMU1_IRQHandler</STRONG> (Thumb, 6 bytes, Stack size 0 bytes, startup_mcxe31b.o(.text.CMU1_IRQHandler))
<BR><BR>[Calls]<UL><LI><a href="#[137]">&gt;&gt;</a>&nbsp;&nbsp;&nbsp;CMU_FM_DriverIRQHandler
</UL>
<BR>[Address Reference Count : 1]<UL><LI> startup_mcxe31b.o(.isr_vector)
</UL>
<P><STRONG><a name="[60]"></a>CMU2_IRQHandler</STRONG> (Thumb, 6 bytes, Stack size 0 bytes, startup_mcxe31b.o(.text.CMU2_IRQHandler))
<BR><BR>[Calls]<UL><LI><a href="#[137]">&gt;&gt;</a>&nbsp;&nbsp;&nbsp;CMU_FM_DriverIRQHandler
</UL>
<BR>[Address Reference Count : 1]<UL><LI> startup_mcxe31b.o(.isr_vector)
</UL>
<P><STRONG><a name="[df]"></a>CORE_CLK_FAIL_IRQHandler</STRONG> (Thumb, 4 bytes, Stack size 0 bytes, startup_mcxe31b.o(.text.CORE_CLK_FAIL_IRQHandler))
<BR><BR>[Calls]<UL><LI><a href="#[138]">&gt;&gt;</a>&nbsp;&nbsp;&nbsp;CORE_CLK_FAIL_DriverIRQHandler
</UL>
<BR>[Address Reference Count : 1]<UL><LI> startup_mcxe31b.o(.isr_vector)
</UL>
<P><STRONG><a name="[37]"></a>CTI_INT0_IRQHandler</STRONG> (Thumb, 4 bytes, Stack size 0 bytes, startup_mcxe31b.o(.text.CTI_INT0_IRQHandler))
<BR><BR>[Calls]<UL><LI><a href="#[139]">&gt;&gt;</a>&nbsp;&nbsp;&nbsp;CTI_INT0_DriverIRQHandler
</UL>
<BR>[Address Reference Count : 1]<UL><LI> startup_mcxe31b.o(.isr_vector)
</UL>
<P><STRONG><a name="[38]"></a>CTI_INT1_IRQHandler</STRONG> (Thumb, 4 bytes, Stack size 0 bytes, startup_mcxe31b.o(.text.CTI_INT1_IRQHandler))
<BR><BR>[Calls]<UL><LI><a href="#[13a]">&gt;&gt;</a>&nbsp;&nbsp;&nbsp;CTI_INT1_DriverIRQHandler
</UL>
<BR>[Address Reference Count : 1]<UL><LI> startup_mcxe31b.o(.isr_vector)
</UL>
<P><STRONG><a name="[17e]"></a>DCACHE_InvalidateByRange</STRONG> (Thumb, 96 bytes, Stack size 0 bytes, fsl_cache.o(.text.DCACHE_InvalidateByRange))
<BR><BR>[Called By]<UL><LI><a href="#[17d]">&gt;&gt;</a>&nbsp;&nbsp;&nbsp;ENET_QOS_GetRxFrame
</UL>

<P><STRONG><a name="[e]"></a>DMATCD0_IRQHandler</STRONG> (Thumb, 4 bytes, Stack size 0 bytes, startup_mcxe31b.o(.text.DMATCD0_IRQHandler))
<BR><BR>[Calls]<UL><LI><a href="#[13b]">&gt;&gt;</a>&nbsp;&nbsp;&nbsp;DMATCD0_DriverIRQHandler
</UL>
<BR>[Address Reference Count : 1]<UL><LI> startup_mcxe31b.o(.isr_vector)
</UL>
<P><STRONG><a name="[18]"></a>DMATCD10_IRQHandler</STRONG> (Thumb, 4 bytes, Stack size 0 bytes, startup_mcxe31b.o(.text.DMATCD10_IRQHandler))
<BR><BR>[Calls]<UL><LI><a href="#[13c]">&gt;&gt;</a>&nbsp;&nbsp;&nbsp;DMATCD10_DriverIRQHandler
</UL>
<BR>[Address Reference Count : 1]<UL><LI> startup_mcxe31b.o(.isr_vector)
</UL>
<P><STRONG><a name="[19]"></a>DMATCD11_IRQHandler</STRONG> (Thumb, 4 bytes, Stack size 0 bytes, startup_mcxe31b.o(.text.DMATCD11_IRQHandler))
<BR><BR>[Calls]<UL><LI><a href="#[13d]">&gt;&gt;</a>&nbsp;&nbsp;&nbsp;DMATCD11_DriverIRQHandler
</UL>
<BR>[Address Reference Count : 1]<UL><LI> startup_mcxe31b.o(.isr_vector)
</UL>
<P><STRONG><a name="[1a]"></a>DMATCD12_IRQHandler</STRONG> (Thumb, 4 bytes, Stack size 0 bytes, startup_mcxe31b.o(.text.DMATCD12_IRQHandler))
<BR><BR>[Calls]<UL><LI><a href="#[13e]">&gt;&gt;</a>&nbsp;&nbsp;&nbsp;DMATCD12_DriverIRQHandler
</UL>
<BR>[Address Reference Count : 1]<UL><LI> startup_mcxe31b.o(.isr_vector)
</UL>
<P><STRONG><a name="[1b]"></a>DMATCD13_IRQHandler</STRONG> (Thumb, 4 bytes, Stack size 0 bytes, startup_mcxe31b.o(.text.DMATCD13_IRQHandler))
<BR><BR>[Calls]<UL><LI><a href="#[13f]">&gt;&gt;</a>&nbsp;&nbsp;&nbsp;DMATCD13_DriverIRQHandler
</UL>
<BR>[Address Reference Count : 1]<UL><LI> startup_mcxe31b.o(.isr_vector)
</UL>
<P><STRONG><a name="[1c]"></a>DMATCD14_IRQHandler</STRONG> (Thumb, 4 bytes, Stack size 0 bytes, startup_mcxe31b.o(.text.DMATCD14_IRQHandler))
<BR><BR>[Calls]<UL><LI><a href="#[140]">&gt;&gt;</a>&nbsp;&nbsp;&nbsp;DMATCD14_DriverIRQHandler
</UL>
<BR>[Address Reference Count : 1]<UL><LI> startup_mcxe31b.o(.isr_vector)
</UL>
<P><STRONG><a name="[1d]"></a>DMATCD15_IRQHandler</STRONG> (Thumb, 4 bytes, Stack size 0 bytes, startup_mcxe31b.o(.text.DMATCD15_IRQHandler))
<BR><BR>[Calls]<UL><LI><a href="#[141]">&gt;&gt;</a>&nbsp;&nbsp;&nbsp;DMATCD15_DriverIRQHandler
</UL>
<BR>[Address Reference Count : 1]<UL><LI> startup_mcxe31b.o(.isr_vector)
</UL>
<P><STRONG><a name="[1e]"></a>DMATCD16_IRQHandler</STRONG> (Thumb, 4 bytes, Stack size 0 bytes, startup_mcxe31b.o(.text.DMATCD16_IRQHandler))
<BR><BR>[Calls]<UL><LI><a href="#[142]">&gt;&gt;</a>&nbsp;&nbsp;&nbsp;DMATCD16_DriverIRQHandler
</UL>
<BR>[Address Reference Count : 1]<UL><LI> startup_mcxe31b.o(.isr_vector)
</UL>
<P><STRONG><a name="[1f]"></a>DMATCD17_IRQHandler</STRONG> (Thumb, 4 bytes, Stack size 0 bytes, startup_mcxe31b.o(.text.DMATCD17_IRQHandler))
<BR><BR>[Calls]<UL><LI><a href="#[143]">&gt;&gt;</a>&nbsp;&nbsp;&nbsp;DMATCD17_DriverIRQHandler
</UL>
<BR>[Address Reference Count : 1]<UL><LI> startup_mcxe31b.o(.isr_vector)
</UL>
<P><STRONG><a name="[20]"></a>DMATCD18_IRQHandler</STRONG> (Thumb, 4 bytes, Stack size 0 bytes, startup_mcxe31b.o(.text.DMATCD18_IRQHandler))
<BR><BR>[Calls]<UL><LI><a href="#[144]">&gt;&gt;</a>&nbsp;&nbsp;&nbsp;DMATCD18_DriverIRQHandler
</UL>
<BR>[Address Reference Count : 1]<UL><LI> startup_mcxe31b.o(.isr_vector)
</UL>
<P><STRONG><a name="[21]"></a>DMATCD19_IRQHandler</STRONG> (Thumb, 4 bytes, Stack size 0 bytes, startup_mcxe31b.o(.text.DMATCD19_IRQHandler))
<BR><BR>[Calls]<UL><LI><a href="#[145]">&gt;&gt;</a>&nbsp;&nbsp;&nbsp;DMATCD19_DriverIRQHandler
</UL>
<BR>[Address Reference Count : 1]<UL><LI> startup_mcxe31b.o(.isr_vector)
</UL>
<P><STRONG><a name="[f]"></a>DMATCD1_IRQHandler</STRONG> (Thumb, 4 bytes, Stack size 0 bytes, startup_mcxe31b.o(.text.DMATCD1_IRQHandler))
<BR><BR>[Calls]<UL><LI><a href="#[146]">&gt;&gt;</a>&nbsp;&nbsp;&nbsp;DMATCD1_DriverIRQHandler
</UL>
<BR>[Address Reference Count : 1]<UL><LI> startup_mcxe31b.o(.isr_vector)
</UL>
<P><STRONG><a name="[22]"></a>DMATCD20_IRQHandler</STRONG> (Thumb, 4 bytes, Stack size 0 bytes, startup_mcxe31b.o(.text.DMATCD20_IRQHandler))
<BR><BR>[Calls]<UL><LI><a href="#[147]">&gt;&gt;</a>&nbsp;&nbsp;&nbsp;DMATCD20_DriverIRQHandler
</UL>
<BR>[Address Reference Count : 1]<UL><LI> startup_mcxe31b.o(.isr_vector)
</UL>
<P><STRONG><a name="[23]"></a>DMATCD21_IRQHandler</STRONG> (Thumb, 4 bytes, Stack size 0 bytes, startup_mcxe31b.o(.text.DMATCD21_IRQHandler))
<BR><BR>[Calls]<UL><LI><a href="#[148]">&gt;&gt;</a>&nbsp;&nbsp;&nbsp;DMATCD21_DriverIRQHandler
</UL>
<BR>[Address Reference Count : 1]<UL><LI> startup_mcxe31b.o(.isr_vector)
</UL>
<P><STRONG><a name="[24]"></a>DMATCD22_IRQHandler</STRONG> (Thumb, 4 bytes, Stack size 0 bytes, startup_mcxe31b.o(.text.DMATCD22_IRQHandler))
<BR><BR>[Calls]<UL><LI><a href="#[149]">&gt;&gt;</a>&nbsp;&nbsp;&nbsp;DMATCD22_DriverIRQHandler
</UL>
<BR>[Address Reference Count : 1]<UL><LI> startup_mcxe31b.o(.isr_vector)
</UL>
<P><STRONG><a name="[25]"></a>DMATCD23_IRQHandler</STRONG> (Thumb, 4 bytes, Stack size 0 bytes, startup_mcxe31b.o(.text.DMATCD23_IRQHandler))
<BR><BR>[Calls]<UL><LI><a href="#[14a]">&gt;&gt;</a>&nbsp;&nbsp;&nbsp;DMATCD23_DriverIRQHandler
</UL>
<BR>[Address Reference Count : 1]<UL><LI> startup_mcxe31b.o(.isr_vector)
</UL>
<P><STRONG><a name="[26]"></a>DMATCD24_IRQHandler</STRONG> (Thumb, 4 bytes, Stack size 0 bytes, startup_mcxe31b.o(.text.DMATCD24_IRQHandler))
<BR><BR>[Calls]<UL><LI><a href="#[14b]">&gt;&gt;</a>&nbsp;&nbsp;&nbsp;DMATCD24_DriverIRQHandler
</UL>
<BR>[Address Reference Count : 1]<UL><LI> startup_mcxe31b.o(.isr_vector)
</UL>
<P><STRONG><a name="[27]"></a>DMATCD25_IRQHandler</STRONG> (Thumb, 4 bytes, Stack size 0 bytes, startup_mcxe31b.o(.text.DMATCD25_IRQHandler))
<BR><BR>[Calls]<UL><LI><a href="#[14c]">&gt;&gt;</a>&nbsp;&nbsp;&nbsp;DMATCD25_DriverIRQHandler
</UL>
<BR>[Address Reference Count : 1]<UL><LI> startup_mcxe31b.o(.isr_vector)
</UL>
<P><STRONG><a name="[28]"></a>DMATCD26_IRQHandler</STRONG> (Thumb, 4 bytes, Stack size 0 bytes, startup_mcxe31b.o(.text.DMATCD26_IRQHandler))
<BR><BR>[Calls]<UL><LI><a href="#[14d]">&gt;&gt;</a>&nbsp;&nbsp;&nbsp;DMATCD26_DriverIRQHandler
</UL>
<BR>[Address Reference Count : 1]<UL><LI> startup_mcxe31b.o(.isr_vector)
</UL>
<P><STRONG><a name="[29]"></a>DMATCD27_IRQHandler</STRONG> (Thumb, 4 bytes, Stack size 0 bytes, startup_mcxe31b.o(.text.DMATCD27_IRQHandler))
<BR><BR>[Calls]<UL><LI><a href="#[14e]">&gt;&gt;</a>&nbsp;&nbsp;&nbsp;DMATCD27_DriverIRQHandler
</UL>
<BR>[Address Reference Count : 1]<UL><LI> startup_mcxe31b.o(.isr_vector)
</UL>
<P><STRONG><a name="[2a]"></a>DMATCD28_IRQHandler</STRONG> (Thumb, 4 bytes, Stack size 0 bytes, startup_mcxe31b.o(.text.DMATCD28_IRQHandler))
<BR><BR>[Calls]<UL><LI><a href="#[14f]">&gt;&gt;</a>&nbsp;&nbsp;&nbsp;DMATCD28_DriverIRQHandler
</UL>
<BR>[Address Reference Count : 1]<UL><LI> startup_mcxe31b.o(.isr_vector)
</UL>
<P><STRONG><a name="[2b]"></a>DMATCD29_IRQHandler</STRONG> (Thumb, 4 bytes, Stack size 0 bytes, startup_mcxe31b.o(.text.DMATCD29_IRQHandler))
<BR><BR>[Calls]<UL><LI><a href="#[150]">&gt;&gt;</a>&nbsp;&nbsp;&nbsp;DMATCD29_DriverIRQHandler
</UL>
<BR>[Address Reference Count : 1]<UL><LI> startup_mcxe31b.o(.isr_vector)
</UL>
<P><STRONG><a name="[10]"></a>DMATCD2_IRQHandler</STRONG> (Thumb, 4 bytes, Stack size 0 bytes, startup_mcxe31b.o(.text.DMATCD2_IRQHandler))
<BR><BR>[Calls]<UL><LI><a href="#[151]">&gt;&gt;</a>&nbsp;&nbsp;&nbsp;DMATCD2_DriverIRQHandler
</UL>
<BR>[Address Reference Count : 1]<UL><LI> startup_mcxe31b.o(.isr_vector)
</UL>
<P><STRONG><a name="[2c]"></a>DMATCD30_IRQHandler</STRONG> (Thumb, 4 bytes, Stack size 0 bytes, startup_mcxe31b.o(.text.DMATCD30_IRQHandler))
<BR><BR>[Calls]<UL><LI><a href="#[152]">&gt;&gt;</a>&nbsp;&nbsp;&nbsp;DMATCD30_DriverIRQHandler
</UL>
<BR>[Address Reference Count : 1]<UL><LI> startup_mcxe31b.o(.isr_vector)
</UL>
<P><STRONG><a name="[2d]"></a>DMATCD31_IRQHandler</STRONG> (Thumb, 4 bytes, Stack size 0 bytes, startup_mcxe31b.o(.text.DMATCD31_IRQHandler))
[...]
</UL>
<BR>[Called By]<UL><LI><a href="#[245]">&gt;&gt;</a>&nbsp;&nbsp;&nbsp;e2cf_core_poll
<LI><a href="#[23e]">&gt;&gt;</a>&nbsp;&nbsp;&nbsp;e2cf_core_eth_frame
<LI><a href="#[21a]">&gt;&gt;</a>&nbsp;&nbsp;&nbsp;frame_send
<LI><a href="#[218]">&gt;&gt;</a>&nbsp;&nbsp;&nbsp;agg_reserve
<LI><a href="#[231]">&gt;&gt;</a>&nbsp;&nbsp;&nbsp;e2cf_core_can_rx
<LI><a href="#[22f]">&gt;&gt;</a>&nbsp;&nbsp;&nbsp;can_hw_submit_tx
<LI><a href="#[226]">&gt;&gt;</a>&nbsp;&nbsp;&nbsp;e2cf_core_can_txc
<LI><a href="#[1a3]">&gt;&gt;</a>&nbsp;&nbsp;&nbsp;can_irq
<LI><a href="#[227]">&gt;&gt;</a>&nbsp;&nbsp;&nbsp;chan_tx_kick
</UL>

<P><STRONG><a name="[237]"></a>gw_prof_clear</STRONG> (Thumb, 2486 bytes, Stack size 40 bytes, gw_prof.o(.text.gw_prof_clear))
<BR><BR>[Stack]<UL><LI>Max Depth = 40<LI>Call Chain = gw_prof_clear
</UL>
<BR>[Called By]<UL><LI><a href="#[235]">&gt;&gt;</a>&nbsp;&nbsp;&nbsp;dbg_log_console_poll
</UL>

<P><STRONG><a name="[236]"></a>gw_prof_dump</STRONG> (Thumb, 1836 bytes, Stack size 1112 bytes, gw_prof.o(.text.gw_prof_dump))
<BR><BR>[Stack]<UL><LI>Max Depth = 1240 + Unknown Stack Size
<LI>Call Chain = gw_prof_dump &rArr; DbgConsole_Printf &rArr; DbgConsole_Vprintf
</UL>
<BR>[Calls]<UL><LI><a href="#[15c]">&gt;&gt;</a>&nbsp;&nbsp;&nbsp;DbgConsole_Printf
<LI><a href="#[252]">&gt;&gt;</a>&nbsp;&nbsp;&nbsp;__aeabi_memcpy8
<LI><a href="#[fc]">&gt;&gt;</a>&nbsp;&nbsp;&nbsp;__aeabi_uldivmod
</UL>
<BR>[Called By]<UL><LI><a href="#[235]">&gt;&gt;</a>&nbsp;&nbsp;&nbsp;dbg_log_console_poll
</UL>

<P><STRONG><a name="[253]"></a>gw_time_init</STRONG> (Thumb, 50 bytes, Stack size 0 bytes, gw_time.o(.text.gw_time_init))
<BR><BR>[Called By]<UL><LI><a href="#[e4]">&gt;&gt;</a>&nbsp;&nbsp;&nbsp;main
</UL>

<P><STRONG><a name="[214]"></a>gw_time_track_wrap</STRONG> (Thumb, 44 bytes, Stack size 0 bytes, gw_time.o(.text.gw_time_track_wrap))
<BR><BR>[Called By]<UL><LI><a href="#[9]">&gt;&gt;</a>&nbsp;&nbsp;&nbsp;SysTick_Handler
</UL>

<P><STRONG><a name="[e4]"></a>main</STRONG> (Thumb, 296 bytes, Stack size 8 bytes, main.o(.text.main))
<BR><BR>[Stack]<UL><LI>Max Depth = 1464 + Unknown Stack Size
<LI>Call Chain = main &rArr; BOARD_InitHardware &rArr; BOARD_InitFlexCANPins &rArr; SIUL2_PinInit &rArr; __aeabi_assert &rArr; DbgConsole_Printf &rArr; DbgConsole_Vprintf
</UL>
<BR>[Calls]<UL><LI><a href="#[23d]">&gt;&gt;</a>&nbsp;&nbsp;&nbsp;e2cf_core_dump_stats
<LI><a href="#[245]">&gt;&gt;</a>&nbsp;&nbsp;&nbsp;e2cf_core_poll
<LI><a href="#[244]">&gt;&gt;</a>&nbsp;&nbsp;&nbsp;e2cf_core_init
<LI><a href="#[235]">&gt;&gt;</a>&nbsp;&nbsp;&nbsp;dbg_log_console_poll
<LI><a href="#[15c]">&gt;&gt;</a>&nbsp;&nbsp;&nbsp;DbgConsole_Printf
<LI><a href="#[238]">&gt;&gt;</a>&nbsp;&nbsp;&nbsp;dbg_log_drain
<LI><a href="#[254]">&gt;&gt;</a>&nbsp;&nbsp;&nbsp;dbg_log_init
<LI><a href="#[21f]">&gt;&gt;</a>&nbsp;&nbsp;&nbsp;can_hw_dump_stats
<LI><a href="#[224]">&gt;&gt;</a>&nbsp;&nbsp;&nbsp;can_hw_poll_errors
<LI><a href="#[222]">&gt;&gt;</a>&nbsp;&nbsp;&nbsp;can_hw_init
<LI><a href="#[122]">&gt;&gt;</a>&nbsp;&nbsp;&nbsp;BOARD_InitHardware
<LI><a href="#[253]">&gt;&gt;</a>&nbsp;&nbsp;&nbsp;gw_time_init
<LI><a href="#[24a]">&gt;&gt;</a>&nbsp;&nbsp;&nbsp;eth_raw_dump_stats
<LI><a href="#[24d]">&gt;&gt;</a>&nbsp;&nbsp;&nbsp;eth_raw_poll_link
<LI><a href="#[24b]">&gt;&gt;</a>&nbsp;&nbsp;&nbsp;eth_raw_init
</UL>
<BR>[Address Reference Count : 1]<UL><LI> entry9a.o(.ARM.Collect$$$$0000000B)
</UL>
<P><STRONG><a name="[0]"></a>Reset_Handler</STRONG> (Thumb, 184 bytes, Stack size 0 bytes, startup_mcxe31b.o(InRoot$$Sections))
<BR>[Address Reference Count : 1]<UL><LI> startup_mcxe31b.o(.isr_vector)
</UL>
<P><STRONG><a name="[255]"></a>__0snprintf</STRONG> (Thumb, 48 bytes, Stack size 40 bytes, printfa.o(i.__0snprintf), UNUSED)
<BR><BR>[Calls]<UL><LI><a href="#[256]">&gt;&gt;</a>&nbsp;&nbsp;&nbsp;_printf_core
</UL>

<P><STRONG><a name="[26a]"></a>__1snprintf</STRONG> (Thumb, 0 bytes, Stack size 40 bytes, printfa.o(i.__0snprintf), UNUSED)

<P><STRONG><a name="[23a]"></a>__2snprintf</STRONG> (Thumb, 0 bytes, Stack size 40 bytes, printfa.o(i.__0snprintf))
<BR><BR>[Stack]<UL><LI>Max Depth = 40<LI>Call Chain = __2snprintf
</UL>
<BR>[Called By]<UL><LI><a href="#[220]">&gt;&gt;</a>&nbsp;&nbsp;&nbsp;dbg_log_emit
</UL>

<P><STRONG><a name="[26b]"></a>__c89snprintf</STRONG> (Thumb, 0 bytes, Stack size 40 bytes, printfa.o(i.__0snprintf), UNUSED)

<P><STRONG><a name="[26c]"></a>snprintf</STRONG> (Thumb, 0 bytes, Stack size 40 bytes, printfa.o(i.__0snprintf), UNUSED)

<P><STRONG><a name="[257]"></a>__0vsnprintf</STRONG> (Thumb, 46 bytes, Stack size 24 bytes, printfa.o(i.__0vsnprintf), UNUSED)
<BR><BR>[Calls]<UL><LI><a href="#[256]">&gt;&gt;</a>&nbsp;&nbsp;&nbsp;_printf_core
</UL>

<P><STRONG><a name="[26d]"></a>__1vsnprintf</STRONG> (Thumb, 0 bytes, Stack size 24 bytes, printfa.o(i.__0vsnprintf), UNUSED)

<P><STRONG><a name="[26e]"></a>__2vsnprintf</STRONG> (Thumb, 0 bytes, Stack size 24 bytes, printfa.o(i.__0vsnprintf), UNUSED)

<P><STRONG><a name="[26f]"></a>__c89vsnprintf</STRONG> (Thumb, 0 bytes, Stack size 24 bytes, printfa.o(i.__0vsnprintf), UNUSED)

<P><STRONG><a name="[23b]"></a>vsnprintf</STRONG> (Thumb, 0 bytes, Stack size 24 bytes, printfa.o(i.__0vsnprintf))
<BR><BR>[Stack]<UL><LI>Max Depth = 24<LI>Call Chain = vsnprintf
</UL>
<BR>[Called By]<UL><LI><a href="#[220]">&gt;&gt;</a>&nbsp;&nbsp;&nbsp;dbg_log_emit
</UL>

<P><STRONG><a name="[270]"></a>__scatterload_copy</STRONG> (Thumb, 14 bytes, Stack size unknown bytes, handlers.o(i.__scatterload_copy), UNUSED)

<P><STRONG><a name="[271]"></a>__scatterload_null</STRONG> (Thumb, 2 bytes, Stack size unknown bytes, handlers.o(i.__scatterload_null), UNUSED)

<P><STRONG><a name="[272]"></a>__scatterload_zeroinit</STRONG> (Thumb, 14 bytes, Stack size unknown bytes, handlers.o(i.__scatterload_zeroinit), UNUSED)
<P>
<H3>
Local Symbols
</H3>
<P><STRONG><a name="[e5]"></a>MDIO_Read</STRONG> (Thumb, 20 bytes, Stack size 0 bytes, hardware_init.o(.text.MDIO_Read))
<BR><BR>[Stack]<UL><LI>Max Depth = 136 + Unknown Stack Size
<LI>Call Chain = MDIO_Read &rArr; ENET_QOS_MDIORead &rArr; __aeabi_assert &rArr; DbgConsole_Printf &rArr; DbgConsole_Vprintf
</UL>
<BR>[Calls]<UL><LI><a href="#[183]">&gt;&gt;</a>&nbsp;&nbsp;&nbsp;ENET_QOS_MDIORead
</UL>
<BR>[Address Reference Count : 1]<UL><LI> hardware_init.o(.text.BOARD_InitHardware)
</UL>
<P><STRONG><a name="[e6]"></a>MDIO_Write</STRONG> (Thumb, 20 bytes, Stack size 0 bytes, hardware_init.o(.text.MDIO_Write))
<BR><BR>[Stack]<UL><LI>Max Depth = 8<LI>Call Chain = MDIO_Write &rArr; ENET_QOS_MDIOWrite
</UL>
<BR>[Calls]<UL><LI><a href="#[1b0]">&gt;&gt;</a>&nbsp;&nbsp;&nbsp;ENET_QOS_MDIOWrite
</UL>
<BR>[Address Reference Count : 1]<UL><LI> hardware_init.o(.text.BOARD_InitHardware)
</UL>
<P><STRONG><a name="[17f]"></a>ENET_QOS_DropFrame</STRONG> (Thumb, 360 bytes, Stack size 32 bytes, fsl_enet_qos.o(.text.ENET_QOS_DropFrame))
<BR><BR>[Stack]<UL><LI>Max Depth = 32<LI>Call Chain = ENET_QOS_DropFrame
</UL>
<BR>[Called By]<UL><LI><a href="#[17d]">&gt;&gt;</a>&nbsp;&nbsp;&nbsp;ENET_QOS_GetRxFrame
</UL>

<P><STRONG><a name="[191]"></a>FLEXCAN_Reset</STRONG> (Thumb, 2452 bytes, Stack size 128 bytes, fsl_flexcan.o(.text.FLEXCAN_Reset))
<BR><BR>[Stack]<UL><LI>Max Depth = 256 + Unknown Stack Size
<LI>Call Chain = FLEXCAN_Reset &rArr; __aeabi_assert &rArr; DbgConsole_Printf &rArr; DbgConsole_Vprintf
</UL>
<BR>[Calls]<UL><LI><a href="#[114]">&gt;&gt;</a>&nbsp;&nbsp;&nbsp;__aeabi_assert
</UL>
<BR>[Called By]<UL><LI><a href="#[190]">&gt;&gt;</a>&nbsp;&nbsp;&nbsp;FLEXCAN_Deinit
<LI><a href="#[195]">&gt;&gt;</a>&nbsp;&nbsp;&nbsp;FLEXCAN_Init
</UL>

<P><STRONG><a name="[223]"></a>chan_apply_and_start</STRONG> (Thumb, 1060 bytes, Stack size 128 bytes, can_hw.o(.text.chan_apply_and_start))
<BR><BR>[Stack]<UL><LI>Max Depth = 472 + Unknown Stack Size
<LI>Call Chain = chan_apply_and_start &rArr; FLEXCAN_FDInit &rArr; FLEXCAN_Init &rArr; FLEXCAN_Reset &rArr; __aeabi_assert &rArr; DbgConsole_Printf &rArr; DbgConsole_Vprintf
</UL>
<BR>[Calls]<UL><LI><a href="#[220]">&gt;&gt;</a>&nbsp;&nbsp;&nbsp;dbg_log_emit
<LI><a href="#[199]">&gt;&gt;</a>&nbsp;&nbsp;&nbsp;FLEXCAN_SetFDRxMbConfig
<LI><a href="#[19b]">&gt;&gt;</a>&nbsp;&nbsp;&nbsp;FLEXCAN_SetFDTxMbConfig
<LI><a href="#[19d]">&gt;&gt;</a>&nbsp;&nbsp;&nbsp;FLEXCAN_SetRxMbConfig
<LI><a href="#[19f]">&gt;&gt;</a>&nbsp;&nbsp;&nbsp;FLEXCAN_SetTxMbConfig
<LI><a href="#[19c]">&gt;&gt;</a>&nbsp;&nbsp;&nbsp;FLEXCAN_SetRxIndividualMask
<LI><a href="#[196]">&gt;&gt;</a>&nbsp;&nbsp;&nbsp;FLEXCAN_GetDefaultConfig
<LI><a href="#[194]">&gt;&gt;</a>&nbsp;&nbsp;&nbsp;FLEXCAN_FDInit
<LI><a href="#[195]">&gt;&gt;</a>&nbsp;&nbsp;&nbsp;FLEXCAN_Init
<LI><a href="#[19a]">&gt;&gt;</a>&nbsp;&nbsp;&nbsp;FLEXCAN_SetFDTimingConfig
<LI><a href="#[19e]">&gt;&gt;</a>&nbsp;&nbsp;&nbsp;FLEXCAN_SetTimingConfig
<LI><a href="#[233]">&gt;&gt;</a>&nbsp;&nbsp;&nbsp;FLEXCAN_ExitFreezeMode
<LI><a href="#[232]">&gt;&gt;</a>&nbsp;&nbsp;&nbsp;FLEXCAN_EnterFreezeMode
</UL>
<BR>[Called By]<UL><LI><a href="#[22e]">&gt;&gt;</a>&nbsp;&nbsp;&nbsp;can_hw_start
<LI><a href="#[222]">&gt;&gt;</a>&nbsp;&nbsp;&nbsp;can_hw_init
</UL>

<P><STRONG><a name="[227]"></a>chan_tx_kick</STRONG> (Thumb, 570 bytes, Stack size 120 bytes, can_hw.o(.text.chan_tx_kick))
<BR><BR>[Stack]<UL><LI>Max Depth = 408 + Unknown Stack Size
<LI>Call Chain = chan_tx_kick &rArr; e2cf_core_can_txc &rArr; agg_reserve &rArr; frame_send &rArr; eth_raw_send &rArr; ENET_QOS_SendFrame &rArr; __aeabi_assert &rArr; DbgConsole_Printf &rArr; DbgConsole_Vprintf
</UL>
<BR>[Calls]<UL><LI><a href="#[219]">&gt;&gt;</a>&nbsp;&nbsp;&nbsp;gw_prof_add
<LI><a href="#[226]">&gt;&gt;</a>&nbsp;&nbsp;&nbsp;e2cf_core_can_txc
<LI><a href="#[225]">&gt;&gt;</a>&nbsp;&nbsp;&nbsp;gw_now_ns
<LI><a href="#[21d]">&gt;&gt;</a>&nbsp;&nbsp;&nbsp;bytes_to_words
<LI><a href="#[234]">&gt;&gt;</a>&nbsp;&nbsp;&nbsp;len_to_dlc
<LI><a href="#[1a0]">&gt;&gt;</a>&nbsp;&nbsp;&nbsp;FLEXCAN_WriteFDTxMb
<LI><a href="#[1a1]">&gt;&gt;</a>&nbsp;&nbsp;&nbsp;FLEXCAN_WriteTxMb
<LI><a href="#[179]">&gt;&gt;</a>&nbsp;&nbsp;&nbsp;memset
</UL>
<BR>[Called By]<UL><LI><a href="#[224]">&gt;&gt;</a>&nbsp;&nbsp;&nbsp;can_hw_poll_errors
<LI><a href="#[22f]">&gt;&gt;</a>&nbsp;&nbsp;&nbsp;can_hw_submit_tx
<LI><a href="#[22d]">&gt;&gt;</a>&nbsp;&nbsp;&nbsp;can_hw_set_tx_gate
<LI><a href="#[1a3]">&gt;&gt;</a>&nbsp;&nbsp;&nbsp;can_irq
</UL>

<P><STRONG><a name="[234]"></a>len_to_dlc</STRONG> (Thumb, 118 bytes, Stack size 0 bytes, can_hw.o(.text.len_to_dlc))
<BR><BR>[Called By]<UL><LI><a href="#[227]">&gt;&gt;</a>&nbsp;&nbsp;&nbsp;chan_tx_kick
</UL>

<P><STRONG><a name="[21d]"></a>bytes_to_words</STRONG> (Thumb, 224 bytes, Stack size 24 bytes, can_hw.o(.text.bytes_to_words))
<BR><BR>[Stack]<UL><LI>Max Depth = 32<LI>Call Chain = bytes_to_words &rArr; memset
</UL>
<BR>[Calls]<UL><LI><a href="#[179]">&gt;&gt;</a>&nbsp;&nbsp;&nbsp;memset
</UL>
<BR>[Called By]<UL><LI><a href="#[227]">&gt;&gt;</a>&nbsp;&nbsp;&nbsp;chan_tx_kick
</UL>

<P><STRONG><a name="[1a3]"></a>can_irq</STRONG> (Thumb, 1544 bytes, Stack size 776 bytes, can_hw.o(.text.can_irq))
<BR><BR>[Stack]<UL><LI>Max Depth = 1184 + Unknown Stack Size
<LI>Call Chain = can_irq &rArr; chan_tx_kick &rArr; e2cf_core_can_txc &rArr; agg_reserve &rArr; frame_send &rArr; eth_raw_send &rArr; ENET_QOS_SendFrame &rArr; __aeabi_assert &rArr; DbgConsole_Printf &rArr; DbgConsole_Vprintf
</UL>
<BR>[Calls]<UL><LI><a href="#[231]">&gt;&gt;</a>&nbsp;&nbsp;&nbsp;e2cf_core_can_rx
<LI><a href="#[219]">&gt;&gt;</a>&nbsp;&nbsp;&nbsp;gw_prof_add
<LI><a href="#[226]">&gt;&gt;</a>&nbsp;&nbsp;&nbsp;e2cf_core_can_txc
<LI><a href="#[225]">&gt;&gt;</a>&nbsp;&nbsp;&nbsp;gw_now_ns
<LI><a href="#[220]">&gt;&gt;</a>&nbsp;&nbsp;&nbsp;dbg_log_emit
<LI><a href="#[227]">&gt;&gt;</a>&nbsp;&nbsp;&nbsp;chan_tx_kick
<LI><a href="#[197]">&gt;&gt;</a>&nbsp;&nbsp;&nbsp;FLEXCAN_ReadFDRxMb
<LI><a href="#[198]">&gt;&gt;</a>&nbsp;&nbsp;&nbsp;FLEXCAN_ReadRxMb
<LI><a href="#[230]">&gt;&gt;</a>&nbsp;&nbsp;&nbsp;FLEXCAN_GetFDMailboxOffset
<LI><a href="#[179]">&gt;&gt;</a>&nbsp;&nbsp;&nbsp;memset
</UL>
<BR>[Called By]<UL><LI><a href="#[86]">&gt;&gt;</a>&nbsp;&nbsp;&nbsp;FlexCAN5_1_IRQHandler
<LI><a href="#[85]">&gt;&gt;</a>&nbsp;&nbsp;&nbsp;FlexCAN5_0_IRQHandler
<LI><a href="#[84]">&gt;&gt;</a>&nbsp;&nbsp;&nbsp;FlexCAN4_1_IRQHandler
<LI><a href="#[83]">&gt;&gt;</a>&nbsp;&nbsp;&nbsp;FlexCAN4_0_IRQHandler
<LI><a href="#[82]">&gt;&gt;</a>&nbsp;&nbsp;&nbsp;FlexCAN3_1_IRQHandler
<LI><a href="#[81]">&gt;&gt;</a>&nbsp;&nbsp;&nbsp;FlexCAN3_0_IRQHandler
<LI><a href="#[7f]">&gt;&gt;</a>&nbsp;&nbsp;&nbsp;FlexCAN2_1_IRQHandler
<LI><a href="#[7e]">&gt;&gt;</a>&nbsp;&nbsp;&nbsp;FlexCAN2_0_IRQHandler
<LI><a href="#[7c]">&gt;&gt;</a>&nbsp;&nbsp;&nbsp;FlexCAN1_1_IRQHandler
<LI><a href="#[7b]">&gt;&gt;</a>&nbsp;&nbsp;&nbsp;FlexCAN1_0_IRQHandler
<LI><a href="#[78]">&gt;&gt;</a>&nbsp;&nbsp;&nbsp;FlexCAN0_1_IRQHandler
<LI><a href="#[77]">&gt;&gt;</a>&nbsp;&nbsp;&nbsp;FlexCAN0_0_IRQHandler
</UL>

<P><STRONG><a name="[218]"></a>agg_reserve</STRONG> (Thumb, 426 bytes, Stack size 40 bytes, e2cf_core.o(.text.agg_reserve))
<BR><BR>[Stack]<UL><LI>Max Depth = 256 + Unknown Stack Size
<LI>Call Chain = agg_reserve &rArr; frame_send &rArr; eth_raw_send &rArr; ENET_QOS_SendFrame &rArr; __aeabi_assert &rArr; DbgConsole_Printf &rArr; DbgConsole_Vprintf
</UL>
<BR>[Calls]<UL><LI><a href="#[21c]">&gt;&gt;</a>&nbsp;&nbsp;&nbsp;eth_raw_mac
<LI><a href="#[21b]">&gt;&gt;</a>&nbsp;&nbsp;&nbsp;face_reclaim
<LI><a href="#[21a]">&gt;&gt;</a>&nbsp;&nbsp;&nbsp;frame_send
<LI><a href="#[219]">&gt;&gt;</a>&nbsp;&nbsp;&nbsp;gw_prof_add
<LI><a href="#[15e]">&gt;&gt;</a>&nbsp;&nbsp;&nbsp;memcpy
</UL>
<BR>[Called By]<UL><LI><a href="#[231]">&gt;&gt;</a>&nbsp;&nbsp;&nbsp;e2cf_core_can_rx
<LI><a href="#[226]">&gt;&gt;</a>&nbsp;&nbsp;&nbsp;e2cf_core_can_txc
</UL>

<P><STRONG><a name="[21a]"></a>frame_send</STRONG> (Thumb, 200 bytes, Stack size 32 bytes, e2cf_core.o(.text.frame_send))
<BR><BR>[Stack]<UL><LI>Max Depth = 216 + Unknown Stack Size
<LI>Call Chain = frame_send &rArr; eth_raw_send &rArr; ENET_QOS_SendFrame &rArr; __aeabi_assert &rArr; DbgConsole_Printf &rArr; DbgConsole_Vprintf
</UL>
<BR>[Calls]<UL><LI><a href="#[251]">&gt;&gt;</a>&nbsp;&nbsp;&nbsp;eth_raw_tx_submitted
<LI><a href="#[24e]">&gt;&gt;</a>&nbsp;&nbsp;&nbsp;eth_raw_send
<LI><a href="#[250]">&gt;&gt;</a>&nbsp;&nbsp;&nbsp;eth_raw_tx_inflight
<LI><a href="#[219]">&gt;&gt;</a>&nbsp;&nbsp;&nbsp;gw_prof_add
<LI><a href="#[225]">&gt;&gt;</a>&nbsp;&nbsp;&nbsp;gw_now_ns
<LI><a href="#[15e]">&gt;&gt;</a>&nbsp;&nbsp;&nbsp;memcpy
<LI><a href="#[179]">&gt;&gt;</a>&nbsp;&nbsp;&nbsp;memset
</UL>
<BR>[Called By]<UL><LI><a href="#[245]">&gt;&gt;</a>&nbsp;&nbsp;&nbsp;e2cf_core_poll
<LI><a href="#[23c]">&gt;&gt;</a>&nbsp;&nbsp;&nbsp;send_immediate
<LI><a href="#[218]">&gt;&gt;</a>&nbsp;&nbsp;&nbsp;agg_reserve
<LI><a href="#[231]">&gt;&gt;</a>&nbsp;&nbsp;&nbsp;e2cf_core_can_rx
<LI><a href="#[226]">&gt;&gt;</a>&nbsp;&nbsp;&nbsp;e2cf_core_can_txc
</UL>

<P><STRONG><a name="[21b]"></a>face_reclaim</STRONG> (Thumb, 238 bytes, Stack size 8 bytes, e2cf_core.o(.text.face_reclaim))
<BR><BR>[Stack]<UL><LI>Max Depth = 8<LI>Call Chain = face_reclaim
</UL>
<BR>[Calls]<UL><LI><a href="#[24f]">&gt;&gt;</a>&nbsp;&nbsp;&nbsp;eth_raw_tx_completed
</UL>
<BR>[Called By]<UL><LI><a href="#[245]">&gt;&gt;</a>&nbsp;&nbsp;&nbsp;e2cf_core_poll
<LI><a href="#[23c]">&gt;&gt;</a>&nbsp;&nbsp;&nbsp;send_immediate
<LI><a href="#[218]">&gt;&gt;</a>&nbsp;&nbsp;&nbsp;agg_reserve
</UL>

<P><STRONG><a name="[23c]"></a>send_immediate</STRONG> (Thumb, 306 bytes, Stack size 48 bytes, e2cf_core.o(.text.send_immediate))
<BR><BR>[Stack]<UL><LI>Max Depth = 264 + Unknown Stack Size
<LI>Call Chain = send_immediate &rArr; frame_send &rArr; eth_raw_send &rArr; ENET_QOS_SendFrame &rArr; __aeabi_assert &rArr; DbgConsole_Printf &rArr; DbgConsole_Vprintf
</UL>
<BR>[Calls]<UL><LI><a href="#[21c]">&gt;&gt;</a>&nbsp;&nbsp;&nbsp;eth_raw_mac
<LI><a href="#[21b]">&gt;&gt;</a>&nbsp;&nbsp;&nbsp;face_reclaim
<LI><a href="#[21a]">&gt;&gt;</a>&nbsp;&nbsp;&nbsp;frame_send
<LI><a href="#[225]">&gt;&gt;</a>&nbsp;&nbsp;&nbsp;gw_now_ns
<LI><a href="#[15e]">&gt;&gt;</a>&nbsp;&nbsp;&nbsp;memcpy
</UL>
<BR>[Called By]<UL><LI><a href="#[245]">&gt;&gt;</a>&nbsp;&nbsp;&nbsp;e2cf_core_poll
<LI><a href="#[23e]">&gt;&gt;</a>&nbsp;&nbsp;&nbsp;e2cf_core_eth_frame
<LI><a href="#[228]">&gt;&gt;</a>&nbsp;&nbsp;&nbsp;e2cf_core_can_state_change
</UL>

<P><STRONG><a name="[ea]"></a>eth_rx_alloc</STRONG> (Thumb, 540 bytes, Stack size 0 bytes, eth_raw.o(.text.eth_rx_alloc))
<BR>[Address Reference Count : 1]<UL><LI> eth_raw.o(.text.eth_raw_init)
</UL>
<P><STRONG><a name="[eb]"></a>eth_rx_free</STRONG> (Thumb, 54 bytes, Stack size 0 bytes, eth_raw.o(.text.eth_rx_free))
<BR>[Address Reference Count : 1]<UL><LI> eth_raw.o(.text.eth_raw_init)
</UL>
<P><STRONG><a name="[ec]"></a>eth_callback</STRONG> (Thumb, 256 bytes, Stack size 96 bytes, eth_raw.o(.text.eth_callback))
<BR><BR>[Stack]<UL><LI>Max Depth = 680 + Unknown Stack Size
<LI>Call Chain = eth_callback &rArr; e2cf_core_eth_frame &rArr; can_hw_start &rArr; chan_apply_and_start &rArr; FLEXCAN_FDInit &rArr; FLEXCAN_Init &rArr; FLEXCAN_Reset &rArr; __aeabi_assert &rArr; DbgConsole_Printf &rArr; DbgConsole_Vprintf
</UL>
<BR>[Calls]<UL><LI><a href="#[23e]">&gt;&gt;</a>&nbsp;&nbsp;&nbsp;e2cf_core_eth_frame
<LI><a href="#[17d]">&gt;&gt;</a>&nbsp;&nbsp;&nbsp;ENET_QOS_GetRxFrame
<LI><a href="#[179]">&gt;&gt;</a>&nbsp;&nbsp;&nbsp;memset
</UL>
<BR>[Address Reference Count : 1]<UL><LI> eth_raw.o(.text.eth_raw_init)
</UL>
<P><STRONG><a name="[f8]"></a>fault_log_hardfault</STRONG> (Thumb, 72 bytes, Stack size 8 bytes, main.o(.text.fault_log_hardfault))
<BR><BR>[Stack]<UL><LI>Max Depth = 136 + Unknown Stack Size
<LI>Call Chain = fault_log_hardfault &rArr; DbgConsole_Printf &rArr; DbgConsole_Vprintf
</UL>
<BR>[Calls]<UL><LI><a href="#[15c]">&gt;&gt;</a>&nbsp;&nbsp;&nbsp;DbgConsole_Printf
</UL>
<BR>[Called By]<UL><LI><a href="#[2]">&gt;&gt;</a>&nbsp;&nbsp;&nbsp;HardFault_Handler
</UL>

<P><STRONG><a name="[258]"></a>_fp_digits</STRONG> (Thumb, 366 bytes, Stack size 64 bytes, printfa.o(i._fp_digits), UNUSED)
<BR><BR>[Calls]<UL><LI><a href="#[fc]">&gt;&gt;</a>&nbsp;&nbsp;&nbsp;__aeabi_uldivmod
<LI><a href="#[105]">&gt;&gt;</a>&nbsp;&nbsp;&nbsp;__aeabi_dmul
<LI><a href="#[106]">&gt;&gt;</a>&nbsp;&nbsp;&nbsp;__aeabi_ddiv
<LI><a href="#[ff]">&gt;&gt;</a>&nbsp;&nbsp;&nbsp;__aeabi_dadd
<LI><a href="#[107]">&gt;&gt;</a>&nbsp;&nbsp;&nbsp;__aeabi_d2ulz
<LI><a href="#[259]">&gt;&gt;</a>&nbsp;&nbsp;&nbsp;__aeabi_cdrcmple
</UL>
<BR>[Called By]<UL><LI><a href="#[256]">&gt;&gt;</a>&nbsp;&nbsp;&nbsp;_printf_core
</UL>

<P><STRONG><a name="[256]"></a>_printf_core</STRONG> (Thumb, 1744 bytes, Stack size 136 bytes, printfa.o(i._printf_core), UNUSED)
<BR><BR>[Calls]<UL><LI><a href="#[fc]">&gt;&gt;</a>&nbsp;&nbsp;&nbsp;__aeabi_uldivmod
<LI><a href="#[25c]">&gt;&gt;</a>&nbsp;&nbsp;&nbsp;__aeabi_uidivmod
<LI><a href="#[25a]">&gt;&gt;</a>&nbsp;&nbsp;&nbsp;_printf_pre_padding
<LI><a href="#[25b]">&gt;&gt;</a>&nbsp;&nbsp;&nbsp;_printf_post_padding
<LI><a href="#[258]">&gt;&gt;</a>&nbsp;&nbsp;&nbsp;_fp_digits
</UL>
<BR>[Called By]<UL><LI><a href="#[257]">&gt;&gt;</a>&nbsp;&nbsp;&nbsp;__0vsnprintf
<LI><a href="#[255]">&gt;&gt;</a>&nbsp;&nbsp;&nbsp;__0snprintf
</UL>

<P><STRONG><a name="[25b]"></a>_printf_post_padding</STRONG> (Thumb, 36 bytes, Stack size 24 bytes, printfa.o(i._printf_post_padding), UNUSED)
<BR><BR>[Called By]<UL><LI><a href="#[256]">&gt;&gt;</a>&nbsp;&nbsp;&nbsp;_printf_core
</UL>

<P><STRONG><a name="[25a]"></a>_printf_pre_padding</STRONG> (Thumb, 46 bytes, Stack size 24 bytes, printfa.o(i._printf_pre_padding), UNUSED)
<BR><BR>[Called By]<UL><LI><a href="#[256]">&gt;&gt;</a>&nbsp;&nbsp;&nbsp;_printf_core
</UL>

<P><STRONG><a name="[ee]"></a>_snputc</STRONG> (Thumb, 22 bytes, Stack size 0 bytes, printfa.o(i._snputc))
<BR>[Address Reference Count : 2]<UL><LI> printfa.o(i.__0snprintf)
<LI> printfa.o(i.__0vsnprintf)
</UL><P>
<H3>
Undefined Global Symbols
</H3><HR></body></html>
