<html>
<body>
<pre>
<h1>µVision Build Log</h1>
<h2>Tool Versions:</h2>
IDE-Version: µVision V5.40.0.0
Copyright (C) 2024 ARM Ltd and ARM Germany GmbH. All rights reserved.
License Information: ken nxf65620
nxp
User-based license: Hardware Success Kit (Early Access)
Valid until: Feb 1 2027. Cached until: Jun 18 2026
 
Tool Versions:
Toolchain:       Hardware Success Kit (Early Access)  Version: 5.40.0.3
Toolchain Path:  C:\Users\nxf65620\AppData\Local\Keil_v5\ARM\ARMCLANG\Bin
C Compiler:      ArmClang.exe V6.22
Assembler:       Armasm.exe V6.22
Linker/Locator:  ArmLink.exe V6.22
Library Manager: ArmAr.exe V6.22
Hex Converter:   FromElf.exe V6.22
CPU DLL:         SARMCM3.DLL V5.40.0.3
Dialog DLL:      DCM.DLL V1.17.5.0
Target DLL:      CMSIS_AGDI.dll V1.33.18.0
Dialog DLL:      TCM.DLL V1.56.4.0
 
<h2>Project:</h2>
C:\KEN_DATA\06_Training_Materials\01_Technical_Training\i.MX95_Training_nxp\eth2can\e2cf_mcxe31\e2cf_mcxe31.uvprojx
Project File Date:  06/14/2026

<h2>Output:</h2>
*** Using Compiler 'V6.22', folder: 'C:\Users\nxf65620\AppData\Local\Keil_v5\ARM\ARMCLANG\Bin'
Build target 'e2cf_mcxe31 debug'
linking...
Program Size: Code=61688 RO-data=7668 RW-data=108 ZI-data=103532  
After Build - User command #1: fromelf.exe --output "debug\flexcan_interrupt_transfer.bin" --bincombined "debug\e2cf_mcxe31.out"
"debug\e2cf_mcxe31.out" - 0 Error(s), 0 Warning(s).

<h2>Software Packages used:</h2>

Package Vendor: NXP
                https://mcuxpresso.nxp.com/cmsis_pack/repo/NXP.MCXE31B_DFP.25.12.00.pack
                NXP::MCXE31B_DFP@25.12.00
                Device Family Pack for MCXE31B

<h2>Collection of Component include folders:</h2>
  C:/Users/nxf65620/AppData/Local/Arm/Packs/NXP/MCXE31B_DFP/25.12.00/devices/MCXE31B

<h2>Collection of Component Files used:</h2>
Build Time Elapsed:  00:00:08
</pre>
</body>
</html>
