Component: Arm Compiler for Embedded 6.22 Tool: armlink [5ee90200]

==============================================================================

Section Cross References

    board.o(.ARM.exidx.text.BOARD_ConfigMPU) refers to board.o(.text.BOARD_ConfigMPU) for [Anonymous Symbol]
    board.o(.text.BOARD_InitDebugConsole) refers to fsl_clock.o(.text.CLOCK_GetFreq) for CLOCK_GetFreq
    board.o(.text.BOARD_InitDebugConsole) refers to fsl_debug_console.o(.text.DbgConsole_Init) for DbgConsole_Init
    board.o(.ARM.exidx.text.BOARD_InitDebugConsole) refers to board.o(.text.BOARD_InitDebugConsole) for [Anonymous Symbol]
    board.o(.ARM.exidxCodeQuickAccess) refers to board.o(CodeQuickAccess) for [Anonymous Symbol]
    board.o(.text.BOARD_ClockPreConfig) refers to fsl_clock.o(.text.CLOCK_SelectSafeClock) for CLOCK_SelectSafeClock
    board.o(.text.BOARD_ClockPreConfig) refers to board.o(CodeQuickAccess) for BOARD_EnableSRAMExtraLatency
    board.o(.ARM.exidx.text.BOARD_ClockPreConfig) refers to board.o(.text.BOARD_ClockPreConfig) for [Anonymous Symbol]
    board.o(.ARM.exidx.text.BOARD_ClockPostConfig) refers to board.o(.text.BOARD_ClockPostConfig) for [Anonymous Symbol]
    clock_config.o(.text.BOARD_InitBootClocks) refers to board.o(.text.BOARD_ClockPreConfig) for BOARD_ClockPreConfig
    clock_config.o(.text.BOARD_InitBootClocks) refers to clock_config.o(.rodata.g_fxoscConfig_BOARD_BootClockRUN) for g_fxoscConfig_BOARD_BootClockRUN
    clock_config.o(.text.BOARD_InitBootClocks) refers to fsl_clock.o(.text.CLOCK_InitFxosc) for CLOCK_InitFxosc
    clock_config.o(.text.BOARD_InitBootClocks) refers to clock_config.o(.rodata.g_pllConfig_BOARD_BootClockRUN) for g_pllConfig_BOARD_BootClockRUN
    clock_config.o(.text.BOARD_InitBootClocks) refers to fsl_clock.o(.text.CLOCK_InitPll) for CLOCK_InitPll
    clock_config.o(.text.BOARD_InitBootClocks) refers to clock_config.o(.text.BOARD_BootClockRUN_InitClockModule) for BOARD_BootClockRUN_InitClockModule
    clock_config.o(.text.BOARD_InitBootClocks) refers to board.o(.text.BOARD_ClockPostConfig) for BOARD_ClockPostConfig
    clock_config.o(.text.BOARD_InitBootClocks) refers to system_mcxe31b.o(.text.SystemCoreClockUpdate) for SystemCoreClockUpdate
    clock_config.o(.ARM.exidx.text.BOARD_InitBootClocks) refers to clock_config.o(.text.BOARD_InitBootClocks) for [Anonymous Symbol]
    clock_config.o(.text.BOARD_BootClockRUN) refers to board.o(.text.BOARD_ClockPreConfig) for BOARD_ClockPreConfig
    clock_config.o(.text.BOARD_BootClockRUN) refers to clock_config.o(.rodata.g_fxoscConfig_BOARD_BootClockRUN) for g_fxoscConfig_BOARD_BootClockRUN
    clock_config.o(.text.BOARD_BootClockRUN) refers to fsl_clock.o(.text.CLOCK_InitFxosc) for CLOCK_InitFxosc
    clock_config.o(.text.BOARD_BootClockRUN) refers to clock_config.o(.rodata.g_pllConfig_BOARD_BootClockRUN) for g_pllConfig_BOARD_BootClockRUN
    clock_config.o(.text.BOARD_BootClockRUN) refers to fsl_clock.o(.text.CLOCK_InitPll) for CLOCK_InitPll
    clock_config.o(.text.BOARD_BootClockRUN) refers to clock_config.o(.text.BOARD_BootClockRUN_InitClockModule) for BOARD_BootClockRUN_InitClockModule
    clock_config.o(.text.BOARD_BootClockRUN) refers to board.o(.text.BOARD_ClockPostConfig) for BOARD_ClockPostConfig
    clock_config.o(.text.BOARD_BootClockRUN) refers to system_mcxe31b.o(.text.SystemCoreClockUpdate) for SystemCoreClockUpdate
    clock_config.o(.ARM.exidx.text.BOARD_BootClockRUN) refers to clock_config.o(.text.BOARD_BootClockRUN) for [Anonymous Symbol]
    clock_config.o(.text.BOARD_BootClockRUN_InitClockModule) refers to fsl_clock.o(.text.CLOCK_SelectSafeClock) for CLOCK_SelectSafeClock
    clock_config.o(.text.BOARD_BootClockRUN_InitClockModule) refers to fsl_clock.o(.text.CLOCK_SetClkDiv) for CLOCK_SetClkDiv
    clock_config.o(.text.BOARD_BootClockRUN_InitClockModule) refers to clock_config.o(.rodata.g_pcfsConfig_BOARD_BootClockRUN) for g_pcfsConfig_BOARD_BootClockRUN
    clock_config.o(.text.BOARD_BootClockRUN_InitClockModule) refers to fsl_clock.o(.text.CLOCK_ProgressiveClockFrequencySwitch) for CLOCK_ProgressiveClockFrequencySwitch
    clock_config.o(.text.BOARD_BootClockRUN_InitClockModule) refers to clock_config.o(.rodata.g_pllConfig_BOARD_BootClockRUN) for g_pllConfig_BOARD_BootClockRUN
    clock_config.o(.text.BOARD_BootClockRUN_InitClockModule) refers to fsl_clock.o(.text.CLOCK_InitPll) for CLOCK_InitPll
    clock_config.o(.text.BOARD_BootClockRUN_InitClockModule) refers to clock_config.o(.rodata.g_fxoscConfig_BOARD_BootClockRUN) for g_fxoscConfig_BOARD_BootClockRUN
    clock_config.o(.text.BOARD_BootClockRUN_InitClockModule) refers to fsl_clock.o(.text.CLOCK_InitFxosc) for CLOCK_InitFxosc
    clock_config.o(.text.BOARD_BootClockRUN_InitClockModule) refers to fsl_assert.o(.text.__aeabi_assert) for __aeabi_assert
    clock_config.o(.ARM.exidx.text.BOARD_BootClockRUN_InitClockModule) refers to clock_config.o(.text.BOARD_BootClockRUN_InitClockModule) for [Anonymous Symbol]
[...]
    SIUL2_CommonDriverIRQHandler             0x0040a0a9   Thumb Code   284  fsl_siul2.o(.text.SIUL2_CommonDriverIRQHandler)
    SIUL2_PinInit                            0x0040a1e1   Thumb Code   272  fsl_siul2.o(.text.SIUL2_PinInit)
    SIUL2_WriteIMCRConfiguration             0x0040a329   Thumb Code   472  fsl_siul2.o(.text.SIUL2_WriteIMCRConfiguration)
    STCU_IRQHandler                          0x0040a501   Thumb Code     4  startup_mcxe31b.o(.text.STCU_IRQHandler)
    STM0_IRQHandler                          0x0040a509   Thumb Code     6  startup_mcxe31b.o(.text.STM0_IRQHandler)
    STM1_IRQHandler                          0x0040a511   Thumb Code     6  startup_mcxe31b.o(.text.STM1_IRQHandler)
    SVC_Handler                              0x0040a519   Thumb Code     2  startup_mcxe31b.o(.text.SVC_Handler)
    SWT0_IRQHandler                          0x0040a521   Thumb Code     4  startup_mcxe31b.o(.text.SWT0_IRQHandler)
    SysTick_Handler                          0x0040a529   Thumb Code    18  main.o(.text.SysTick_Handler)
    SystemCoreClockUpdate                    0x0040a541   Thumb Code   196  system_mcxe31b.o(.text.SystemCoreClockUpdate)
    SystemInit                               0x0040a609   Thumb Code   122  system_mcxe31b.o(.text.SystemInit)
    SystemInitHook                           0x0040a689   Thumb Code     2  system_mcxe31b.o(.text.SystemInitHook)
    UsageFault_Handler                       0x0040a691   Thumb Code     2  startup_mcxe31b.o(.text.UsageFault_Handler)
    WKPU_IRQHandler                          0x0040a699   Thumb Code     4  startup_mcxe31b.o(.text.WKPU_IRQHandler)
    __aeabi_assert                           0x0040a6a1   Thumb Code    48  fsl_assert.o(.text.__aeabi_assert)
    can_hw_clear_stats                       0x0040a991   Thumb Code    48  can_hw.o(.text.can_hw_clear_stats)
    can_hw_dump_stats                        0x0040a9c1   Thumb Code   758  can_hw.o(.text.can_hw_dump_stats)
    can_hw_get_bitrate                       0x0040acb9   Thumb Code    40  can_hw.o(.text.can_hw_get_bitrate)
    can_hw_get_evt                           0x0040ace1   Thumb Code    96  can_hw.o(.text.can_hw_get_evt)
    can_hw_init                              0x0040ad41   Thumb Code   428  can_hw.o(.text.can_hw_init)
    can_hw_is_running                        0x0040af41   Thumb Code    36  can_hw.o(.text.can_hw_is_running)
    can_hw_poll_errors                       0x0040af69   Thumb Code   516  can_hw.o(.text.can_hw_poll_errors)
    can_hw_reset                             0x0040b199   Thumb Code    60  can_hw.o(.text.can_hw_reset)
    can_hw_set_bitrate                       0x0040b1d9   Thumb Code   520  can_hw.o(.text.can_hw_set_bitrate)
    can_hw_set_filter                        0x0040b3e1   Thumb Code    80  can_hw.o(.text.can_hw_set_filter)
    can_hw_set_tx_gate                       0x0040b471   Thumb Code   136  can_hw.o(.text.can_hw_set_tx_gate)
    can_hw_start                             0x0040b4f9   Thumb Code    44  can_hw.o(.text.can_hw_start)
    can_hw_stats                             0x0040b529   Thumb Code    30  can_hw.o(.text.can_hw_stats)
    can_hw_stop                              0x0040b549   Thumb Code   228  can_hw.o(.text.can_hw_stop)
    can_hw_submit_tx                         0x0040b641   Thumb Code   298  can_hw.o(.text.can_hw_submit_tx)
    dbg_log_clear_dropped                    0x0040c479   Thumb Code    14  dbg_log.o(.text.dbg_log_clear_dropped)
    dbg_log_console_poll                     0x0040c489   Thumb Code   152  dbg_log.o(.text.dbg_log_console_poll)
    dbg_log_drain                            0x0040c559   Thumb Code   120  dbg_log.o(.text.dbg_log_drain)
    dbg_log_dropped                          0x0040c601   Thumb Code    12  dbg_log.o(.text.dbg_log_dropped)
    dbg_log_emit                             0x0040c611   Thumb Code   352  dbg_log.o(.text.dbg_log_emit)
    dbg_log_init                             0x0040c789   Thumb Code    18  dbg_log.o(.text.dbg_log_init)
    e2cf_core_can_rx                         0x0040c7a1   Thumb Code   484  e2cf_core.o(.text.e2cf_core_can_rx)
    e2cf_core_can_state_change               0x0040c9f9   Thumb Code    50  e2cf_core.o(.text.e2cf_core_can_state_change)
    e2cf_core_can_txc                        0x0040ca31   Thumb Code   222  e2cf_core.o(.text.e2cf_core_can_txc)
    e2cf_core_dump_stats                     0x0040cb11   Thumb Code   184  e2cf_core.o(.text.e2cf_core_dump_stats)
    e2cf_core_eth_frame                      0x0040cbc9   Thumb Code  1664  e2cf_core.o(.text.e2cf_core_eth_frame)
    e2cf_core_init                           0x0040d2c1   Thumb Code   164  e2cf_core.o(.text.e2cf_core_init)
    e2cf_core_poll                           0x0040d391   Thumb Code  1440  e2cf_core.o(.text.e2cf_core_poll)
    eth_raw_clear_stats                      0x0040da59   Thumb Code    18  eth_raw.o(.text.eth_raw_clear_stats)
    eth_raw_dump_stats                       0x0040da71   Thumb Code   102  eth_raw.o(.text.eth_raw_dump_stats)
    eth_raw_get_stats                        0x0040dad9   Thumb Code    30  eth_raw.o(.text.eth_raw_get_stats)
    eth_raw_init                             0x0040daf9   Thumb Code   584  eth_raw.o(.text.eth_raw_init)
    eth_raw_link_up                          0x0040ddd1   Thumb Code    12  eth_raw.o(.text.eth_raw_link_up)
    eth_raw_mac                              0x0040dde1   Thumb Code    12  eth_raw.o(.text.eth_raw_mac)
    eth_raw_poll_link                        0x0040ddf1   Thumb Code   304  eth_raw.o(.text.eth_raw_poll_link)
    eth_raw_send                             0x0040df61   Thumb Code   118  eth_raw.o(.text.eth_raw_send)
    eth_raw_tx_completed                     0x0040dfd9   Thumb Code    12  eth_raw.o(.text.eth_raw_tx_completed)
    eth_raw_tx_inflight                      0x0040dfe9   Thumb Code    26  eth_raw.o(.text.eth_raw_tx_inflight)
    eth_raw_tx_submitted                     0x0040e009   Thumb Code    12  eth_raw.o(.text.eth_raw_tx_submitted)
    fsl_assert_hook                          0x0040e4e1   Thumb Code     4  fsl_assert.o(.text.fsl_assert_hook)
    gw_now_ns                                0x0040e4e9   Thumb Code    60  gw_time.o(.text.gw_now_ns)
    gw_prof_add                              0x0040e529   Thumb Code   112  gw_prof.o(.text.gw_prof_add)
    gw_prof_clear                            0x0040e599   Thumb Code  2486  gw_prof.o(.text.gw_prof_clear)
    gw_prof_dump                             0x0040ef51   Thumb Code  1836  gw_prof.o(.text.gw_prof_dump)
    gw_time_init                             0x0040f6d1   Thumb Code    50  gw_time.o(.text.gw_time_init)
    gw_time_track_wrap                       0x0040f709   Thumb Code    44  gw_time.o(.text.gw_time_track_wrap)
    main                                     0x0040f7b1   Thumb Code   296  main.o(.text.main)
    Reset_Handler                            0x0040fa99   Thumb Code   184  startup_mcxe31b.o(InRoot$$Sections)
    __0snprintf                              0x0040fb71   Thumb Code    48  printfa.o(i.__0snprintf)
    __1snprintf                              0x0040fb71   Thumb Code     0  printfa.o(i.__0snprintf)
    __2snprintf                              0x0040fb71   Thumb Code     0  printfa.o(i.__0snprintf)
    __c89snprintf                            0x0040fb71   Thumb Code     0  printfa.o(i.__0snprintf)
    snprintf                                 0x0040fb71   Thumb Code     0  printfa.o(i.__0snprintf)
    __0vsnprintf                             0x0040fba5   Thumb Code    46  printfa.o(i.__0vsnprintf)
    __1vsnprintf                             0x0040fba5   Thumb Code     0  printfa.o(i.__0vsnprintf)
    __2vsnprintf                             0x0040fba5   Thumb Code     0  printfa.o(i.__0vsnprintf)
    __c89vsnprintf                           0x0040fba5   Thumb Code     0  printfa.o(i.__0vsnprintf)
    vsnprintf                                0x0040fba5   Thumb Code     0  printfa.o(i.__0vsnprintf)
    __scatterload_copy                       0x0040fbd9   Thumb Code    14  handlers.o(i.__scatterload_copy)
    __scatterload_null                       0x0040fbe7   Thumb Code     2  handlers.o(i.__scatterload_null)
    __scatterload_zeroinit                   0x0040fbe9   Thumb Code    14  handlers.o(i.__scatterload_zeroinit)
    LC_Config                                0x00410ee0   Data           4  boot_header.o(.rodata.LC_Config)
    g_fxoscConfig_BOARD_BootClockRUN         0x00410ef4   Data          12  clock_config.o(.rodata.g_fxoscConfig_BOARD_BootClockRUN)
    g_pcfsConfig_BOARD_BootClockRUN          0x00410f00   Data          12  clock_config.o(.rodata.g_pcfsConfig_BOARD_BootClockRUN)
    g_pllConfig_BOARD_BootClockRUN           0x00410f0c   Data          14  clock_config.o(.rodata.g_pllConfig_BOARD_BootClockRUN)
    phylan8741_ops                           0x00410f1c   Data          48  fsl_phylan8741.o(.rodata.phylan8741_ops)
    Region$$Table$$Base                      0x00411dcc   Number         0  anon$$obj.o(Region$$Table)
    Region$$Table$$Limit                     0x00411e0c   Number         0  anon$$obj.o(Region$$Table)
    g_dbg_level                              0x20408014   Data           1  dbg_log.o(.data..L_MergedGlobals)
    g_dbg_mask                               0x20408018   Data           4  dbg_log.o(.data..L_MergedGlobals)
    SystemCoreClock                          0x20408020   Data           4  system_mcxe31b.o(.data.SystemCoreClock)
    s_lpuartIsr                              0x2040802c   Data          64  fsl_lpuart.o(.data.s_lpuartIsr)
    g_xtal0Freq                              0x20408080   Data           4  fsl_clock.o(.bss..L_MergedGlobals)
    g_emacRmiiTxClkFreq                      0x20408084   Data           4  fsl_clock.o(.bss..L_MergedGlobals)
    g_emacRxClkFreq                          0x20408088   Data           4  fsl_clock.o(.bss..L_MergedGlobals)
    g_phy_resource                           0x204081e4   Data           8  hardware_init.o(.bss.g_phy_resource)
    s_lpuartHandle                           0x2040a490   Data          64  fsl_lpuart.o(.bss.s_lpuartHandle)
    Image$$ARM_LIB_HEAP$$ZI$$Base            0x2041b080   Number         0  anon$$obj.o ABSOLUTE
    Image$$ARM_LIB_HEAP$$ZI$$Limit           0x2041b480   Number         0  anon$$obj.o ABSOLUTE
    Image$$ARM_LIB_STACK$$ZI$$Limit          0x20450000   Number         0  anon$$obj.o ABSOLUTE



==============================================================================

Memory Map of the image

  Image Entry point : 0x0040fa99

  Load Region LR_m_header (Base: 0x00400000, Size: 0x00000100, Max: 0x00000100, ABSOLUTE)

    Execution Region ER_m_boot_header (Exec base: 0x00400000, Load base: 0x00400000, Size: 0x00000100, Max: 0x00000100, ABSOLUTE, FIXED)

    Exec Addr    Load Addr    Size         Type   Attr      Idx    E Section Name        Object

    0x00400000   0x00400000   0x00000100   Data   RO          108    .boot_header        boot_header.o



  Load Region LR_m_text (Base: 0x00401000, Size: 0x00010f00, Max: 0x003d3000, ABSOLUTE)

    Execution Region ER_m_QuickAccessCode (Exec base: 0x00000000, Load base: 0x00411e10, Size: 0x00000038, Max: 0x00008000, ABSOLUTE)

    Exec Addr    Load Addr    Size         Type   Attr      Idx    E Section Name        Object

    0x00000000   0x00411e10   0x00000038   Code   RO           10    CodeQuickAccess     board.o


    Execution Region VECTOR_ROM (Exec base: 0x00401000, Load base: 0x00401000, Size: 0x000003a8, Max: 0x00000400, ABSOLUTE)

    Exec Addr    Load Addr    Size         Type   Attr      Idx    E Section Name        Object

    0x00401000   0x00401000   0x000003a8   Data   RO         1415    .isr_vector         startup_mcxe31b.o


    Execution Region VECTOR_PAD (Exec base: 0x004013a8, Load base: 0x004013a8, Size: 0x00000058, Max: 0x00000058, ABSOLUTE)

    Exec Addr    Load Addr    Size         Type   Attr      Idx    E Section Name        Object

    0x004013a8        -       0x00000058   Zero   RW            1    VECTOR_PAD.bss      anon$$obj.o


    Execution Region ER_m_text (Exec base: 0x00401400, Load base: 0x00401400, Size: 0x00010a0c, Max: 0x003d2c00, ABSOLUTE)

    Exec Addr    Load Addr    Size         Type   Attr      Idx    E Section Name        Object

    0x00401400   0x00401400   0x00000000   Code   RO         1478  * .ARM.Collect$$$$00000000  mc_w.l(entry.o)
    0x00401400   0x00401400   0x00000004   Code   RO         1791    .ARM.Collect$$$$00000003  mc_w.l(entry4.o)
    0x00401404   0x00401404   0x00000004   Code   RO         1794    .ARM.Collect$$$$00000004  mc_w.l(entry5.o)
    0x00401408   0x00401408   0x00000000   Code   RO         1796    .ARM.Collect$$$$00000008  mc_w.l(entry7b.o)
    0x00401408   0x00401408   0x00000000   Code   RO         1798    .ARM.Collect$$$$0000000A  mc_w.l(entry8b.o)
    0x00401408   0x00401408   0x00000008   Code   RO         1799    .ARM.Collect$$$$0000000B  mc_w.l(entry9a.o)
    0x00401410   0x00401410   0x00000000   Code   RO         1801    .ARM.Collect$$$$0000000D  mc_w.l(entry10a.o)
    0x00401410   0x00401410   0x00000000   Code   RO         1803    .ARM.Collect$$$$0000000F  mc_w.l(entry11a.o)
    0x00401410   0x00401410   0x00000004   Code   RO         1792    .ARM.Collect$$$$00002714  mc_w.l(entry4.o)
    0x00401414   0x00401414   0x000000a0   Code   RO         1461    .text               fsl_memcpy.o
    0x004014b4   0x004014b4   0x00000062   Code   RO         1481    .text               mc_w.l(uldiv.o)
    0x00401516   0x00401516   0x00000024   Code   RO         1483    .text               mc_w.l(memcpya.o)
    0x0040153a   0x0040153a   0x00000012   Code   RO         1485    .text               mc_w.l(memset.o)
    0x0040154c   0x0040154c   0x0000000e   Code   RO         1489    .text               mc_w.l(strlen.o)
    0x0040155a   0x0040155a   0x0000002c   Code   RO         1819    .text               mc_w.l(uidiv.o)
    0x00401586   0x00401586   0x0000001e   Code   RO         1821    .text               mc_w.l(llshl.o)
    0x004015a4   0x004015a4   0x00000020   Code   RO         1823    .text               mc_w.l(llushr.o)
    0x004015c4   0x004015c4   0x00000000   Code   RO         1857    .text               mc_w.l(iusefp.o)
    0x004015c4   0x004015c4   0x0000014e   Code   RO         1858    .text               mf_w.l(dadd.o)
    0x00401712   0x00401712   0x000000e4   Code   RO         1860    .text               mf_w.l(dmul.o)
    0x004017f6   0x004017f6   0x000000de   Code   RO         1862    .text               mf_w.l(ddiv.o)
    0x004018d4   0x004018d4   0x00000030   Code   RO         1864    .text               mf_w.l(dfixul.o)
    0x00401904   0x00401904   0x00000030   Code   RO         1866    .text               mf_w.l(cdrcmple.o)
    0x00401934   0x00401934   0x00000030   Code   RO         1868    .text               mc_w.l(init.o)
    0x00401964   0x00401964   0x00000024   Code   RO         1871    .text               mc_w.l(llsshr.o)
    0x00401988   0x00401988   0x000000ba   Code   RO         1876    .text               mf_w.l(depilogue.o)
    0x00401a42   0x00401a42   0x00000006   PAD
    0x00401a48   0x00401a48   0x00000004   Code   RO         1337    .text.ADC0_IRQHandler  startup_mcxe31b.o
    0x00401a4c   0x00401a4c   0x00000004   PAD
    0x00401a50   0x00401a50   0x00000004   Code   RO         1339    .text.ADC1_IRQHandler  startup_mcxe31b.o
    0x00401a54   0x00401a54   0x00000004   PAD
    0x00401a58   0x00401a58   0x00000004   Code   RO         1341    .text.ADC2_IRQHandler  startup_mcxe31b.o
    0x00401a5c   0x00401a5c   0x00000004   PAD
    0x00401a60   0x00401a60   0x00000004   Code   RO         1407    .text.AIPS_PLAT_CLK_FAIL_IRQHandler  startup_mcxe31b.o
    0x00401a64   0x00401a64   0x00000004   PAD
    0x00401a68   0x00401a68   0x00000004   Code   RO         1151    .text.BCTU_IRQHandler  startup_mcxe31b.o
    0x00401a6c   0x00401a6c   0x00000004   PAD
    0x00401a70   0x00401a70   0x0000013c   Code   RO           28    .text.BOARD_BootClockRUN_InitClockModule  clock_config.o
    0x00401bac   0x00401bac   0x00000004   PAD
    0x00401bb0   0x00401bb0   0x00000012   Code   RO           14    .text.BOARD_ClockPostConfig  board.o
    0x00401bc2   0x00401bc2   0x00000006   PAD
    0x00401bc8   0x00401bc8   0x0000006e   Code   RO           12    .text.BOARD_ClockPreConfig  board.o
    0x00401c36   0x00401c36   0x00000002   PAD
    0x00401c38   0x00401c38   0x000002f4   Code   RO            6    .text.BOARD_ConfigMPU  board.o
    0x00401f2c   0x00401f2c   0x00000004   PAD
    0x00401f30   0x00401f30   0x0000006a   Code   RO           24    .text.BOARD_InitBootClocks  clock_config.o
    0x00401f9a   0x00401f9a   0x00000006   PAD
    0x00401fa0   0x00401fa0   0x00000038   Code   RO           62    .text.BOARD_InitBootPins  pin_mux.o
    0x00401fd8   0x00401fd8   0x0000001a   Code   RO            8    .text.BOARD_InitDebugConsole  board.o
    0x00401ff2   0x00401ff2   0x00000006   PAD
    0x00401ff8   0x00401ff8   0x000000fc   Code   RO           72    .text.BOARD_InitEMACPins  pin_mux.o
    0x004020f4   0x004020f4   0x00000004   PAD
    0x004020f8   0x004020f8   0x00000130   Code   RO           70    .text.BOARD_InitFlexCANPins  pin_mux.o
    0x00402228   0x00402228   0x000000d8   Code   RO           47    .text.BOARD_InitHardware  hardware_init.o
    0x00402300   0x00402300   0x00000002   Code   RO          965    .text.BusFault_Handler  startup_mcxe31b.o
    0x00402302   0x00402302   0x00000006   PAD
    0x00402308   0x00402308   0x000000b8   Code   RO          177    .text.CLOCK_AttachClk  fsl_clock.o
    0x004023c0   0x004023c0   0x0000007e   Code   RO          171    .text.CLOCK_DisableClock  fsl_clock.o
    0x0040243e   0x0040243e   0x00000002   PAD
    0x00402440   0x00402440   0x0000008a   Code   RO          169    .text.CLOCK_EnableClock  fsl_clock.o
    0x004024ca   0x004024ca   0x00000006   PAD
    0x004024d0   0x004024d0   0x00000070   Code   RO          203    .text.CLOCK_GetAipsPlatClkFreq  fsl_clock.o
    0x00402540   0x00402540   0x00000070   Code   RO          209    .text.CLOCK_GetDcmClkFreq  fsl_clock.o
    0x004025b0   0x004025b0   0x000001fc   Code   RO          229    .text.CLOCK_GetFlexcanPeClkFreq  fsl_clock.o
    0x004027ac   0x004027ac   0x00000004   PAD
    0x004027b0   0x004027b0   0x000002d4   Code   RO          231    .text.CLOCK_GetFreq  fsl_clock.o
    0x00402a84   0x00402a84   0x00000004   PAD
    0x00402a88   0x00402a88   0x00000070   Code   RO          207    .text.CLOCK_GetHseClkFreq  fsl_clock.o
    0x00402af8   0x00402af8   0x00000070   Code   RO          211    .text.CLOCK_GetLbistClkFreq  fsl_clock.o
    0x00402b68   0x00402b68   0x0000013c   Code   RO          195    .text.CLOCK_GetPllPhiClkFreq  fsl_clock.o
    0x00402ca4   0x00402ca4   0x00000004   PAD
    0x00402ca8   0x00402ca8   0x00000070   Code   RO          213    .text.CLOCK_GetQspiClkFreq  fsl_clock.o
    0x00402d18   0x00402d18   0x00000090   Code   RO          227    .text.CLOCK_GetQspiSfckFreq  fsl_clock.o
    0x00402da8   0x00402da8   0x00000114   Code   RO          215    .text.CLOCK_GetStmClkFreq  fsl_clock.o
    0x00402ebc   0x00402ebc   0x00000004   PAD
    0x00402ec0   0x00402ec0   0x000000c8   Code   RO          189    .text.CLOCK_InitFxosc  fsl_clock.o
    0x00402f88   0x00402f88   0x0000026c   Code   RO          193    .text.CLOCK_InitPll  fsl_clock.o
    0x004031f4   0x004031f4   0x00000004   PAD
    0x004031f8   0x004031f8   0x000002a8   Code   RO          179    .text.CLOCK_ProgressiveClockFrequencySwitch  fsl_clock.o
    0x004034a0   0x004034a0   0x00000044   Code   RO          183    .text.CLOCK_SelectSafeClock  fsl_clock.o
    0x004034e4   0x004034e4   0x00000004   PAD
    0x004034e8   0x004034e8   0x0000006c   Code   RO          173    .text.CLOCK_SetClkDiv  fsl_clock.o
    0x00403554   0x00403554   0x00000004   PAD
    0x00403558   0x00403558   0x0000000c   Code   RO          217    .text.CLOCK_SetEmacRmiiTxClkFreq  fsl_clock.o
    0x00403564   0x00403564   0x00000004   PAD
    0x00403568   0x00403568   0x00000004   Code   RO         1343    .text.CMP0_IRQHandler  startup_mcxe31b.o
    0x0040356c   0x0040356c   0x00000004   PAD
    0x00403570   0x00403570   0x00000004   Code   RO         1345    .text.CMP1_IRQHandler  startup_mcxe31b.o
    0x00403574   0x00403574   0x00000004   PAD
    0x00403578   0x00403578   0x00000004   Code   RO         1347    .text.CMP2_IRQHandler  startup_mcxe31b.o
    0x0040357c   0x0040357c   0x00000004   PAD
    0x00403580   0x00403580   0x00000006   Code   RO         1145    .text.CMU0_IRQHandler  startup_mcxe31b.o
    0x00403586   0x00403586   0x00000002   PAD
    0x00403588   0x00403588   0x00000006   Code   RO         1147    .text.CMU1_IRQHandler  startup_mcxe31b.o
    0x0040358e   0x0040358e   0x00000002   PAD
    0x00403590   0x00403590   0x00000006   Code   RO         1149    .text.CMU2_IRQHandler  startup_mcxe31b.o
    0x00403596   0x00403596   0x00000002   PAD
    0x00403598   0x00403598   0x00000004   Code   RO         1403    .text.CORE_CLK_FAIL_IRQHandler  startup_mcxe31b.o
    0x0040359c   0x0040359c   0x00000004   PAD
    0x004035a0   0x004035a0   0x00000004   Code   RO         1067    .text.CTI_INT0_IRQHandler  startup_mcxe31b.o
    0x004035a4   0x004035a4   0x00000004   PAD
    0x004035a8   0x004035a8   0x00000004   Code   RO         1069    .text.CTI_INT1_IRQHandler  startup_mcxe31b.o
    0x004035ac   0x004035ac   0x00000004   PAD
    0x004035b0   0x004035b0   0x00000060   Code   RO          155    .text.DCACHE_InvalidateByRange  fsl_cache.o
    0x00403610   0x00403610   0x00000004   Code   RO          985    .text.DMATCD0_IRQHandler  startup_mcxe31b.o
    0x00403614   0x00403614   0x00000004   PAD
    0x00403618   0x00403618   0x00000004   Code   RO         1005    .text.DMATCD10_IRQHandler  startup_mcxe31b.o
    0x0040361c   0x0040361c   0x00000004   PAD
    0x00403620   0x00403620   0x00000004   Code   RO         1007    .text.DMATCD11_IRQHandler  startup_mcxe31b.o
    0x00403624   0x00403624   0x00000004   PAD
    0x00403628   0x00403628   0x00000004   Code   RO         1009    .text.DMATCD12_IRQHandler  startup_mcxe31b.o
    0x0040362c   0x0040362c   0x00000004   PAD
    0x00403630   0x00403630   0x00000004   Code   RO         1011    .text.DMATCD13_IRQHandler  startup_mcxe31b.o
    0x00403634   0x00403634   0x00000004   PAD
    0x00403638   0x00403638   0x00000004   Code   RO         1013    .text.DMATCD14_IRQHandler  startup_mcxe31b.o
    0x0040363c   0x0040363c   0x00000004   PAD
    0x00403640   0x00403640   0x00000004   Code   RO         1015    .text.DMATCD15_IRQHandler  startup_mcxe31b.o
    0x00403644   0x00403644   0x00000004   PAD
    0x00403648   0x00403648   0x00000004   Code   RO         1017    .text.DMATCD16_IRQHandler  startup_mcxe31b.o
    0x0040364c   0x0040364c   0x00000004   PAD
    0x00403650   0x00403650   0x00000004   Code   RO         1019    .text.DMATCD17_IRQHandler  startup_mcxe31b.o
    0x00403654   0x00403654   0x00000004   PAD
    0x00403658   0x00403658   0x00000004   Code   RO         1021    .text.DMATCD18_IRQHandler  startup_mcxe31b.o
    0x0040365c   0x0040365c   0x00000004   PAD
    0x00403660   0x00403660   0x00000004   Code   RO         1023    .text.DMATCD19_IRQHandler  startup_mcxe31b.o
    0x00403664   0x00403664   0x00000004   PAD
    0x00403668   0x00403668   0x00000004   Code   RO          987    .text.DMATCD1_IRQHandler  startup_mcxe31b.o
    0x0040366c   0x0040366c   0x00000004   PAD
    0x00403670   0x00403670   0x00000004   Code   RO         1025    .text.DMATCD20_IRQHandler  startup_mcxe31b.o
    0x00403674   0x00403674   0x00000004   PAD
    0x00403678   0x00403678   0x00000004   Code   RO         1027    .text.DMATCD21_IRQHandler  startup_mcxe31b.o
    0x0040367c   0x0040367c   0x00000004   PAD
    0x00403680   0x00403680   0x00000004   Code   RO         1029    .text.DMATCD22_IRQHandler  startup_mcxe31b.o
    0x00403684   0x00403684   0x00000004   PAD
    0x00403688   0x00403688   0x00000004   Code   RO         1031    .text.DMATCD23_IRQHandler  startup_mcxe31b.o
    0x0040368c   0x0040368c   0x00000004   PAD
    0x00403690   0x00403690   0x00000004   Code   RO         1033    .text.DMATCD24_IRQHandler  startup_mcxe31b.o
    0x00403694   0x00403694   0x00000004   PAD
    0x00403698   0x00403698   0x00000004   Code   RO         1035    .text.DMATCD25_IRQHandler  startup_mcxe31b.o
    0x0040369c   0x0040369c   0x00000004   PAD
    0x004036a0   0x004036a0   0x00000004   Code   RO         1037    .text.DMATCD26_IRQHandler  startup_mcxe31b.o
    0x004036a4   0x004036a4   0x00000004   PAD
    0x004036a8   0x004036a8   0x00000004   Code   RO         1039    .text.DMATCD27_IRQHandler  startup_mcxe31b.o
    0x004036ac   0x004036ac   0x00000004   PAD
    0x004036b0   0x004036b0   0x00000004   Code   RO         1041    .text.DMATCD28_IRQHandler  startup_mcxe31b.o
    0x004036b4   0x004036b4   0x00000004   PAD
    0x004036b8   0x004036b8   0x00000004   Code   RO         1043    .text.DMATCD29_IRQHandler  startup_mcxe31b.o
    0x004036bc   0x004036bc   0x00000004   PAD
    0x004036c0   0x004036c0   0x00000004   Code   RO          989    .text.DMATCD2_IRQHandler  startup_mcxe31b.o
    0x004036c4   0x004036c4   0x00000004   PAD
    0x004036c8   0x004036c8   0x00000004   Code   RO         1045    .text.DMATCD30_IRQHandler  startup_mcxe31b.o
    0x004036cc   0x004036cc   0x00000004   PAD
    0x004036d0   0x004036d0   0x00000004   Code   RO         1047    .text.DMATCD31_IRQHandler  startup_mcxe31b.o
    0x004036d4   0x004036d4   0x00000004   PAD
    0x004036d8   0x004036d8   0x00000004   Code   RO          991    .text.DMATCD3_IRQHandler  startup_mcxe31b.o
    0x004036dc   0x004036dc   0x00000004   PAD
    0x004036e0   0x004036e0   0x00000004   Code   RO          993    .text.DMATCD4_IRQHandler  startup_mcxe31b.o
    0x004036e4   0x004036e4   0x00000004   PAD
    0x004036e8   0x004036e8   0x00000004   Code   RO          995    .text.DMATCD5_IRQHandler  startup_mcxe31b.o
    0x004036ec   0x004036ec   0x00000004   PAD
    0x004036f0   0x004036f0   0x00000004   Code   RO          997    .text.DMATCD6_IRQHandler  startup_mcxe31b.o
    0x004036f4   0x004036f4   0x00000004   PAD
    0x004036f8   0x004036f8   0x00000004   Code   RO          999    .text.DMATCD7_IRQHandler  startup_mcxe31b.o
    0x004036fc   0x004036fc   0x00000004   PAD
    0x00403700   0x00403700   0x00000004   Code   RO         1001    .text.DMATCD8_IRQHandler  startup_mcxe31b.o
    0x00403704   0x00403704   0x00000004   PAD
    0x00403708   0x00403708   0x00000004   Code   RO         1003    .text.DMATCD9_IRQHandler  startup_mcxe31b.o
    0x0040370c   0x0040370c   0x00000004   PAD
    0x00403710   0x00403710   0x00000052   Code   RO         1423    .text.DbgConsole_Init  fsl_debug_console.o
    0x00403762   0x00403762   0x00000006   PAD
    0x00403768   0x00403768   0x00000020   Code   RO         1431    .text.DbgConsole_Printf  fsl_debug_console.o
    0x00403788   0x00403788   0x00000032   Code   RO         1435    .text.DbgConsole_Putchar  fsl_debug_console.o
    0x004037ba   0x004037ba   0x00000006   PAD
    0x004037c0   0x004037c0   0x00000548   Code   RO         1433    .text.DbgConsole_Vprintf  fsl_debug_console.o
    0x00403d08   0x00403d08   0x00000002   Code   RO          971    .text.DebugMon_Handler  startup_mcxe31b.o
    0x00403d0a   0x00403d0a   0x00000006   PAD
    0x00403d10   0x00403d10   0x00000002   Code   RO          951    .text.DefaultISR    startup_mcxe31b.o
    0x00403d12   0x00403d12   0x00000006   PAD
    0x00403d18   0x00403d18   0x00000002   Code   RO          953    .text.DefaultISR1   startup_mcxe31b.o
    0x00403d1a   0x00403d1a   0x00000006   PAD
    0x00403d20   0x00403d20   0x00000014   Code   RO          372    .text.EMAC_0_DriverIRQHandler  fsl_enet_qos.o
    0x00403d34   0x00403d34   0x00000004   PAD
    0x00403d38   0x00403d38   0x00000004   Code   RO         1187    .text.EMAC_0_IRQHandler  startup_mcxe31b.o
    0x00403d3c   0x00403d3c   0x00000004   PAD
    0x00403d40   0x00403d40   0x00000004   Code   RO         1189    .text.EMAC_1_IRQHandler  startup_mcxe31b.o
    0x00403d44   0x00403d44   0x00000004   PAD
    0x00403d48   0x00403d48   0x00000004   Code   RO         1191    .text.EMAC_2_IRQHandler  startup_mcxe31b.o
    0x00403d4c   0x00403d4c   0x00000004   PAD
    0x00403d50   0x00403d50   0x00000004   Code   RO         1193    .text.EMAC_3_IRQHandler  startup_mcxe31b.o
    0x00403d54   0x00403d54   0x00000004   PAD
    0x00403d58   0x00403d58   0x00000004   Code   RO         1099    .text.EMIOS0_2_IRQHandler  startup_mcxe31b.o
    0x00403d5c   0x00403d5c   0x00000004   PAD
    0x00403d60   0x00403d60   0x00000004   Code   RO         1101    .text.EMIOS0_3_IRQHandler  startup_mcxe31b.o
    0x00403d64   0x00403d64   0x00000004   PAD
    0x00403d68   0x00403d68   0x00000004   Code   RO         1103    .text.EMIOS0_4_IRQHandler  startup_mcxe31b.o
    0x00403d6c   0x00403d6c   0x00000004   PAD
    0x00403d70   0x00403d70   0x00000004   Code   RO         1105    .text.EMIOS0_5_IRQHandler  startup_mcxe31b.o
    0x00403d74   0x00403d74   0x00000004   PAD
    0x00403d78   0x00403d78   0x00000004   Code   RO         1107    .text.EMIOS0_6_IRQHandler  startup_mcxe31b.o
    0x00403d7c   0x00403d7c   0x00000004   PAD
    0x00403d80   0x00403d80   0x00000004   Code   RO         1109    .text.EMIOS0_7_IRQHandler  startup_mcxe31b.o
    0x00403d84   0x00403d84   0x00000004   PAD
    0x00403d88   0x00403d88   0x00000004   Code   RO         1115    .text.EMIOS1_2_IRQHandler  startup_mcxe31b.o
    0x00403d8c   0x00403d8c   0x00000004   PAD
    0x00403d90   0x00403d90   0x00000004   Code   RO         1117    .text.EMIOS1_3_IRQHandler  startup_mcxe31b.o
    0x00403d94   0x00403d94   0x00000004   PAD
    0x00403d98   0x00403d98   0x00000004   Code   RO         1119    .text.EMIOS1_4_IRQHandler  startup_mcxe31b.o
    0x00403d9c   0x00403d9c   0x00000004   PAD
    0x00403da0   0x00403da0   0x00000004   Code   RO         1121    .text.EMIOS1_5_IRQHandler  startup_mcxe31b.o
    0x00403da4   0x00403da4   0x00000004   PAD
    0x00403da8   0x00403da8   0x00000004   Code   RO         1123    .text.EMIOS1_6_IRQHandler  startup_mcxe31b.o
    0x00403dac   0x00403dac   0x00000004   PAD
    0x00403db0   0x00403db0   0x00000004   Code   RO         1125    .text.EMIOS1_7_IRQHandler  startup_mcxe31b.o
    0x00403db4   0x00403db4   0x00000004   PAD
    0x00403db8   0x00403db8   0x00000004   Code   RO         1131    .text.EMIOS2_2_IRQHandler  startup_mcxe31b.o
    0x00403dbc   0x00403dbc   0x00000004   PAD
    0x00403dc0   0x00403dc0   0x00000004   Code   RO         1133    .text.EMIOS2_3_IRQHandler  startup_mcxe31b.o
    0x00403dc4   0x00403dc4   0x00000004   PAD
    0x00403dc8   0x00403dc8   0x00000004   Code   RO         1135    .text.EMIOS2_4_IRQHandler  startup_mcxe31b.o
    0x00403dcc   0x00403dcc   0x00000004   PAD
    0x00403dd0   0x00403dd0   0x00000004   Code   RO         1137    .text.EMIOS2_5_IRQHandler  startup_mcxe31b.o
    0x00403dd4   0x00403dd4   0x00000004   PAD
    0x00403dd8   0x00403dd8   0x00000004   Code   RO         1139    .text.EMIOS2_6_IRQHandler  startup_mcxe31b.o
    0x00403ddc   0x00403ddc   0x00000004   PAD
    0x00403de0   0x00403de0   0x00000004   Code   RO         1141    .text.EMIOS2_7_IRQHandler  startup_mcxe31b.o
    0x00403de4   0x00403de4   0x00000004   PAD
    0x00403de8   0x00403de8   0x0000018c   Code   RO          308    .text.ENET_QOS_AddMulticastGroup  fsl_enet_qos.o
    0x00403f74   0x00403f74   0x00000004   PAD
    0x00403f78   0x00403f78   0x000000cc   Code   RO          304    .text.ENET_QOS_CommonIRQHandler  fsl_enet_qos.o
    0x00404044   0x00404044   0x00000004   PAD
    0x00404048   0x00404048   0x000001ec   Code   RO          302    .text.ENET_QOS_CreateHandler  fsl_enet_qos.o
    0x00404234   0x00404234   0x00000004   PAD
    0x00404238   0x00404238   0x0000068c   Code   RO          288    .text.ENET_QOS_DescriptorInit  fsl_enet_qos.o
    0x004048c4   0x004048c4   0x00000004   PAD
    0x004048c8   0x004048c8   0x00000168   Code   RO          336    .text.ENET_QOS_DropFrame  fsl_enet_qos.o
    0x00404a30   0x00404a30   0x00000014   Code   RO           43    .text.ENET_QOS_EnableClock  hardware_init.o
    0x00404a44   0x00404a44   0x00000004   PAD
    0x00404a48   0x00404a48   0x00000056   Code   RO          296    .text.ENET_QOS_EnableInterrupts  fsl_enet_qos.o
    0x00404a9e   0x00404a9e   0x00000002   PAD
    0x00404aa0   0x00404aa0   0x0000003c   Code   RO          274    .text.ENET_QOS_GetDefaultConfig  fsl_enet_qos.o
    0x00404adc   0x00404adc   0x00000004   PAD
    0x00404ae0   0x00404ae0   0x00000750   Code   RO          348    .text.ENET_QOS_GetRxFrame  fsl_enet_qos.o
    0x00405230   0x00405230   0x00000458   Code   RO          280    .text.ENET_QOS_Init  fsl_enet_qos.o
    0x00405688   0x00405688   0x00000078   Code   RO          324    .text.ENET_QOS_MDIORead  fsl_enet_qos.o
    0x00405700   0x00405700   0x00000056   Code   RO          322    .text.ENET_QOS_MDIOWrite  fsl_enet_qos.o
    0x00405756   0x00405756   0x00000002   PAD
    0x00405758   0x00405758   0x000000fe   Code   RO          342    .text.ENET_QOS_ReclaimTxDescriptor  fsl_enet_qos.o
    0x00405856   0x00405856   0x00000002   PAD
    0x00405858   0x00405858   0x0000014c   Code   RO          290    .text.ENET_QOS_RxBufferAllocAll  fsl_enet_qos.o
    0x004059a4   0x004059a4   0x00000004   PAD
    0x004059a8   0x004059a8   0x000000f2   Code   RO          292    .text.ENET_QOS_RxBufferFreeAll  fsl_enet_qos.o
    0x00405a9a   0x00405a9a   0x00000006   PAD
    0x00405aa0   0x00405aa0   0x000001b4   Code   RO          344    .text.ENET_QOS_SendFrame  fsl_enet_qos.o
    0x00405c54   0x00405c54   0x00000004   PAD
    0x00405c58   0x00405c58   0x0000003e   Code   RO          312    .text.ENET_QOS_SetMII  fsl_enet_qos.o
    0x00405c96   0x00405c96   0x00000002   PAD
    0x00405c98   0x00405c98   0x000000d4   Code   RO          278    .text.ENET_QOS_SetSMI  fsl_enet_qos.o
    0x00405d6c   0x00405d6c   0x00000004   PAD
    0x00405d70   0x00405d70   0x00000018   Code   RO           45    .text.ENET_QOS_SetSYSControl  hardware_init.o
    0x00405d88   0x00405d88   0x00000090   Code   RO          294    .text.ENET_QOS_StartRxTx  fsl_enet_qos.o
    0x00405e18   0x00405e18   0x000008d4   Code   RO          276    .text.ENET_QOS_Up   fsl_enet_qos.o
    0x004066ec   0x004066ec   0x00000004   PAD
    0x004066f0   0x004066f0   0x00000004   Code   RO         1049    .text.ERM_0_IRQHandler  startup_mcxe31b.o
    0x004066f4   0x004066f4   0x00000004   PAD
    0x004066f8   0x004066f8   0x00000004   Code   RO         1051    .text.ERM_1_IRQHandler  startup_mcxe31b.o
    0x004066fc   0x004066fc   0x00000004   PAD
    0x00406700   0x00406700   0x00000004   Code   RO         1355    .text.FCCU_0_IRQHandler  startup_mcxe31b.o
    0x00406704   0x00406704   0x00000004   PAD
    0x00406708   0x00406708   0x00000004   Code   RO         1357    .text.FCCU_1_IRQHandler  startup_mcxe31b.o
    0x0040670c   0x0040670c   0x00000004   PAD
    0x00406710   0x00406710   0x00000004   Code   RO         1073    .text.FLASH_0_IRQHandler  startup_mcxe31b.o
    0x00406714   0x00406714   0x00000004   PAD
    0x00406718   0x00406718   0x00000004   Code   RO         1075    .text.FLASH_1_IRQHandler  startup_mcxe31b.o
    0x0040671c   0x0040671c   0x00000004   PAD
    0x00406720   0x00406720   0x00000004   Code   RO         1077    .text.FLASH_2_IRQHandler  startup_mcxe31b.o
    0x00406724   0x00406724   0x00000004   PAD
    0x00406728   0x00406728   0x0000007a   Code   RO          415    .text.FLEXCAN_Deinit  fsl_flexcan.o
    0x004067a2   0x004067a2   0x00000006   PAD
    0x004067a8   0x004067a8   0x0000006c   Code   RO          511    .text.FLEXCAN_DriverDataIRQHandler  fsl_flexcan.o
    0x00406814   0x00406814   0x00000004   PAD
    0x00406818   0x00406818   0x000000d4   Code   RO          389    .text.FLEXCAN_EnterFreezeMode  fsl_flexcan.o
    0x004068ec   0x004068ec   0x00000004   PAD
    0x004068f0   0x004068f0   0x00000108   Code   RO          391    .text.FLEXCAN_ExitFreezeMode  fsl_flexcan.o
    0x004069f8   0x004069f8   0x00000430   Code   RO          405    .text.FLEXCAN_FDCalculateImprovedTimingValues  fsl_flexcan.o
    0x00406e28   0x00406e28   0x00000328   Code   RO          413    .text.FLEXCAN_FDInit  fsl_flexcan.o
    0x00407150   0x00407150   0x00000078   Code   RO          417    .text.FLEXCAN_GetDefaultConfig  fsl_flexcan.o
    0x004071c8   0x004071c8   0x00000084   Code   RO          393    .text.FLEXCAN_GetFDMailboxOffset  fsl_flexcan.o
    0x0040724c   0x0040724c   0x00000004   PAD
    0x00407250   0x00407250   0x00000354   Code   RO          409    .text.FLEXCAN_Init  fsl_flexcan.o
    0x004075a4   0x004075a4   0x00000004   PAD
    0x004075a8   0x004075a8   0x00000218   Code   RO          449    .text.FLEXCAN_ReadFDRxMb  fsl_flexcan.o
    0x004077c0   0x004077c0   0x000000b8   Code   RO          445    .text.FLEXCAN_ReadRxMb  fsl_flexcan.o
    0x00407878   0x00407878   0x000009cc   Code   RO          411    .text.FLEXCAN_Reset  fsl_flexcan.o
    0x00408244   0x00408244   0x00000004   PAD
    0x00408248   0x00408248   0x000001a4   Code   RO          431    .text.FLEXCAN_SetFDRxMbConfig  fsl_flexcan.o
    0x004083ec   0x004083ec   0x00000004   PAD
    0x004083f0   0x004083f0   0x00000100   Code   RO          407    .text.FLEXCAN_SetFDTimingConfig  fsl_flexcan.o
    0x004084f0   0x004084f0   0x00000174   Code   RO          429    .text.FLEXCAN_SetFDTxMbConfig  fsl_flexcan.o
    0x00408664   0x00408664   0x00000004   PAD
    0x00408668   0x00408668   0x00000100   Code   RO          423    .text.FLEXCAN_SetRxIndividualMask  fsl_flexcan.o
    0x00408768   0x00408768   0x000000b4   Code   RO          427    .text.FLEXCAN_SetRxMbConfig  fsl_flexcan.o
    0x0040881c   0x0040881c   0x00000004   PAD
    0x00408820   0x00408820   0x00000104   Code   RO          401    .text.FLEXCAN_SetTimingConfig  fsl_flexcan.o
    0x00408924   0x00408924   0x00000004   PAD
    0x00408928   0x00408928   0x00000070   Code   RO          425    .text.FLEXCAN_SetTxMbConfig  fsl_flexcan.o
    0x00408998   0x00408998   0x000001d4   Code   RO          447    .text.FLEXCAN_WriteFDTxMb  fsl_flexcan.o
    0x00408b6c   0x00408b6c   0x00000004   PAD
    0x00408b70   0x00408b70   0x000000f0   Code   RO          443    .text.FLEXCAN_WriteTxMb  fsl_flexcan.o
    0x00408c60   0x00408c60   0x00000004   Code   RO         1255    .text.FLEXIO_IRQHandler  startup_mcxe31b.o
    0x00408c64   0x00408c64   0x00000004   PAD
    0x00408c68   0x00408c68   0x00000006   Code   RO          692    .text.FlexCAN0_0_IRQHandler  can_hw.o
    0x00408c6e   0x00408c6e   0x00000002   PAD
    0x00408c70   0x00408c70   0x00000006   Code   RO          696    .text.FlexCAN0_1_IRQHandler  can_hw.o
    0x00408c76   0x00408c76   0x00000002   PAD
    0x00408c78   0x00408c78   0x0000000a   Code   RO         1199    .text.FlexCAN0_2_IRQHandler  startup_mcxe31b.o
    0x00408c82   0x00408c82   0x00000006   PAD
    0x00408c88   0x00408c88   0x0000000a   Code   RO         1201    .text.FlexCAN0_3_IRQHandler  startup_mcxe31b.o
    0x00408c92   0x00408c92   0x00000006   PAD
    0x00408c98   0x00408c98   0x00000006   Code   RO          698    .text.FlexCAN1_0_IRQHandler  can_hw.o
    0x00408c9e   0x00408c9e   0x00000002   PAD
    0x00408ca0   0x00408ca0   0x00000006   Code   RO          700    .text.FlexCAN1_1_IRQHandler  can_hw.o
    0x00408ca6   0x00408ca6   0x00000002   PAD
    0x00408ca8   0x00408ca8   0x0000000a   Code   RO         1207    .text.FlexCAN1_2_IRQHandler  startup_mcxe31b.o
    0x00408cb2   0x00408cb2   0x00000006   PAD
    0x00408cb8   0x00408cb8   0x00000006   Code   RO          702    .text.FlexCAN2_0_IRQHandler  can_hw.o
    0x00408cbe   0x00408cbe   0x00000002   PAD
    0x00408cc0   0x00408cc0   0x00000006   Code   RO          704    .text.FlexCAN2_1_IRQHandler  can_hw.o
    0x00408cc6   0x00408cc6   0x00000002   PAD
    0x00408cc8   0x00408cc8   0x0000000a   Code   RO         1213    .text.FlexCAN2_2_IRQHandler  startup_mcxe31b.o
    0x00408cd2   0x00408cd2   0x00000006   PAD
    0x00408cd8   0x00408cd8   0x00000006   Code   RO          706    .text.FlexCAN3_0_IRQHandler  can_hw.o
    0x00408cde   0x00408cde   0x00000002   PAD
    0x00408ce0   0x00408ce0   0x00000006   Code   RO          708    .text.FlexCAN3_1_IRQHandler  can_hw.o
    0x00408ce6   0x00408ce6   0x00000002   PAD
    0x00408ce8   0x00408ce8   0x00000006   Code   RO          710    .text.FlexCAN4_0_IRQHandler  can_hw.o
    0x00408cee   0x00408cee   0x00000002   PAD
    0x00408cf0   0x00408cf0   0x00000006   Code   RO          712    .text.FlexCAN4_1_IRQHandler  can_hw.o
    0x00408cf6   0x00408cf6   0x00000002   PAD
    0x00408cf8   0x00408cf8   0x00000006   Code   RO          714    .text.FlexCAN5_0_IRQHandler  can_hw.o
    0x00408cfe   0x00408cfe   0x00000002   PAD
    0x00408d00   0x00408d00   0x00000006   Code   RO          716    .text.FlexCAN5_1_IRQHandler  can_hw.o
    0x00408d06   0x00408d06   0x00000002   PAD
    0x00408d08   0x00408d08   0x00000108   Code   RO          114    .text.HAL_UartInit  fsl_adapter_lpuart.o
    0x00408e10   0x00408e10   0x0000006c   Code   RO          118    .text.HAL_UartReceiveBlocking  fsl_adapter_lpuart.o
    0x00408e7c   0x00408e7c   0x00000004   PAD
    0x00408e80   0x00408e80   0x00000068   Code   RO          120    .text.HAL_UartSendBlocking  fsl_adapter_lpuart.o
    0x00408ee8   0x00408ee8   0x00000004   Code   RO         1411    .text.HSE_B_CLK_FAIL_IRQHandler  startup_mcxe31b.o
    0x00408eec   0x00408eec   0x00000004   PAD
    0x00408ef0   0x00408ef0   0x00000014   Code   RO          888    .text.HardFault_Handler  main.o
    0x00408f04   0x00408f04   0x00000004   PAD
    0x00408f08   0x00408f08   0x00000004   Code   RO         1333    .text.JDC_IRQHandler  startup_mcxe31b.o
    0x00408f0c   0x00408f0c   0x00000004   PAD
    0x00408f10   0x00408f10   0x00000004   Code   RO         1161    .text.LCU0_IRQHandler  startup_mcxe31b.o
    0x00408f14   0x00408f14   0x00000004   PAD
    0x00408f18   0x00408f18   0x00000004   Code   RO         1163    .text.LCU1_IRQHandler  startup_mcxe31b.o
    0x00408f1c   0x00408f1c   0x00000004   PAD
    0x00408f20   0x00408f20   0x00000006   Code   RO         1299    .text.LPI2C0_IRQHandler  startup_mcxe31b.o
    0x00408f26   0x00408f26   0x00000002   PAD
    0x00408f28   0x00408f28   0x00000006   Code   RO         1301    .text.LPI2C1_IRQHandler  startup_mcxe31b.o
    0x00408f2e   0x00408f2e   0x00000002   PAD
    0x00408f30   0x00408f30   0x00000006   Code   RO         1307    .text.LPSPI0_IRQHandler  startup_mcxe31b.o
    0x00408f36   0x00408f36   0x00000002   PAD
    0x00408f38   0x00408f38   0x00000006   Code   RO         1309    .text.LPSPI1_IRQHandler  startup_mcxe31b.o
    0x00408f3e   0x00408f3e   0x00000002   PAD
    0x00408f40   0x00408f40   0x00000006   Code   RO         1311    .text.LPSPI2_IRQHandler  startup_mcxe31b.o
    0x00408f46   0x00408f46   0x00000002   PAD
    0x00408f48   0x00408f48   0x00000006   Code   RO         1313    .text.LPSPI3_IRQHandler  startup_mcxe31b.o
    0x00408f4e   0x00408f4e   0x00000002   PAD
    0x00408f50   0x00408f50   0x00000006   Code   RO         1315    .text.LPSPI4_IRQHandler  startup_mcxe31b.o
    0x00408f56   0x00408f56   0x00000002   PAD
    0x00408f58   0x00408f58   0x00000006   Code   RO         1317    .text.LPSPI5_IRQHandler  startup_mcxe31b.o
    0x00408f5e   0x00408f5e   0x00000002   PAD
    0x00408f60   0x00408f60   0x00000006   Code   RO         1259    .text.LPUART_0_IRQHandler  startup_mcxe31b.o
    0x00408f66   0x00408f66   0x00000002   PAD
    0x00408f68   0x00408f68   0x00000006   Code   RO         1279    .text.LPUART_10_IRQHandler  startup_mcxe31b.o
    0x00408f6e   0x00408f6e   0x00000002   PAD
    0x00408f70   0x00408f70   0x00000006   Code   RO         1281    .text.LPUART_11_IRQHandler  startup_mcxe31b.o
    0x00408f76   0x00408f76   0x00000002   PAD
    0x00408f78   0x00408f78   0x00000006   Code   RO         1283    .text.LPUART_12_IRQHandler  startup_mcxe31b.o
    0x00408f7e   0x00408f7e   0x00000002   PAD
    0x00408f80   0x00408f80   0x00000006   Code   RO         1285    .text.LPUART_13_IRQHandler  startup_mcxe31b.o
    0x00408f86   0x00408f86   0x00000002   PAD
    0x00408f88   0x00408f88   0x00000006   Code   RO         1287    .text.LPUART_14_IRQHandler  startup_mcxe31b.o
    0x00408f8e   0x00408f8e   0x00000002   PAD
    0x00408f90   0x00408f90   0x00000006   Code   RO         1289    .text.LPUART_15_IRQHandler  startup_mcxe31b.o
    0x00408f96   0x00408f96   0x00000002   PAD
    0x00408f98   0x00408f98   0x00000006   Code   RO         1261    .text.LPUART_1_IRQHandler  startup_mcxe31b.o
    0x00408f9e   0x00408f9e   0x00000002   PAD
    0x00408fa0   0x00408fa0   0x00000006   Code   RO         1263    .text.LPUART_2_IRQHandler  startup_mcxe31b.o
    0x00408fa6   0x00408fa6   0x00000002   PAD
    0x00408fa8   0x00408fa8   0x00000006   Code   RO         1265    .text.LPUART_3_IRQHandler  startup_mcxe31b.o
    0x00408fae   0x00408fae   0x00000002   PAD
    0x00408fb0   0x00408fb0   0x00000006   Code   RO         1267    .text.LPUART_4_IRQHandler  startup_mcxe31b.o
    0x00408fb6   0x00408fb6   0x00000002   PAD
    0x00408fb8   0x00408fb8   0x00000006   Code   RO         1269    .text.LPUART_5_IRQHandler  startup_mcxe31b.o
    0x00408fbe   0x00408fbe   0x00000002   PAD
    0x00408fc0   0x00408fc0   0x00000006   Code   RO         1271    .text.LPUART_6_IRQHandler  startup_mcxe31b.o
    0x00408fc6   0x00408fc6   0x00000002   PAD
    0x00408fc8   0x00408fc8   0x00000006   Code   RO         1273    .text.LPUART_7_IRQHandler  startup_mcxe31b.o
    0x00408fce   0x00408fce   0x00000002   PAD
    0x00408fd0   0x00408fd0   0x00000006   Code   RO         1275    .text.LPUART_8_IRQHandler  startup_mcxe31b.o
    0x00408fd6   0x00408fd6   0x00000002   PAD
    0x00408fd8   0x00408fd8   0x00000006   Code   RO         1277    .text.LPUART_9_IRQHandler  startup_mcxe31b.o
    0x00408fde   0x00408fde   0x00000002   PAD
    0x00408fe0   0x00408fe0   0x00000070   Code   RO          590    .text.LPUART_DriverIRQHandler  fsl_lpuart.o
    0x00409050   0x00409050   0x0000003c   Code   RO          542    .text.LPUART_GetDefaultConfig  fsl_lpuart.o
    0x0040908c   0x0040908c   0x00000004   PAD
    0x00409090   0x00409090   0x00000578   Code   RO          538    .text.LPUART_Init   fsl_lpuart.o
    0x00409608   0x00409608   0x0000018c   Code   RO          564    .text.LPUART_ReadBlocking  fsl_lpuart.o
    0x00409794   0x00409794   0x00000004   PAD
    0x00409798   0x00409798   0x00000068   Code   RO          560    .text.LPUART_WriteBlocking  fsl_lpuart.o
    0x00409800   0x00409800   0x00000004   Code   RO         1053    .text.MCM_IRQHandler  startup_mcxe31b.o
    0x00409804   0x00409804   0x00000004   PAD
    0x00409808   0x00409808   0x00000014   Code   RO           49    .text.MDIO_Read     hardware_init.o
    0x0040981c   0x0040981c   0x00000004   PAD
    0x00409820   0x00409820   0x00000014   Code   RO           51    .text.MDIO_Write    hardware_init.o
    0x00409834   0x00409834   0x00000004   PAD
    0x00409838   0x00409838   0x00000004   Code   RO         1365    .text.MU0_B_IRQHandler  startup_mcxe31b.o
    0x0040983c   0x0040983c   0x00000004   PAD
    0x00409840   0x00409840   0x00000004   Code   RO         1363    .text.MU0_B_RX_IRQHandler  startup_mcxe31b.o
    0x00409844   0x00409844   0x00000004   PAD
    0x00409848   0x00409848   0x00000004   Code   RO         1361    .text.MU0_B_TX_IRQHandler  startup_mcxe31b.o
    0x0040984c   0x0040984c   0x00000004   PAD
    0x00409850   0x00409850   0x00000004   Code   RO         1371    .text.MU1_B_IRQHandler  startup_mcxe31b.o
    0x00409854   0x00409854   0x00000004   PAD
    0x00409858   0x00409858   0x00000004   Code   RO         1369    .text.MU1_B_RX_IRQHandler  startup_mcxe31b.o
    0x0040985c   0x0040985c   0x00000004   PAD
    0x00409860   0x00409860   0x00000004   Code   RO         1367    .text.MU1_B_TX_IRQHandler  startup_mcxe31b.o
    0x00409864   0x00409864   0x00000004   PAD
    0x00409868   0x00409868   0x00000002   Code   RO          963    .text.MemManage_Handler  startup_mcxe31b.o
    0x0040986a   0x0040986a   0x00000006   PAD
    0x00409870   0x00409870   0x00000002   Code   RO          959    .text.NMI_Handler   startup_mcxe31b.o
    0x00409872   0x00409872   0x00000006   PAD
    0x00409878   0x00409878   0x000000fc   Code   RO          939    .text.PHY_LAN8741_EnableLoopback  fsl_phylan8741.o
    0x00409974   0x00409974   0x00000004   PAD
    0x00409978   0x00409978   0x00000046   Code   RO          931    .text.PHY_LAN8741_GetAutoNegotiationStatus  fsl_phylan8741.o
    0x004099be   0x004099be   0x00000002   PAD
    0x004099c0   0x004099c0   0x00000078   Code   RO          935    .text.PHY_LAN8741_GetLinkSpeedDuplex  fsl_phylan8741.o
    0x00409a38   0x00409a38   0x00000042   Code   RO          933    .text.PHY_LAN8741_GetLinkStatus  fsl_phylan8741.o
    0x00409a7a   0x00409a7a   0x00000006   PAD
    0x00409a80   0x00409a80   0x00000158   Code   RO          925    .text.PHY_LAN8741_Init  fsl_phylan8741.o
    0x00409bd8   0x00409bd8   0x00000008   Code   RO          929    .text.PHY_LAN8741_Read  fsl_phylan8741.o
    0x00409be0   0x00409be0   0x0000006c   Code   RO          937    .text.PHY_LAN8741_SetLinkSpeedDuplex  fsl_phylan8741.o
    0x00409c4c   0x00409c4c   0x00000004   PAD
    0x00409c50   0x00409c50   0x00000008   Code   RO          927    .text.PHY_LAN8741_Write  fsl_phylan8741.o
    0x00409c58   0x00409c58   0x00000004   Code   RO         1169    .text.PIT0_IRQHandler  startup_mcxe31b.o
    0x00409c5c   0x00409c5c   0x00000004   PAD
    0x00409c60   0x00409c60   0x00000004   Code   RO         1171    .text.PIT1_IRQHandler  startup_mcxe31b.o
    0x00409c64   0x00409c64   0x00000004   PAD
    0x00409c68   0x00409c68   0x00000004   Code   RO         1173    .text.PIT2_IRQHandler  startup_mcxe31b.o
    0x00409c6c   0x00409c6c   0x00000004   PAD
    0x00409c70   0x00409c70   0x00000004   Code   RO         1401    .text.PLL_LOL_IRQHandler  startup_mcxe31b.o
    0x00409c74   0x00409c74   0x00000004   PAD
    0x00409c78   0x00409c78   0x00000004   Code   RO         1081    .text.PMC_IRQHandler  startup_mcxe31b.o
    0x00409c7c   0x00409c7c   0x00000004   PAD
    0x00409c80   0x00409c80   0x00000002   Code   RO          973    .text.PendSV_Handler  startup_mcxe31b.o
    0x00409c82   0x00409c82   0x00000006   PAD
    0x00409c88   0x00409c88   0x00000004   Code   RO         1323    .text.QSPI_IRQHandler  startup_mcxe31b.o
    0x00409c8c   0x00409c8c   0x00000004   PAD
    0x00409c90   0x00409c90   0x00000004   Code   RO         1079    .text.RGM_IRQHandler  startup_mcxe31b.o
    0x00409c94   0x00409c94   0x00000004   PAD
    0x00409c98   0x00409c98   0x00000004   Code   RO         1181    .text.RTC_IRQHandler  startup_mcxe31b.o
    0x00409c9c   0x00409c9c   0x00000004   PAD
    0x00409ca0   0x00409ca0   0x00000004   Code   RO         1153    .text.Reserved104_IRQHandler  startup_mcxe31b.o
    0x00409ca4   0x00409ca4   0x00000004   PAD
    0x00409ca8   0x00409ca8   0x00000004   Code   RO         1155    .text.Reserved105_IRQHandler  startup_mcxe31b.o
    0x00409cac   0x00409cac   0x00000004   PAD
    0x00409cb0   0x00409cb0   0x00000004   Code   RO         1157    .text.Reserved106_IRQHandler  startup_mcxe31b.o
    0x00409cb4   0x00409cb4   0x00000004   PAD
    0x00409cb8   0x00409cb8   0x00000004   Code   RO         1159    .text.Reserved107_IRQHandler  startup_mcxe31b.o
    0x00409cbc   0x00409cbc   0x00000004   PAD
    0x00409cc0   0x00409cc0   0x00000004   Code   RO         1165    .text.Reserved110_IRQHandler  startup_mcxe31b.o
    0x00409cc4   0x00409cc4   0x00000004   PAD
    0x00409cc8   0x00409cc8   0x00000004   Code   RO         1167    .text.Reserved111_IRQHandler  startup_mcxe31b.o
    0x00409ccc   0x00409ccc   0x00000004   PAD
    0x00409cd0   0x00409cd0   0x00000004   Code   RO         1175    .text.Reserved115_IRQHandler  startup_mcxe31b.o
    0x00409cd4   0x00409cd4   0x00000004   PAD
    0x00409cd8   0x00409cd8   0x00000004   Code   RO         1177    .text.Reserved116_IRQHandler  startup_mcxe31b.o
    0x00409cdc   0x00409cdc   0x00000004   PAD
    0x00409ce0   0x00409ce0   0x00000004   Code   RO         1179    .text.Reserved117_IRQHandler  startup_mcxe31b.o
    0x00409ce4   0x00409ce4   0x00000004   PAD
    0x00409ce8   0x00409ce8   0x00000004   Code   RO         1183    .text.Reserved119_IRQHandler  startup_mcxe31b.o
    0x00409cec   0x00409cec   0x00000004   PAD
    0x00409cf0   0x00409cf0   0x00000004   Code   RO         1185    .text.Reserved120_IRQHandler  startup_mcxe31b.o
    0x00409cf4   0x00409cf4   0x00000004   PAD
    0x00409cf8   0x00409cf8   0x00000004   Code   RO         1227    .text.Reserved141_IRQHandler  startup_mcxe31b.o
    0x00409cfc   0x00409cfc   0x00000004   PAD
    0x00409d00   0x00409d00   0x00000004   Code   RO         1229    .text.Reserved142_IRQHandler  startup_mcxe31b.o
    0x00409d04   0x00409d04   0x00000004   PAD
    0x00409d08   0x00409d08   0x00000004   Code   RO         1231    .text.Reserved143_IRQHandler  startup_mcxe31b.o
    0x00409d0c   0x00409d0c   0x00000004   PAD
    0x00409d10   0x00409d10   0x00000004   Code   RO         1233    .text.Reserved144_IRQHandler  startup_mcxe31b.o
    0x00409d14   0x00409d14   0x00000004   PAD
    0x00409d18   0x00409d18   0x00000004   Code   RO         1235    .text.Reserved145_IRQHandler  startup_mcxe31b.o
    0x00409d1c   0x00409d1c   0x00000004   PAD
    0x00409d20   0x00409d20   0x00000004   Code   RO         1237    .text.Reserved146_IRQHandler  startup_mcxe31b.o
    0x00409d24   0x00409d24   0x00000004   PAD
    0x00409d28   0x00409d28   0x00000004   Code   RO         1239    .text.Reserved147_IRQHandler  startup_mcxe31b.o
    0x00409d2c   0x00409d2c   0x00000004   PAD
    0x00409d30   0x00409d30   0x00000004   Code   RO         1241    .text.Reserved148_IRQHandler  startup_mcxe31b.o
    0x00409d34   0x00409d34   0x00000004   PAD
    0x00409d38   0x00409d38   0x00000004   Code   RO         1243    .text.Reserved149_IRQHandler  startup_mcxe31b.o
    0x00409d3c   0x00409d3c   0x00000004   PAD
    0x00409d40   0x00409d40   0x00000004   Code   RO         1245    .text.Reserved150_IRQHandler  startup_mcxe31b.o
    0x00409d44   0x00409d44   0x00000004   PAD
    0x00409d48   0x00409d48   0x00000004   Code   RO         1247    .text.Reserved151_IRQHandler  startup_mcxe31b.o
    0x00409d4c   0x00409d4c   0x00000004   PAD
    0x00409d50   0x00409d50   0x00000004   Code   RO         1249    .text.Reserved152_IRQHandler  startup_mcxe31b.o
    0x00409d54   0x00409d54   0x00000004   PAD
    0x00409d58   0x00409d58   0x00000004   Code   RO         1251    .text.Reserved153_IRQHandler  startup_mcxe31b.o
    0x00409d5c   0x00409d5c   0x00000004   PAD
    0x00409d60   0x00409d60   0x00000004   Code   RO         1253    .text.Reserved154_IRQHandler  startup_mcxe31b.o
    0x00409d64   0x00409d64   0x00000004   PAD
    0x00409d68   0x00409d68   0x00000004   Code   RO         1257    .text.Reserved156_IRQHandler  startup_mcxe31b.o
    0x00409d6c   0x00409d6c   0x00000004   PAD
    0x00409d70   0x00409d70   0x00000004   Code   RO          977    .text.Reserved16_IRQHandler  startup_mcxe31b.o
    0x00409d74   0x00409d74   0x00000004   PAD
    0x00409d78   0x00409d78   0x00000004   Code   RO         1291    .text.Reserved173_IRQHandler  startup_mcxe31b.o
    0x00409d7c   0x00409d7c   0x00000004   PAD
    0x00409d80   0x00409d80   0x00000004   Code   RO         1293    .text.Reserved174_IRQHandler  startup_mcxe31b.o
    0x00409d84   0x00409d84   0x00000004   PAD
    0x00409d88   0x00409d88   0x00000004   Code   RO         1295    .text.Reserved175_IRQHandler  startup_mcxe31b.o
    0x00409d8c   0x00409d8c   0x00000004   PAD
    0x00409d90   0x00409d90   0x00000004   Code   RO         1297    .text.Reserved176_IRQHandler  startup_mcxe31b.o
    0x00409d94   0x00409d94   0x00000004   PAD
    0x00409d98   0x00409d98   0x00000004   Code   RO         1303    .text.Reserved179_IRQHandler  startup_mcxe31b.o
    0x00409d9c   0x00409d9c   0x00000004   PAD
    0x00409da0   0x00409da0   0x00000004   Code   RO          979    .text.Reserved17_IRQHandler  startup_mcxe31b.o
    0x00409da4   0x00409da4   0x00000004   PAD
    0x00409da8   0x00409da8   0x00000004   Code   RO         1305    .text.Reserved180_IRQHandler  startup_mcxe31b.o
    0x00409dac   0x00409dac   0x00000004   PAD
    0x00409db0   0x00409db0   0x00000004   Code   RO         1319    .text.Reserved187_IRQHandler  startup_mcxe31b.o
    0x00409db4   0x00409db4   0x00000004   PAD
    0x00409db8   0x00409db8   0x00000004   Code   RO         1321    .text.Reserved188_IRQHandler  startup_mcxe31b.o
    0x00409dbc   0x00409dbc   0x00000004   PAD
    0x00409dc0   0x00409dc0   0x00000004   Code   RO          981    .text.Reserved18_IRQHandler  startup_mcxe31b.o
    0x00409dc4   0x00409dc4   0x00000004   PAD
    0x00409dc8   0x00409dc8   0x00000004   Code   RO         1329    .text.Reserved192_IRQHandler  startup_mcxe31b.o
    0x00409dcc   0x00409dcc   0x00000004   PAD
    0x00409dd0   0x00409dd0   0x00000004   Code   RO         1331    .text.Reserved193_IRQHandler  startup_mcxe31b.o
    0x00409dd4   0x00409dd4   0x00000004   PAD
    0x00409dd8   0x00409dd8   0x00000004   Code   RO         1335    .text.Reserved195_IRQHandler  startup_mcxe31b.o
    0x00409ddc   0x00409ddc   0x00000004   PAD
    0x00409de0   0x00409de0   0x00000004   Code   RO          983    .text.Reserved19_IRQHandler  startup_mcxe31b.o
    0x00409de4   0x00409de4   0x00000004   PAD
    0x00409de8   0x00409de8   0x00000004   Code   RO         1349    .text.Reserved202_IRQHandler  startup_mcxe31b.o
    0x00409dec   0x00409dec   0x00000004   PAD
    0x00409df0   0x00409df0   0x00000004   Code   RO         1351    .text.Reserved203_IRQHandler  startup_mcxe31b.o
    0x00409df4   0x00409df4   0x00000004   PAD
    0x00409df8   0x00409df8   0x00000004   Code   RO         1353    .text.Reserved204_IRQHandler  startup_mcxe31b.o
    0x00409dfc   0x00409dfc   0x00000004   PAD
    0x00409e00   0x00409e00   0x00000004   Code   RO         1373    .text.Reserved214_IRQHandler  startup_mcxe31b.o
    0x00409e04   0x00409e04   0x00000004   PAD
    0x00409e08   0x00409e08   0x00000004   Code   RO         1375    .text.Reserved215_IRQHandler  startup_mcxe31b.o
    0x00409e0c   0x00409e0c   0x00000004   PAD
    0x00409e10   0x00409e10   0x00000004   Code   RO         1377    .text.Reserved216_IRQHandler  startup_mcxe31b.o
    0x00409e14   0x00409e14   0x00000004   PAD
    0x00409e18   0x00409e18   0x00000004   Code   RO         1379    .text.Reserved217_IRQHandler  startup_mcxe31b.o
    0x00409e1c   0x00409e1c   0x00000004   PAD
    0x00409e20   0x00409e20   0x00000004   Code   RO         1381    .text.Reserved218_IRQHandler  startup_mcxe31b.o
    0x00409e24   0x00409e24   0x00000004   PAD
    0x00409e28   0x00409e28   0x00000004   Code   RO         1383    .text.Reserved219_IRQHandler  startup_mcxe31b.o
    0x00409e2c   0x00409e2c   0x00000004   PAD
    0x00409e30   0x00409e30   0x00000004   Code   RO         1385    .text.Reserved220_IRQHandler  startup_mcxe31b.o
    0x00409e34   0x00409e34   0x00000004   PAD
    0x00409e38   0x00409e38   0x00000004   Code   RO         1387    .text.Reserved221_IRQHandler  startup_mcxe31b.o
    0x00409e3c   0x00409e3c   0x00000004   PAD
    0x00409e40   0x00409e40   0x00000004   Code   RO         1389    .text.Reserved222_IRQHandler  startup_mcxe31b.o
    0x00409e44   0x00409e44   0x00000004   PAD
    0x00409e48   0x00409e48   0x00000004   Code   RO         1391    .text.Reserved223_IRQHandler  startup_mcxe31b.o
    0x00409e4c   0x00409e4c   0x00000004   PAD
    0x00409e50   0x00409e50   0x00000004   Code   RO         1393    .text.Reserved224_IRQHandler  startup_mcxe31b.o
    0x00409e54   0x00409e54   0x00000004   PAD
    0x00409e58   0x00409e58   0x00000004   Code   RO         1395    .text.Reserved225_IRQHandler  startup_mcxe31b.o
    0x00409e5c   0x00409e5c   0x00000004   PAD
    0x00409e60   0x00409e60   0x00000004   Code   RO         1397    .text.Reserved226_IRQHandler  startup_mcxe31b.o
    0x00409e64   0x00409e64   0x00000004   PAD
    0x00409e68   0x00409e68   0x00000004   Code   RO         1399    .text.Reserved227_IRQHandler  startup_mcxe31b.o
    0x00409e6c   0x00409e6c   0x00000004   PAD
    0x00409e70   0x00409e70   0x00000004   Code   RO         1405    .text.Reserved230_IRQHandler  startup_mcxe31b.o
    0x00409e74   0x00409e74   0x00000004   PAD
    0x00409e78   0x00409e78   0x00000004   Code   RO         1409    .text.Reserved232_IRQHandler  startup_mcxe31b.o
    0x00409e7c   0x00409e7c   0x00000004   PAD
    0x00409e80   0x00409e80   0x00000004   Code   RO         1059    .text.Reserved57_IRQHandler  startup_mcxe31b.o
    0x00409e84   0x00409e84   0x00000004   PAD
    0x00409e88   0x00409e88   0x00000004   Code   RO         1063    .text.Reserved59_IRQHandler  startup_mcxe31b.o
    0x00409e8c   0x00409e8c   0x00000004   PAD
    0x00409e90   0x00409e90   0x00000004   Code   RO         1065    .text.Reserved60_IRQHandler  startup_mcxe31b.o
    0x00409e94   0x00409e94   0x00000004   PAD
    0x00409e98   0x00409e98   0x00000004   Code   RO         1071    .text.Reserved63_IRQHandler  startup_mcxe31b.o
    0x00409e9c   0x00409e9c   0x00000004   PAD
    0x00409ea0   0x00409ea0   0x00000004   Code   RO         1091    .text.Reserved73_IRQHandler  startup_mcxe31b.o
    0x00409ea4   0x00409ea4   0x00000004   PAD
    0x00409ea8   0x00409ea8   0x00000004   Code   RO         1093    .text.Reserved74_IRQHandler  startup_mcxe31b.o
    0x00409eac   0x00409eac   0x00000004   PAD
    0x00409eb0   0x00409eb0   0x00000004   Code   RO         1095    .text.Reserved75_IRQHandler  startup_mcxe31b.o
    0x00409eb4   0x00409eb4   0x00000004   PAD
    0x00409eb8   0x00409eb8   0x00000004   Code   RO         1097    .text.Reserved76_IRQHandler  startup_mcxe31b.o
    0x00409ebc   0x00409ebc   0x00000004   PAD
    0x00409ec0   0x00409ec0   0x00000004   Code   RO         1111    .text.Reserved83_IRQHandler  startup_mcxe31b.o
    0x00409ec4   0x00409ec4   0x00000004   PAD
    0x00409ec8   0x00409ec8   0x00000004   Code   RO         1113    .text.Reserved84_IRQHandler  startup_mcxe31b.o
    0x00409ecc   0x00409ecc   0x00000004   PAD
    0x00409ed0   0x00409ed0   0x00000004   Code   RO         1127    .text.Reserved91_IRQHandler  startup_mcxe31b.o
    0x00409ed4   0x00409ed4   0x00000004   PAD
    0x00409ed8   0x00409ed8   0x00000004   Code   RO         1129    .text.Reserved92_IRQHandler  startup_mcxe31b.o
    0x00409edc   0x00409edc   0x00000004   PAD
    0x00409ee0   0x00409ee0   0x0000000e   Code   RO         1413    .text.Reset_Handler_C  startup_mcxe31b.o
    0x00409eee   0x00409eee   0x00000002   PAD
    0x00409ef0   0x00409ef0   0x00000006   Code   RO         1325    .text.SAI0_IRQHandler  startup_mcxe31b.o
    0x00409ef6   0x00409ef6   0x00000002   PAD
    0x00409ef8   0x00409ef8   0x00000006   Code   RO         1327    .text.SAI1_IRQHandler  startup_mcxe31b.o
    0x00409efe   0x00409efe   0x00000002   PAD
    0x00409f00   0x00409f00   0x00000058   Code   RO          259    .text.SDK_DelayAtLeastUs  fsl_common_arm.o
    0x00409f58   0x00409f58   0x00000054   Code   RO          905    .text.SILICONID_ConvertToMacAddr  fsl_silicon_id.o
    0x00409fac   0x00409fac   0x00000004   PAD
    0x00409fb0   0x00409fb0   0x00000078   Code   RO          916    .text.SILICONID_ReadUniqueID  fsl_silicon_id_soc.o
    0x0040a028   0x0040a028   0x00000018   Code   RO          645    .text.SIUL2_0_DriverIRQHandler  fsl_siul2.o
    0x0040a040   0x0040a040   0x00000004   Code   RO         1083    .text.SIUL2_0_IRQHandler  startup_mcxe31b.o
    0x0040a044   0x0040a044   0x00000004   PAD
    0x0040a048   0x0040a048   0x00000018   Code   RO          647    .text.SIUL2_1_DriverIRQHandler  fsl_siul2.o
    0x0040a060   0x0040a060   0x00000004   Code   RO         1085    .text.SIUL2_1_IRQHandler  startup_mcxe31b.o
    0x0040a064   0x0040a064   0x00000004   PAD
    0x0040a068   0x0040a068   0x00000018   Code   RO          649    .text.SIUL2_2_DriverIRQHandler  fsl_siul2.o
    0x0040a080   0x0040a080   0x00000004   Code   RO         1087    .text.SIUL2_2_IRQHandler  startup_mcxe31b.o
    0x0040a084   0x0040a084   0x00000004   PAD
    0x0040a088   0x0040a088   0x00000018   Code   RO          651    .text.SIUL2_3_DriverIRQHandler  fsl_siul2.o
    0x0040a0a0   0x0040a0a0   0x00000004   Code   RO         1089    .text.SIUL2_3_IRQHandler  startup_mcxe31b.o
    0x0040a0a4   0x0040a0a4   0x00000004   PAD
    0x0040a0a8   0x0040a0a8   0x00000138   Code   RO          643    .text.SIUL2_CommonDriverIRQHandler  fsl_siul2.o
    0x0040a1e0   0x0040a1e0   0x00000148   Code   RO          609    .text.SIUL2_PinInit  fsl_siul2.o
    0x0040a328   0x0040a328   0x000001d8   Code   RO          605    .text.SIUL2_WriteIMCRConfiguration  fsl_siul2.o
    0x0040a500   0x0040a500   0x00000004   Code   RO         1359    .text.STCU_IRQHandler  startup_mcxe31b.o
    0x0040a504   0x0040a504   0x00000004   PAD
    0x0040a508   0x0040a508   0x00000006   Code   RO         1055    .text.STM0_IRQHandler  startup_mcxe31b.o
    0x0040a50e   0x0040a50e   0x00000002   PAD
    0x0040a510   0x0040a510   0x00000006   Code   RO         1057    .text.STM1_IRQHandler  startup_mcxe31b.o
    0x0040a516   0x0040a516   0x00000002   PAD
    0x0040a518   0x0040a518   0x00000002   Code   RO          969    .text.SVC_Handler   startup_mcxe31b.o
    0x0040a51a   0x0040a51a   0x00000006   PAD
    0x0040a520   0x0040a520   0x00000004   Code   RO         1061    .text.SWT0_IRQHandler  startup_mcxe31b.o
    0x0040a524   0x0040a524   0x00000004   PAD
    0x0040a528   0x0040a528   0x00000012   Code   RO          884    .text.SysTick_Handler  main.o
    0x0040a53a   0x0040a53a   0x00000006   PAD
    0x0040a540   0x0040a540   0x000000c4   Code   RO          140    .text.SystemCoreClockUpdate  system_mcxe31b.o
    0x0040a604   0x0040a604   0x00000004   PAD
    0x0040a608   0x0040a608   0x0000007a   Code   RO          136    .text.SystemInit    system_mcxe31b.o
    0x0040a682   0x0040a682   0x00000006   PAD
    0x0040a688   0x0040a688   0x00000002   Code   RO          138    .text.SystemInitHook  system_mcxe31b.o
    0x0040a68a   0x0040a68a   0x00000006   PAD
    0x0040a690   0x0040a690   0x00000002   Code   RO          967    .text.UsageFault_Handler  startup_mcxe31b.o
    0x0040a692   0x0040a692   0x00000006   PAD
    0x0040a698   0x0040a698   0x00000004   Code   RO         1143    .text.WKPU_IRQHandler  startup_mcxe31b.o
    0x0040a69c   0x0040a69c   0x00000004   PAD
    0x0040a6a0   0x0040a6a0   0x0000005c   Code   RO         1452    .text.__aeabi_assert  fsl_assert.o
    0x0040a6fc   0x0040a6fc   0x00000004   PAD
    0x0040a700   0x0040a700   0x000001aa   Code   RO          769    .text.agg_reserve   e2cf_core.o
    0x0040a8aa   0x0040a8aa   0x00000006   PAD
    0x0040a8b0   0x0040a8b0   0x000000e0   Code   RO          728    .text.bytes_to_words  can_hw.o
    0x0040a990   0x0040a990   0x00000030   Code   RO          680    .text.can_hw_clear_stats  can_hw.o
    0x0040a9c0   0x0040a9c0   0x000002f6   Code   RO          724    .text.can_hw_dump_stats  can_hw.o
    0x0040acb6   0x0040acb6   0x00000002   PAD
    0x0040acb8   0x0040acb8   0x00000028   Code   RO          684    .text.can_hw_get_bitrate  can_hw.o
    0x0040ace0   0x0040ace0   0x00000060   Code   RO          718    .text.can_hw_get_evt  can_hw.o
    0x0040ad40   0x0040ad40   0x000001fc   Code   RO          666    .text.can_hw_init   can_hw.o
    0x0040af3c   0x0040af3c   0x00000004   PAD
    0x0040af40   0x0040af40   0x00000024   Code   RO          682    .text.can_hw_is_running  can_hw.o
    0x0040af64   0x0040af64   0x00000004   PAD
    0x0040af68   0x0040af68   0x0000022c   Code   RO          720    .text.can_hw_poll_errors  can_hw.o
    0x0040b194   0x0040b194   0x00000004   PAD
    0x0040b198   0x0040b198   0x0000003c   Code   RO          678    .text.can_hw_reset  can_hw.o
    0x0040b1d4   0x0040b1d4   0x00000004   PAD
    0x0040b1d8   0x0040b1d8   0x00000208   Code   RO          670    .text.can_hw_set_bitrate  can_hw.o
    0x0040b3e0   0x0040b3e0   0x0000008c   Code   RO          672    .text.can_hw_set_filter  can_hw.o
    0x0040b46c   0x0040b46c   0x00000004   PAD
    0x0040b470   0x0040b470   0x00000088   Code   RO          686    .text.can_hw_set_tx_gate  can_hw.o
    0x0040b4f8   0x0040b4f8   0x0000002c   Code   RO          674    .text.can_hw_start  can_hw.o
    0x0040b524   0x0040b524   0x00000004   PAD
    0x0040b528   0x0040b528   0x0000001e   Code   RO          722    .text.can_hw_stats  can_hw.o
    0x0040b546   0x0040b546   0x00000002   PAD
    0x0040b548   0x0040b548   0x000000f4   Code   RO          676    .text.can_hw_stop   can_hw.o
    0x0040b63c   0x0040b63c   0x00000004   PAD
    0x0040b640   0x0040b640   0x0000012a   Code   RO          690    .text.can_hw_submit_tx  can_hw.o
    0x0040b76a   0x0040b76a   0x00000006   PAD
    0x0040b770   0x0040b770   0x0000066c   Code   RO          694    .text.can_irq       can_hw.o
    0x0040bddc   0x0040bddc   0x00000004   PAD
    0x0040bde0   0x0040bde0   0x00000458   Code   RO          668    .text.chan_apply_and_start  can_hw.o
    0x0040c238   0x0040c238   0x0000023a   Code   RO          688    .text.chan_tx_kick  can_hw.o
    0x0040c472   0x0040c472   0x00000006   PAD
    0x0040c478   0x0040c478   0x0000000e   Code   RO          746    .text.dbg_log_clear_dropped  dbg_log.o
    0x0040c486   0x0040c486   0x00000002   PAD
    0x0040c488   0x0040c488   0x000000cc   Code   RO          752    .text.dbg_log_console_poll  dbg_log.o
    0x0040c554   0x0040c554   0x00000004   PAD
    0x0040c558   0x0040c558   0x000000a8   Code   RO          750    .text.dbg_log_drain  dbg_log.o
    0x0040c600   0x0040c600   0x0000000c   Code   RO          744    .text.dbg_log_dropped  dbg_log.o
    0x0040c60c   0x0040c60c   0x00000004   PAD
    0x0040c610   0x0040c610   0x00000174   Code   RO          748    .text.dbg_log_emit  dbg_log.o
    0x0040c784   0x0040c784   0x00000004   PAD
    0x0040c788   0x0040c788   0x00000012   Code   RO          742    .text.dbg_log_init  dbg_log.o
    0x0040c79a   0x0040c79a   0x00000006   PAD
    0x0040c7a0   0x0040c7a0   0x00000254   Code   RO          767    .text.e2cf_core_can_rx  e2cf_core.o
    0x0040c9f4   0x0040c9f4   0x00000004   PAD
    0x0040c9f8   0x0040c9f8   0x00000032   Code   RO          773    .text.e2cf_core_can_state_change  e2cf_core.o
    0x0040ca2a   0x0040ca2a   0x00000006   PAD
    0x0040ca30   0x0040ca30   0x000000de   Code   RO          771    .text.e2cf_core_can_txc  e2cf_core.o
    0x0040cb0e   0x0040cb0e   0x00000002   PAD
    0x0040cb10   0x0040cb10   0x000000b8   Code   RO          787    .text.e2cf_core_dump_stats  e2cf_core.o
    0x0040cbc8   0x0040cbc8   0x000006f8   Code   RO          777    .text.e2cf_core_eth_frame  e2cf_core.o
    0x0040d2c0   0x0040d2c0   0x000000d0   Code   RO          779    .text.e2cf_core_init  e2cf_core.o
    0x0040d390   0x0040d390   0x000005c4   Code   RO          781    .text.e2cf_core_poll  e2cf_core.o
    0x0040d954   0x0040d954   0x00000004   PAD
    0x0040d958   0x0040d958   0x00000100   Code   RO          811    .text.eth_callback  eth_raw.o
    0x0040da58   0x0040da58   0x00000012   Code   RO          831    .text.eth_raw_clear_stats  eth_raw.o
    0x0040da6a   0x0040da6a   0x00000006   PAD
    0x0040da70   0x0040da70   0x00000066   Code   RO          827    .text.eth_raw_dump_stats  eth_raw.o
    0x0040dad6   0x0040dad6   0x00000002   PAD
    0x0040dad8   0x0040dad8   0x0000001e   Code   RO          829    .text.eth_raw_get_stats  eth_raw.o
    0x0040daf6   0x0040daf6   0x00000002   PAD
    0x0040daf8   0x0040daf8   0x000002d8   Code   RO          805    .text.eth_raw_init  eth_raw.o
    0x0040ddd0   0x0040ddd0   0x0000000c   Code   RO          815    .text.eth_raw_link_up  eth_raw.o
    0x0040dddc   0x0040dddc   0x00000004   PAD
    0x0040dde0   0x0040dde0   0x0000000c   Code   RO          825    .text.eth_raw_mac   eth_raw.o
    0x0040ddec   0x0040ddec   0x00000004   PAD
    0x0040ddf0   0x0040ddf0   0x00000170   Code   RO          813    .text.eth_raw_poll_link  eth_raw.o
    0x0040df60   0x0040df60   0x00000076   Code   RO          817    .text.eth_raw_send  eth_raw.o
    0x0040dfd6   0x0040dfd6   0x00000002   PAD
    0x0040dfd8   0x0040dfd8   0x0000000c   Code   RO          821    .text.eth_raw_tx_completed  eth_raw.o
    0x0040dfe4   0x0040dfe4   0x00000004   PAD
    0x0040dfe8   0x0040dfe8   0x0000001a   Code   RO          823    .text.eth_raw_tx_inflight  eth_raw.o
    0x0040e002   0x0040e002   0x00000006   PAD
    0x0040e008   0x0040e008   0x0000000c   Code   RO          819    .text.eth_raw_tx_submitted  eth_raw.o
    0x0040e014   0x0040e014   0x00000004   PAD
    0x0040e018   0x0040e018   0x0000021c   Code   RO          807    .text.eth_rx_alloc  eth_raw.o
    0x0040e234   0x0040e234   0x00000004   PAD
    0x0040e238   0x0040e238   0x00000036   Code   RO          809    .text.eth_rx_free   eth_raw.o
    0x0040e26e   0x0040e26e   0x00000002   PAD
    0x0040e270   0x0040e270   0x000000ee   Code   RO          783    .text.face_reclaim  e2cf_core.o
    0x0040e35e   0x0040e35e   0x00000002   PAD
    0x0040e360   0x0040e360   0x000000b8   Code   RO          886    .text.fault_log_hardfault  main.o
    0x0040e418   0x0040e418   0x000000c8   Code   RO          789    .text.frame_send    e2cf_core.o
    0x0040e4e0   0x0040e4e0   0x00000004   Code   RO         1450    .text.fsl_assert_hook  fsl_assert.o
    0x0040e4e4   0x0040e4e4   0x00000004   PAD
    0x0040e4e8   0x0040e4e8   0x0000003c   Code   RO          873    .text.gw_now_ns     gw_time.o
    0x0040e524   0x0040e524   0x00000004   PAD
    0x0040e528   0x0040e528   0x00000070   Code   RO          850    .text.gw_prof_add   gw_prof.o
    0x0040e598   0x0040e598   0x000009b6   Code   RO          854    .text.gw_prof_clear  gw_prof.o
    0x0040ef4e   0x0040ef4e   0x00000002   PAD
    0x0040ef50   0x0040ef50   0x00000780   Code   RO          852    .text.gw_prof_dump  gw_prof.o
    0x0040f6d0   0x0040f6d0   0x00000032   Code   RO          867    .text.gw_time_init  gw_time.o
    0x0040f702   0x0040f702   0x00000006   PAD
    0x0040f708   0x0040f708   0x0000002c   Code   RO          869    .text.gw_time_track_wrap  gw_time.o
    0x0040f734   0x0040f734   0x00000004   PAD
    0x0040f738   0x0040f738   0x00000076   Code   RO          726    .text.len_to_dlc    can_hw.o
    0x0040f7ae   0x0040f7ae   0x00000002   PAD
    0x0040f7b0   0x0040f7b0   0x000001b0   Code   RO          890    .text.main          main.o
    0x0040f960   0x0040f960   0x00000132   Code   RO          775    .text.send_immediate  e2cf_core.o
    0x0040fa92   0x0040fa92   0x00000006   PAD
    0x0040fa98   0x0040fa98   0x000000d8   Code   RO          957  * InRoot$$Sections    startup_mcxe31b.o
    0x0040fb70   0x0040fb70   0x00000034   Code   RO         1727    i.__0snprintf       mc_w.l(printfa.o)
    0x0040fba4   0x0040fba4   0x00000034   Code   RO         1731    i.__0vsnprintf      mc_w.l(printfa.o)
    0x0040fbd8   0x0040fbd8   0x0000000e   Code   RO         1880    i.__scatterload_copy  mc_w.l(handlers.o)
    0x0040fbe6   0x0040fbe6   0x00000002   Code   RO         1881    i.__scatterload_null  mc_w.l(handlers.o)
    0x0040fbe8   0x0040fbe8   0x0000000e   Code   RO         1882    i.__scatterload_zeroinit  mc_w.l(handlers.o)
    0x0040fbf6   0x0040fbf6   0x00000002   PAD
    0x0040fbf8   0x0040fbf8   0x00000184   Code   RO         1733    i._fp_digits        mc_w.l(printfa.o)
    0x0040fd7c   0x0040fd7c   0x000006dc   Code   RO         1734    i._printf_core      mc_w.l(printfa.o)
    0x00410458   0x00410458   0x00000024   Code   RO         1735    i._printf_post_padding  mc_w.l(printfa.o)
    0x0041047c   0x0041047c   0x0000002e   Code   RO         1736    i._printf_pre_padding  mc_w.l(printfa.o)
    0x004104aa   0x004104aa   0x00000016   Code   RO         1737    i._snputc           mc_w.l(printfa.o)
    0x004104c0   0x004104c0   0x0000006c   Data   RO           75    .rodata..L__const.BOARD_InitDEBUG_UARTPins.BOARD_INITDEBUG_UARTPINS_PTE14  pin_mux.o
    0x0041052c   0x0041052c   0x0000006c   Data   RO           74    .rodata..L__const.BOARD_InitDEBUG_UARTPins.BOARD_INITDEBUG_UARTPINS_PTE3  pin_mux.o
    0x00410598   0x00410598   0x0000006c   Data   RO           98    .rodata..L__const.BOARD_InitEMACPins.BOARD_INITEMACPINS_ENET_PHY_RST  pin_mux.o
    0x00410604   0x00410604   0x0000006c   Data   RO           90    .rodata..L__const.BOARD_InitEMACPins.BOARD_INITEMACPINS_PTB4  pin_mux.o
    0x00410670   0x00410670   0x0000006c   Data   RO           91    .rodata..L__const.BOARD_InitEMACPins.BOARD_INITEMACPINS_PTB5  pin_mux.o
    0x004106dc   0x004106dc   0x0000006c   Data   RO           97    .rodata..L__const.BOARD_InitEMACPins.BOARD_INITEMACPINS_PTC0  pin_mux.o
    0x00410748   0x00410748   0x0000006c   Data   RO           96    .rodata..L__const.BOARD_InitEMACPins.BOARD_INITEMACPINS_PTC1  pin_mux.o
    0x004107b4   0x004107b4   0x0000006c   Data   RO           95    .rodata..L__const.BOARD_InitEMACPins.BOARD_INITEMACPINS_PTC17  pin_mux.o
    0x00410820   0x00410820   0x0000006c   Data   RO           92    .rodata..L__const.BOARD_InitEMACPins.BOARD_INITEMACPINS_PTC2  pin_mux.o
    0x0041088c   0x0041088c   0x0000006c   Data   RO           99    .rodata..L__const.BOARD_InitEMACPins.BOARD_INITEMACPINS_PTD11  pin_mux.o
    0x004108f8   0x004108f8   0x0000006c   Data   RO           94    .rodata..L__const.BOARD_InitEMACPins.BOARD_INITEMACPINS_PTD12  pin_mux.o
    0x00410964   0x00410964   0x0000006c   Data   RO           93    .rodata..L__const.BOARD_InitEMACPins.BOARD_INITEMACPINS_PTD7  pin_mux.o
    0x004109d0   0x004109d0   0x0000006c   Data   RO           80    .rodata..L__const.BOARD_InitFlexCANPins.BOARD_INITFLEXCANPINS_PTA11  pin_mux.o
    0x00410a3c   0x00410a3c   0x0000006c   Data   RO           81    .rodata..L__const.BOARD_InitFlexCANPins.BOARD_INITFLEXCANPINS_PTA12  pin_mux.o
    0x00410aa8   0x00410aa8   0x0000006c   Data   RO           79    .rodata..L__const.BOARD_InitFlexCANPins.BOARD_INITFLEXCANPINS_PTA6  pin_mux.o
    0x00410b14   0x00410b14   0x0000006c   Data   RO           78    .rodata..L__const.BOARD_InitFlexCANPins.BOARD_INITFLEXCANPINS_PTA7  pin_mux.o
    0x00410b80   0x00410b80   0x0000006c   Data   RO           89    .rodata..L__const.BOARD_InitFlexCANPins.BOARD_INITFLEXCANPINS_PTC26  pin_mux.o
    0x00410bec   0x00410bec   0x0000006c   Data   RO           88    .rodata..L__const.BOARD_InitFlexCANPins.BOARD_INITFLEXCANPINS_PTC27  pin_mux.o
    0x00410c58   0x00410c58   0x0000006c   Data   RO           84    .rodata..L__const.BOARD_InitFlexCANPins.BOARD_INITFLEXCANPINS_PTC28  pin_mux.o
    0x00410cc4   0x00410cc4   0x0000006c   Data   RO           85    .rodata..L__const.BOARD_InitFlexCANPins.BOARD_INITFLEXCANPINS_PTC29  pin_mux.o
    0x00410d30   0x00410d30   0x0000006c   Data   RO           86    .rodata..L__const.BOARD_InitFlexCANPins.BOARD_INITFLEXCANPINS_PTC30  pin_mux.o
    0x00410d9c   0x00410d9c   0x0000006c   Data   RO           87    .rodata..L__const.BOARD_InitFlexCANPins.BOARD_INITFLEXCANPINS_PTC31  pin_mux.o
    0x00410e08   0x00410e08   0x0000006c   Data   RO           82    .rodata..L__const.BOARD_InitFlexCANPins.BOARD_INITFLEXCANPINS_PTE24  pin_mux.o
    0x00410e74   0x00410e74   0x0000006c   Data   RO           83    .rodata..L__const.BOARD_InitFlexCANPins.BOARD_INITFLEXCANPINS_PTE25  pin_mux.o
    0x00410ee0   0x00410ee0   0x00000004   Data   RO          107    .rodata.LC_Config   boot_header.o
    0x00410ee4   0x00410ee4   0x00000010   Data   RO          524    .rodata.cst16       fsl_flexcan.o
    0x00410ef4   0x00410ef4   0x0000000c   Data   RO           30    .rodata.g_fxoscConfig_BOARD_BootClockRUN  clock_config.o
    0x00410f00   0x00410f00   0x0000000c   Data   RO           32    .rodata.g_pcfsConfig_BOARD_BootClockRUN  clock_config.o
    0x00410f0c   0x00410f0c   0x0000000e   Data   RO           31    .rodata.g_pllConfig_BOARD_BootClockRUN  clock_config.o
    0x00410f1a   0x00410f1a   0x00000002   PAD
    0x00410f1c   0x00410f1c   0x00000030   Data   RO          941    .rodata.phylan8741_ops  fsl_phylan8741.o
    0x00410f4c   0x00410f4c   0x00000040   Data   RO          127    .rodata.s_LpuartAdapterBase  fsl_adapter_lpuart.o
    0x00410f8c   0x00410f8c   0x00000018   Data   RO          518    .rodata.s_flexcanBases  fsl_flexcan.o
    0x00410fa4   0x00410fa4   0x00000018   Data   RO          519    .rodata.s_flexcanClock  fsl_flexcan.o
    0x00410fbc   0x00410fbc   0x00000006   Data   RO          794    .rodata.s_hb_mcast  e2cf_core.o
    0x00410fc2   0x00410fc2   0x00000002   PAD
    0x00410fc4   0x00410fc4   0x00000040   Data   RO          595    .rodata.s_lpuartClock  fsl_lpuart.o
    0x00411004   0x00411004   0x00000048   Data   RO          858    .rodata.s_meta      gw_prof.o
    0x0041104c   0x0041104c   0x00000048   Data   RO          731    .rodata.s_plan      can_hw.o
    0x00411094   0x00411094   0x0000009a   Data   RO          126    .rodata.str1.1      fsl_adapter_lpuart.o
    0x0041112e   0x0041112e   0x0000001e   Data   RO          233    .rodata.str1.1      fsl_clock.o
    0x0041114c   0x0041114c   0x00000019   Data   RO          261    .rodata.str1.1      fsl_common_arm.o
    0x00411165   0x00411165   0x00000118   Data   RO          377    .rodata.str1.1      fsl_enet_qos.o
    0x0041127d   0x0041127d   0x00000511   Data   RO          517    .rodata.str1.1      fsl_flexcan.o
    0x0041178e   0x0041178e   0x00000114   Data   RO          594    .rodata.str1.1      fsl_lpuart.o
    0x004118a2   0x004118a2   0x0000002f   Data   RO          655    .rodata.str1.1      fsl_siul2.o
    0x004118d1   0x004118d1   0x00000090   Data   RO          732    .rodata.str1.1      can_hw.o
    0x00411961   0x00411961   0x00000049   Data   RO          756    .rodata.str1.1      dbg_log.o
    0x004119aa   0x004119aa   0x000000b2   Data   RO          792    .rodata.str1.1      e2cf_core.o
    0x00411a5c   0x00411a5c   0x0000006e   Data   RO          838    .rodata.str1.1      eth_raw.o
    0x00411aca   0x00411aca   0x00000157   Data   RO          857    .rodata.str1.1      gw_prof.o
    0x00411c21   0x00411c21   0x00000132   Data   RO          893    .rodata.str1.1      main.o
    0x00411d53   0x00411d53   0x00000026   Data   RO          907    .rodata.str1.1      fsl_silicon_id.o
    0x00411d79   0x00411d79   0x00000050   Data   RO          942    .rodata.str1.1      fsl_phylan8741.o
    0x00411dc9   0x00411dc9   0x00000003   PAD
    0x00411dcc   0x00411dcc   0x00000040   Data   RO         1879    Region$$Table       anon$$obj.o


    Execution Region RW_m_ncache (Exec base: 0x20000000, Load base: 0x00411e48, Size: 0x00003500, Max: 0x00004000, ABSOLUTE)

    Exec Addr    Load Addr    Size         Type   Attr      Idx    E Section Name        Object

    0x20000000        -       0x00003000   Zero   RW          793    .bss.NonCacheable   e2cf_core.o
    0x20003000        -       0x00000500   Zero   RW          834    .bss.NonCacheable   eth_raw.o


    Execution Region RW_m_ncache_unused (Exec base: 0x20003500, Load base: 0x00411e48, Size: 0x00000b00, Max: 0x00000b00, ABSOLUTE)

    Exec Addr    Load Addr    Size         Type   Attr      Idx    E Section Name        Object

    0x20003500        -       0x00000b00   Zero   RW            2    RW_m_ncache_unused.bss  anon$$obj.o


    Execution Region ER_m_QuickAccessData (Exec base: 0x20004000, Load base: 0x00411e48, Size: 0x00000000, Max: 0x00014000, ABSOLUTE)

    **** No section assigned to this execution region ****


    Execution Region RW_m_data (Exec base: 0x20408000, Load base: 0x00411e80, Size: 0x00013080, Max: 0x00045c00, ABSOLUTE)

    Exec Addr    Load Addr    Size         Type   Attr      Idx    E Section Name        Object

    0x20408000   0x00411e80   0x00000014   Data   RW          525    .data..L_MergedGlobals  fsl_flexcan.o
    0x20408014   0x00411e94   0x00000008   Data   RW          757    .data..L_MergedGlobals  dbg_log.o
    0x2040801c   0x00411e9c   0x00000002   Data   RW          840    .data..L_MergedGlobals  eth_raw.o
    0x2040801e   0x00411e9e   0x00000002   PAD
    0x20408020   0x00411ea0   0x00000004   Data   RW          142    .data.SystemCoreClock  system_mcxe31b.o
    0x20408024   0x00411ea4   0x00000006   Data   RW          833    .data.eth_raw_init.hb_mcast  eth_raw.o
    0x2040802a   0x00411eaa   0x00000002   PAD
    0x2040802c   0x00411eac   0x00000040   Data   RW          593    .data.s_lpuartIsr   fsl_lpuart.o
    0x2040806c   0x00411eec   0x00000014   PAD
    0x20408080        -       0x0000000c   Zero   RW          234    .bss..L_MergedGlobals  fsl_clock.o
    0x2040808c        -       0x00000008   Zero   RW          378    .bss..L_MergedGlobals  fsl_enet_qos.o
    0x20408094        -       0x00000008   Zero   RW          657    .bss..L_MergedGlobals  fsl_siul2.o
    0x2040809c        -       0x00000008   Zero   RW          733    .bss..L_MergedGlobals  can_hw.o
    0x204080a4   0x00411eec   0x00000004   PAD
    0x204080a8        -       0x00000068   Zero   RW          795    .bss..L_MergedGlobals  e2cf_core.o
    0x20408110        -       0x00000008   Zero   RW          875    .bss..L_MergedGlobals  gw_time.o
    0x20408118        -       0x00000064   Zero   RW          796    .bss..L_MergedGlobals.11  e2cf_core.o
    0x2040817c        -       0x00000054   Zero   RW          841    .bss..L_MergedGlobals.16  eth_raw.o
    0x204081d0        -       0x00000010   Zero   RW          758    .bss..L_MergedGlobals.5  dbg_log.o
    0x204081e0        -       0x00000001   Zero   RW          755    .bss.dbg_log_console_poll.s_mask_idx  dbg_log.o
    0x204081e1   0x00411eec   0x00000003   PAD
    0x204081e4        -       0x00000008   Zero   RW           53    .bss.g_phy_resource  hardware_init.o
    0x204081ec        -       0x000000b6   Zero   RW          791    .bss.s_cfg_cache    e2cf_core.o
    0x204082a2   0x00411eec   0x00000002   PAD
    0x204082a4        -       0x00002118   Zero   RW          730    .bss.s_ch           can_hw.o
    0x2040a3bc        -       0x00000014   Zero   RW         1441    .bss.s_debugConsole  fsl_debug_console.o
    0x2040a3d0        -       0x00000018   Zero   RW          520    .bss.s_flexcanHandle  fsl_flexcan.o
    0x2040a3e8        -       0x000000a8   Zero   RW          837    .bss.s_handle       eth_raw.o
    0x2040a490        -       0x00000040   Zero   RW          596    .bss.s_lpuartHandle  fsl_lpuart.o
    0x2040a4d0        -       0x00000004   Zero   RW          892    .bss.s_ms           main.o
    0x2040a4d4   0x00411eec   0x00000004   PAD
    0x2040a4d8        -       0x000024d8   Zero   RW          856    .bss.s_prof         gw_prof.o
    0x2040c9b0        -       0x00002000   Zero   RW          754    .bss.s_ring         dbg_log.o
    0x2040e9b0   0x00411eec   0x00000010   PAD
    0x2040e9c0        -       0x0000c000   Zero   RW          839    .bss.s_rx_buff      eth_raw.o
    0x2041a9c0        -       0x00000040   Zero   RW          836    .bss.s_rx_buffer_start_addr  eth_raw.o
    0x2041aa00        -       0x00000080   Zero   RW          656    .bss.s_siul2Callback  fsl_siul2.o
    0x2041aa80        -       0x00000600   Zero   RW          835    .bss.s_tx_dirty     eth_raw.o


    Execution Region ARM_LIB_HEAP (Exec base: 0x2041b080, Load base: 0x00411f00, Size: 0x00000400, Max: 0x00000400, ABSOLUTE)

    Exec Addr    Load Addr    Size         Type   Attr      Idx    E Section Name        Object

    0x2041b080        -       0x00000400   Zero   RW            3    ARM_LIB_HEAP.bss    anon$$obj.o


    Execution Region ARM_LIB_STACK (Exec base: 0x2044e000, Load base: 0x00411f00, Size: 0x00002000, Max: 0x00002000, ABSOLUTE)

    Exec Addr    Load Addr    Size         Type   Attr      Idx    E Section Name        Object

    0x2044e000        -       0x00002000   Zero   RW            4    ARM_LIB_STACK.bss   anon$$obj.o


==============================================================================

Image component sizes


      Code (inc. data)   RO Data    RW Data    ZI Data      Debug   Object Name

       966          0          0          0          0      10510   board.o
         0          0        260          0          0       1022   boot_header.o
      7254        348        216          0       8480      40624   can_hw.o
       422         52         38          0          0       9731   clock_config.o
       788        120         73          8       8209       5076   dbg_log.o
      5690        324        184          0      12674      26419   e2cf_core.o
      2288        208        110          8      52284      34619   eth_raw.o
       476         20        218          0          0       7073   fsl_adapter_lpuart.o
        96         44          0          0          0       1318   fsl_assert.o
        96          0          0          0          0       6332   fsl_cache.o
      4664        414         30          0         12      31108   fsl_clock.o
        88         20         25          0          0       2134   fsl_common_arm.o
      1516        148          0          0         20      13447   fsl_debug_console.o
     10426         92        280          0          8     101676   fsl_enet_qos.o
      9482        352       1361         20         24     116631   fsl_flexcan.o
      2072         92        340         64         64      46963   fsl_lpuart.o
       160          0          0          0          0        785   fsl_memcpy.o
       976         96        128          0          0       7030   fsl_phylan8741.o
        84         12         38          0          0       1983   fsl_silicon_id.o
       120          0          0          0          0       1581   fsl_silicon_id_soc.o
      1208         84         47          0        136      28169   fsl_siul2.o
      4518         84        415          0       9432      16247   gw_prof.o
       154          0          0          0          8       2927   gw_time.o
       300          0          0          0          8      22115   hardware_init.o
       654        248        306          0          4       8900   main.o
       612          0       2592          0          0       7903   pin_mux.o
      1158         32        936          0          0      19599   startup_mcxe31b.o
       320          0          0          4          0       6304   system_mcxe31b.o

    ----------------------------------------------------------------------
     57856       2874       7668        108     103532     578226   Object Totals
         0          0         64          0      12120          0   (incl. Generated)
      1268         84          7          4         49          0   (incl. Padding)

    ----------------------------------------------------------------------

      Code (inc. data)   RO Data    RW Data    ZI Data      Debug   Library Member Name

         0          0          0          0          0          0   entry.o
         0          0          0          0          0          0   entry10a.o
         0          0          0          0          0          0   entry11a.o
         8          4          0          0          0          0   entry4.o
         4          0          0          0          0          0   entry5.o
         0          0          0          0          0          0   entry7b.o
         0          0          0          0          0          0   entry8b.o
         8          4          0          0          0          0   entry9a.o
        30          0          0          0          0          0   handlers.o
        48         10          0          0          0         68   init.o
         0          0          0          0          0          0   iusefp.o
        30          0          0          0          0         68   llshl.o
        36          0          0          0          0         68   llsshr.o
        32          0          0          0          0         68   llushr.o
        36          0          0          0          0         68   memcpya.o
        18          0          0          0          0         76   memset.o
      2352         90          0          0          0        604   printfa.o
        14          0          0          0          0         68   strlen.o
        44          0          0          0          0         80   uidiv.o
        98          0          0          0          0         92   uldiv.o
        48          0          0          0          0         68   cdrcmple.o
       334          0          0          0          0        148   dadd.o
       222          0          0          0          0        100   ddiv.o
       186          0          0          0          0        176   depilogue.o
        48          0          0          0          0         68   dfixul.o
       228          0          0          0          0         96   dmul.o

    ----------------------------------------------------------------------
      3832        108          0          0          0       1916   Library Totals
         8          0          0          0          0          0   (incl. Padding)

    ----------------------------------------------------------------------

      Code (inc. data)   RO Data    RW Data    ZI Data      Debug   Library Name

      2758        108          0          0          0       1260   mc_w.l
      1066          0          0          0          0        656   mf_w.l

    ----------------------------------------------------------------------
      3832        108          0          0          0       1916   Library Totals

    ----------------------------------------------------------------------

==============================================================================


      Code (inc. data)   RO Data    RW Data    ZI Data      Debug   

     61688       2982       7668        108     103532     578858   Grand Totals
     61688       2982       7668        108     103532     578858   ELF Image Totals
     61688       2982       7668        108          0          0   ROM Totals

==============================================================================

    Total RO  Size (Code + RO Data)                69356 (  67.73kB)
    Total RW  Size (RW Data + ZI Data)            103640 ( 101.21kB)
    Total ROM Size (Code + RO Data + RW Data)      69464 (  67.84kB)

==============================================================================

